<html>
<body>
<pre>
<h1>µVision Build Log</h1>
<h2>Tool Versions:</h2>
IDE-Version: ÂµVision V5.38.0.0
Copyright (C) 2022 ARM Ltd and ARM Germany GmbH. All rights reserved.
License Information: Sun Liangyu, SouthWest University, LIC=585FJ-UQDEL-QD4KD-8H7KG-6BJKZ-9EEWH
 
Tool Versions:
Toolchain:       MDK-ARM Plus  Version: 5.38.0.0
Toolchain Path:  C:\Keil_v5\ARM\ARMCC\Bin
C Compiler:      Armcc.exe V5.06 update 6 (build 750)
Assembler:       Armasm.exe V5.06 update 6 (build 750)
Linker/Locator:  ArmLink.exe V5.06 update 6 (build 750)
Library Manager: ArmAr.exe V5.06 update 6 (build 750)
Hex Converter:   FromElf.exe V5.06 update 6 (build 750)
CPU DLL:         SARMCM3.DLL V5.38.0.0
Dialog DLL:      DCM.DLL V1.17.5.0
Target DLL:      CMSIS_AGDI.dll V1.33.15.0
Dialog DLL:      TCM.DLL V1.56.4.0
 
<h2>Project:</h2>
C:\Users\16212\Documents\dir_en\Fly Files\LearningFiles\SelfStudy\Projects\smart_car_for_UNEDC\project\smart_car_for_UNEDC\MDK-ARM\smart_car_for_UNEDC.uvprojx
Project File Date:  07/21/2023

<h2>Output:</h2>
*** Using Compiler 'V5.06 update 6 (build 750)', folder: 'C:\Keil_v5\ARM\ARMCC\Bin'
Rebuild target 'smart_car_for_UNEDC'
Note: source file '../Core/Src/system_stm32f1xx.c' - object file renamed from 'smart_car_for_UNEDC\system_stm32f1xx.o' to 'smart_car_for_UNEDC\system_stm32f1xx_1.o'.
assembling startup_stm32f103xe.s...
compiling stm32f1xx_hal_rcc_ex.c...
compiling stm32f1xx_hal_gpio.c...
compiling usart.c...
compiling gpio.c...
compiling tim.c...
compiling dma.c...
compiling stm32f1xx_hal_msp.c...
compiling stm32f1xx_hal.c...
compiling main.c...
compiling stm32f1xx_hal_gpio_ex.c...
compiling stm32f1xx_it.c...
compiling stm32f1xx_hal_dma.c...
compiling stm32f1xx_hal_rcc.c...
compiling stm32f1xx_hal_tim_ex.c...
compiling ring.c...
compiling stm32f1xx_hal_tim.c...
compiling list.c...
compiling stm32f1xx_hal_flash.c...
compiling stm32f1xx_hal_flash_ex.c...
compiling stm32f1xx_hal_cortex.c...
compiling motor.c...
compiling receive.c...
compiling stm32f1xx_hal_pwr.c...
compiling system_stm32f1xx.c...
compiling stm32f1xx_hal_exti.c...
compiling transmit.c...
compiling debug.c...
compiling encoder.c...
../Components/Inc/encoder.h(24): warning:  #1-D: last line of file ends without a newline
  #endif
..\Components\Src\encoder.c: 1 warning, 0 errors
compiling control.c...
../Components/Inc/encoder.h(24): warning:  #1-D: last line of file ends without a newline
  #endif
..\Components\Src\control.c(79): warning:  #177-D: variable "motor_location_set"  was declared but never referenced
  static float motor_location_set = 0.0f; // ï¿½ï¿½ï¿½ï¿½ï¿½ï¿½ï¿½ï¿½ï¿½ï¿½ï¿½ï¿½ï¿½ï¿½ï¿½ï¿½ï¿½ï¿½ï¿½ï¿½ï¿½ï¿½
..\Components\Src\control.c: 2 warnings, 0 errors
compiling pid.c...
compiling task_process.c...
..\System\Inc\timesilce_task.h(40): warning:  #1-D: last line of file ends without a newline
  #endif
..\System\Src\task_process.c: 1 warning, 0 errors
compiling timesilce_task.c...
..\System\Inc\timesilce_task.h(40): warning:  #1-D: last line of file ends without a newline
  #endif
..\System\Src\timesilce_task.c: 1 warning, 0 errors
compiling stm32f1xx_hal_uart.c...
linking...
Program Size: Code=24900 RO-data=532 RW-data=176 ZI-data=3904  
FromELF: creating hex file...
"smart_car_for_UNEDC\smart_car_for_UNEDC.axf" - 0 Error(s), 5 Warning(s).

<h2>Software Packages used:</h2>

Package Vendor: ARM
                http://www.keil.com/pack/ARM.CMSIS.5.9.0.pack
                ARM.CMSIS.5.9.0
                CMSIS (Common Microcontroller Software Interface Standard)
   * Component: CORE Version: 5.6.0

Package Vendor: Keil
                http://www.keil.com/pack/Keil.STM32F1xx_DFP.2.4.0.pack
                Keil.STM32F1xx_DFP.2.4.0
                STMicroelectronics STM32F1 Series Device Support, Drivers and Examples

<h2>Collection of Component include folders:</h2>
  ./RTE/_smart_car_for_UNEDC
  C:/Users/16212/AppData/Local/Arm/Packs/ARM/CMSIS/5.9.0/CMSIS/Core/Include
  C:/Users/16212/AppData/Local/Arm/Packs/Keil/STM32F1xx_DFP/2.4.0/Device/Include

<h2>Collection of Component Files used:</h2>

   * Component: ARM::CMSIS:CORE:5.6.0
      Include file:  CMSIS/Core/Include/tz_context.h
Build Time Elapsed:  00:00:06
</pre>
</body>
</html>
