Component: ARM Compiler 5.06 update 6 (build 750) Tool: armlink [4d35ed]

==============================================================================

Section Cross References

    startup_stm32f103xe.o(RESET) refers to startup_stm32f103xe.o(STACK) for __initial_sp
    startup_stm32f103xe.o(RESET) refers to startup_stm32f103xe.o(.text) for Reset_Handler
    startup_stm32f103xe.o(RESET) refers to stm32f1xx_it.o(i.NMI_Handler) for NMI_Handler
    startup_stm32f103xe.o(RESET) refers to stm32f1xx_it.o(i.HardFault_Handler) for HardFault_Handler
    startup_stm32f103xe.o(RESET) refers to stm32f1xx_it.o(i.MemManage_Handler) for MemManage_Handler
    startup_stm32f103xe.o(RESET) refers to stm32f1xx_it.o(i.BusFault_Handler) for BusFault_Handler
    startup_stm32f103xe.o(RESET) refers to stm32f1xx_it.o(i.UsageFault_Handler) for UsageFault_Handler
    startup_stm32f103xe.o(RESET) refers to stm32f1xx_it.o(i.SVC_Handler) for SVC_Handler
    startup_stm32f103xe.o(RESET) refers to stm32f1xx_it.o(i.DebugMon_Handler) for DebugMon_Handler
    startup_stm32f103xe.o(RESET) refers to stm32f1xx_it.o(i.PendSV_Handler) for PendSV_Handler
    startup_stm32f103xe.o(RESET) refers to stm32f1xx_it.o(i.SysTick_Handler) for SysTick_Handler
    startup_stm32f103xe.o(RESET) refers to stm32f1xx_it.o(i.DMA1_Channel4_IRQHandler) for DMA1_Channel4_IRQHandler
    startup_stm32f103xe.o(RESET) refers to stm32f1xx_it.o(i.DMA1_Channel5_IRQHandler) for DMA1_Channel5_IRQHandler
    startup_stm32f103xe.o(RESET) refers to stm32f1xx_it.o(i.DMA1_Channel6_IRQHandler) for DMA1_Channel6_IRQHandler
    startup_stm32f103xe.o(RESET) refers to stm32f1xx_it.o(i.USART1_IRQHandler) for USART1_IRQHandler
    startup_stm32f103xe.o(RESET) refers to stm32f1xx_it.o(i.USART2_IRQHandler) for USART2_IRQHandler
    startup_stm32f103xe.o(RESET) refers to stm32f1xx_it.o(i.TIM6_IRQHandler) for TIM6_IRQHandler
    startup_stm32f103xe.o(RESET) refers to stm32f1xx_it.o(i.TIM7_IRQHandler) for TIM7_IRQHandler
    startup_stm32f103xe.o(.text) refers to system_stm32f1xx_1.o(i.SystemInit) for SystemInit
    startup_stm32f103xe.o(.text) refers to entry.o(.ARM.Collect$$$$00000000) for __main
    main.o(i.SystemClock_Config) refers to memseta.o(.text) for __aeabi_memclr4
    main.o(i.SystemClock_Config) refers to stm32f1xx_hal_rcc.o(i.HAL_RCC_OscConfig) for HAL_RCC_OscConfig
    main.o(i.SystemClock_Config) refers to main.o(i.Error_Handler) for Error_Handler
    main.o(i.SystemClock_Config) refers to stm32f1xx_hal_rcc.o(i.HAL_RCC_ClockConfig) for HAL_RCC_ClockConfig
    main.o(i.main) refers to stm32f1xx_hal.o(i.HAL_Init) for HAL_Init
    main.o(i.main) refers to main.o(i.SystemClock_Config) for SystemClock_Config
    main.o(i.main) refers to gpio.o(i.MX_GPIO_Init) for MX_GPIO_Init
    main.o(i.main) refers to dma.o(i.MX_DMA_Init) for MX_DMA_Init
    main.o(i.main) refers to tim.o(i.MX_TIM6_Init) for MX_TIM6_Init
    main.o(i.main) refers to tim.o(i.MX_TIM7_Init) for MX_TIM7_Init
    main.o(i.main) refers to tim.o(i.MX_TIM8_Init) for MX_TIM8_Init
    main.o(i.main) refers to usart.o(i.MX_USART1_UART_Init) for MX_USART1_UART_Init
    main.o(i.main) refers to tim.o(i.MX_TIM4_Init) for MX_TIM4_Init
    main.o(i.main) refers to tim.o(i.MX_TIM3_Init) for MX_TIM3_Init
    main.o(i.main) refers to usart.o(i.MX_USART2_UART_Init) for MX_USART2_UART_Init
    main.o(i.main) refers to stm32f1xx_hal_tim.o(i.HAL_TIM_Encoder_Start) for HAL_TIM_Encoder_Start
    main.o(i.main) refers to stm32f1xx_hal_tim.o(i.HAL_TIM_Base_Start_IT) for HAL_TIM_Base_Start_IT
    main.o(i.main) refers to control.o(i.Control_PID_Init) for Control_PID_Init
    main.o(i.main) refers to receive.o(i.Receive_Init) for Receive_Init
    main.o(i.main) refers to transmit.o(i.Transmit_Init) for Transmit_Init
    main.o(i.main) refers to motor.o(i.Motor_Enable) for Motor_Enable
    main.o(i.main) refers to task_process.o(i.TaskProcess_Init) for TaskProcess_Init
    main.o(i.main) refers to tim.o(.bss) for htim3
    main.o(i.main) refers to usart.o(.bss) for hdma_usart2_rx
    main.o(i.main) refers to receive.o(.bss) for uart_receive_with_K210
    main.o(i.main) refers to transmit.o(.bss) for uart_transmit_for_debug
    gpio.o(i.MX_GPIO_Init) refers to stm32f1xx_hal_gpio.o(i.HAL_GPIO_WritePin) for HAL_GPIO_WritePin
    gpio.o(i.MX_GPIO_Init) refers to stm32f1xx_hal_gpio.o(i.HAL_GPIO_Init) for HAL_GPIO_Init
    dma.o(i.MX_DMA_Init) refers to stm32f1xx_hal_cortex.o(i.HAL_NVIC_SetPriority) for HAL_NVIC_SetPriority
    dma.o(i.MX_DMA_Init) refers to stm32f1xx_hal_cortex.o(i.HAL_NVIC_EnableIRQ) for HAL_NVIC_EnableIRQ
    tim.o(i.HAL_TIM_Base_MspDeInit) refers to stm32f1xx_hal_cortex.o(i.HAL_NVIC_DisableIRQ) for HAL_NVIC_DisableIRQ
    tim.o(i.HAL_TIM_Base_MspInit) refers to stm32f1xx_hal_cortex.o(i.HAL_NVIC_SetPriority) for HAL_NVIC_SetPriority
    tim.o(i.HAL_TIM_Base_MspInit) refers to stm32f1xx_hal_cortex.o(i.HAL_NVIC_EnableIRQ) for HAL_NVIC_EnableIRQ
[...]
    i.HAL_TIM_Base_Init                      0x08002dd4   Section        0  stm32f1xx_hal_tim.o(i.HAL_TIM_Base_Init)
    i.HAL_TIM_Base_MspInit                   0x08002e3c   Section        0  tim.o(i.HAL_TIM_Base_MspInit)
    i.HAL_TIM_Base_Start_IT                  0x08002ee0   Section        0  stm32f1xx_hal_tim.o(i.HAL_TIM_Base_Start_IT)
    i.HAL_TIM_ConfigClockSource              0x08002f70   Section        0  stm32f1xx_hal_tim.o(i.HAL_TIM_ConfigClockSource)
    i.HAL_TIM_Encoder_Init                   0x0800307c   Section        0  stm32f1xx_hal_tim.o(i.HAL_TIM_Encoder_Init)
    i.HAL_TIM_Encoder_MspInit                0x08003140   Section        0  tim.o(i.HAL_TIM_Encoder_MspInit)
    i.HAL_TIM_Encoder_Start                  0x08003224   Section        0  stm32f1xx_hal_tim.o(i.HAL_TIM_Encoder_Start)
    i.HAL_TIM_IC_CaptureCallback             0x080032f0   Section        0  stm32f1xx_hal_tim.o(i.HAL_TIM_IC_CaptureCallback)
    i.HAL_TIM_IRQHandler                     0x080032f2   Section        0  stm32f1xx_hal_tim.o(i.HAL_TIM_IRQHandler)
    i.HAL_TIM_MspPostInit                    0x08003488   Section        0  tim.o(i.HAL_TIM_MspPostInit)
    i.HAL_TIM_OC_DelayElapsedCallback        0x080034e0   Section        0  stm32f1xx_hal_tim.o(i.HAL_TIM_OC_DelayElapsedCallback)
    i.HAL_TIM_PWM_ConfigChannel              0x080034e2   Section        0  stm32f1xx_hal_tim.o(i.HAL_TIM_PWM_ConfigChannel)
    i.HAL_TIM_PWM_Init                       0x080035e6   Section        0  stm32f1xx_hal_tim.o(i.HAL_TIM_PWM_Init)
    i.HAL_TIM_PWM_MspInit                    0x0800364c   Section        0  stm32f1xx_hal_tim.o(i.HAL_TIM_PWM_MspInit)
    i.HAL_TIM_PWM_PulseFinishedCallback      0x0800364e   Section        0  stm32f1xx_hal_tim.o(i.HAL_TIM_PWM_PulseFinishedCallback)
    i.HAL_TIM_PWM_Start                      0x08003650   Section        0  stm32f1xx_hal_tim.o(i.HAL_TIM_PWM_Start)
    i.HAL_TIM_PeriodElapsedCallback          0x08003744   Section        0  task_process.o(i.HAL_TIM_PeriodElapsedCallback)
    i.HAL_TIM_TriggerCallback                0x0800376c   Section        0  stm32f1xx_hal_tim.o(i.HAL_TIM_TriggerCallback)
    i.HAL_UARTEx_ReceiveToIdle_DMA           0x0800376e   Section        0  stm32f1xx_hal_uart.o(i.HAL_UARTEx_ReceiveToIdle_DMA)
    i.HAL_UARTEx_RxEventCallback             0x080037e0   Section        0  receive.o(i.HAL_UARTEx_RxEventCallback)
    i.HAL_UART_ErrorCallback                 0x080038f8   Section        0  stm32f1xx_hal_uart.o(i.HAL_UART_ErrorCallback)
    i.HAL_UART_IRQHandler                    0x080038fc   Section        0  stm32f1xx_hal_uart.o(i.HAL_UART_IRQHandler)
    i.HAL_UART_Init                          0x08003be0   Section        0  stm32f1xx_hal_uart.o(i.HAL_UART_Init)
    i.HAL_UART_MspInit                       0x08003c58   Section        0  usart.o(i.HAL_UART_MspInit)
    i.HAL_UART_RxCpltCallback                0x08003e18   Section        0  stm32f1xx_hal_uart.o(i.HAL_UART_RxCpltCallback)
    i.HAL_UART_RxHalfCpltCallback            0x08003e1a   Section        0  stm32f1xx_hal_uart.o(i.HAL_UART_RxHalfCpltCallback)
    i.HAL_UART_Transmit_DMA                  0x08003e1c   Section        0  stm32f1xx_hal_uart.o(i.HAL_UART_Transmit_DMA)
    i.HAL_UART_TxCpltCallback                0x08003ea8   Section        0  stm32f1xx_hal_uart.o(i.HAL_UART_TxCpltCallback)
    i.HAL_UART_TxHalfCpltCallback            0x08003eac   Section        0  transmit.o(i.HAL_UART_TxHalfCpltCallback)
    i.HardFault_Handler                      0x08003ef4   Section        0  stm32f1xx_it.o(i.HardFault_Handler)
    i.MX_DMA_Init                            0x08003ef8   Section        0  dma.o(i.MX_DMA_Init)
    i.MX_GPIO_Init                           0x08003f4c   Section        0  gpio.o(i.MX_GPIO_Init)
    i.MX_TIM3_Init                           0x08004044   Section        0  tim.o(i.MX_TIM3_Init)
    i.MX_TIM4_Init                           0x080040c4   Section        0  tim.o(i.MX_TIM4_Init)
    i.MX_TIM6_Init                           0x08004178   Section        0  tim.o(i.MX_TIM6_Init)
    i.MX_TIM7_Init                           0x080041c4   Section        0  tim.o(i.MX_TIM7_Init)
    i.MX_TIM8_Init                           0x08004210   Section        0  tim.o(i.MX_TIM8_Init)
    i.MX_USART1_UART_Init                    0x08004294   Section        0  usart.o(i.MX_USART1_UART_Init)
    i.MX_USART2_UART_Init                    0x080042cc   Section        0  usart.o(i.MX_USART2_UART_Init)
    i.MemManage_Handler                      0x08004304   Section        0  stm32f1xx_it.o(i.MemManage_Handler)
    i.Motor_DirSet                           0x08004308   Section        0  motor.o(i.Motor_DirSet)
    i.Motor_DutySet                          0x080043dc   Section        0  motor.o(i.Motor_DutySet)
    i.Motor_Enable                           0x0800440c   Section        0  motor.o(i.Motor_Enable)
    i.Motor_Output                           0x08004480   Section        0  motor.o(i.Motor_Output)
    i.NMI_Handler                            0x080044e8   Section        0  stm32f1xx_it.o(i.NMI_Handler)
    i.PendSV_Handler                         0x080044ec   Section        0  stm32f1xx_it.o(i.PendSV_Handler)
    i.RCC_Delay                              0x080044f0   Section        0  stm32f1xx_hal_rcc.o(i.RCC_Delay)
    RCC_Delay                                0x080044f1   Thumb Code    36  stm32f1xx_hal_rcc.o(i.RCC_Delay)
    i.Receive_FindFirstVaildString           0x08004518   Section        0  receive.o(i.Receive_FindFirstVaildString)
    i.Receive_FlagReset                      0x080046c8   Section        0  receive.o(i.Receive_FlagReset)
    Receive_FlagReset                        0x080046c9   Thumb Code    20  receive.o(i.Receive_FlagReset)
    i.Receive_Init                           0x080046dc   Section        0  receive.o(i.Receive_Init)
    i.SVC_Handler                            0x0800472c   Section        0  stm32f1xx_it.o(i.SVC_Handler)
    i.SysTick_Handler                        0x08004730   Section        0  stm32f1xx_it.o(i.SysTick_Handler)
    i.SystemClock_Config                     0x08004748   Section        0  main.o(i.SystemClock_Config)
    i.SystemInit                             0x080047ae   Section        0  system_stm32f1xx_1.o(i.SystemInit)
    i.TIM6_IRQHandler                        0x080047b0   Section        0  stm32f1xx_it.o(i.TIM6_IRQHandler)
    i.TIM7_IRQHandler                        0x080047c0   Section        0  stm32f1xx_it.o(i.TIM7_IRQHandler)
    i.TIM_Base_SetConfig                     0x080047d0   Section        0  stm32f1xx_hal_tim.o(i.TIM_Base_SetConfig)
    i.TIM_CCxChannelCmd                      0x0800486c   Section        0  stm32f1xx_hal_tim.o(i.TIM_CCxChannelCmd)
    i.TIM_ETR_SetConfig                      0x0800488e   Section        0  stm32f1xx_hal_tim.o(i.TIM_ETR_SetConfig)
    i.TIM_ITRx_SetConfig                     0x080048a4   Section        0  stm32f1xx_hal_tim.o(i.TIM_ITRx_SetConfig)
    TIM_ITRx_SetConfig                       0x080048a5   Thumb Code    18  stm32f1xx_hal_tim.o(i.TIM_ITRx_SetConfig)
    i.TIM_OC1_SetConfig                      0x080048b8   Section        0  stm32f1xx_hal_tim.o(i.TIM_OC1_SetConfig)
    TIM_OC1_SetConfig                        0x080048b9   Thumb Code   104  stm32f1xx_hal_tim.o(i.TIM_OC1_SetConfig)
    i.TIM_OC2_SetConfig                      0x08004928   Section        0  stm32f1xx_hal_tim.o(i.TIM_OC2_SetConfig)
    i.TIM_OC3_SetConfig                      0x080049a4   Section        0  stm32f1xx_hal_tim.o(i.TIM_OC3_SetConfig)
    TIM_OC3_SetConfig                        0x080049a5   Thumb Code   112  stm32f1xx_hal_tim.o(i.TIM_OC3_SetConfig)
    i.TIM_OC4_SetConfig                      0x08004a1c   Section        0  stm32f1xx_hal_tim.o(i.TIM_OC4_SetConfig)
    TIM_OC4_SetConfig                        0x08004a1d   Thumb Code    74  stm32f1xx_hal_tim.o(i.TIM_OC4_SetConfig)
    i.TIM_TI1_ConfigInputStage               0x08004a70   Section        0  stm32f1xx_hal_tim.o(i.TIM_TI1_ConfigInputStage)
    TIM_TI1_ConfigInputStage                 0x08004a71   Thumb Code    38  stm32f1xx_hal_tim.o(i.TIM_TI1_ConfigInputStage)
    i.TIM_TI2_ConfigInputStage               0x08004a96   Section        0  stm32f1xx_hal_tim.o(i.TIM_TI2_ConfigInputStage)
    TIM_TI2_ConfigInputStage                 0x08004a97   Thumb Code    40  stm32f1xx_hal_tim.o(i.TIM_TI2_ConfigInputStage)
    i.TaskProcess_Init                       0x08004ac0   Section        0  task_process.o(i.TaskProcess_Init)
    i.Transmit_Init                          0x08004b14   Section        0  transmit.o(i.Transmit_Init)
    i.Transmit_Send                          0x08004b54   Section        0  transmit.o(i.Transmit_Send)
    Transmit_Send                            0x08004b55   Thumb Code   138  transmit.o(i.Transmit_Send)
    i.Transmit_printf                        0x08004bde   Section        0  transmit.o(i.Transmit_printf)
    i.UART_DMAAbortOnError                   0x08004c2e   Section        0  stm32f1xx_hal_uart.o(i.UART_DMAAbortOnError)
    UART_DMAAbortOnError                     0x08004c2f   Thumb Code    20  stm32f1xx_hal_uart.o(i.UART_DMAAbortOnError)
    i.UART_DMAError                          0x08004c42   Section        0  stm32f1xx_hal_uart.o(i.UART_DMAError)
    UART_DMAError                            0x08004c43   Thumb Code    80  stm32f1xx_hal_uart.o(i.UART_DMAError)
    i.UART_DMAReceiveCplt                    0x08004c92   Section        0  stm32f1xx_hal_uart.o(i.UART_DMAReceiveCplt)
    UART_DMAReceiveCplt                      0x08004c93   Thumb Code   180  stm32f1xx_hal_uart.o(i.UART_DMAReceiveCplt)
    i.UART_DMARxHalfCplt                     0x08004d46   Section        0  stm32f1xx_hal_uart.o(i.UART_DMARxHalfCplt)
    UART_DMARxHalfCplt                       0x08004d47   Thumb Code    36  stm32f1xx_hal_uart.o(i.UART_DMARxHalfCplt)
    i.UART_DMATransmitCplt                   0x08004d6a   Section        0  stm32f1xx_hal_uart.o(i.UART_DMATransmitCplt)
    UART_DMATransmitCplt                     0x08004d6b   Thumb Code    88  stm32f1xx_hal_uart.o(i.UART_DMATransmitCplt)
    i.UART_DMATxHalfCplt                     0x08004dc2   Section        0  stm32f1xx_hal_uart.o(i.UART_DMATxHalfCplt)
    UART_DMATxHalfCplt                       0x08004dc3   Thumb Code    14  stm32f1xx_hal_uart.o(i.UART_DMATxHalfCplt)
    i.UART_EndRxTransfer                     0x08004dd0   Section        0  stm32f1xx_hal_uart.o(i.UART_EndRxTransfer)
    UART_EndRxTransfer                       0x08004dd1   Thumb Code   108  stm32f1xx_hal_uart.o(i.UART_EndRxTransfer)
    i.UART_EndTransmit_IT                    0x08004e3c   Section        0  stm32f1xx_hal_uart.o(i.UART_EndTransmit_IT)
    UART_EndTransmit_IT                      0x08004e3d   Thumb Code    32  stm32f1xx_hal_uart.o(i.UART_EndTransmit_IT)
    i.UART_EndTxTransfer                     0x08004e5c   Section        0  stm32f1xx_hal_uart.o(i.UART_EndTxTransfer)
    UART_EndTxTransfer                       0x08004e5d   Thumb Code    38  stm32f1xx_hal_uart.o(i.UART_EndTxTransfer)
    i.UART_Receive_IT                        0x08004e82   Section        0  stm32f1xx_hal_uart.o(i.UART_Receive_IT)
    UART_Receive_IT                          0x08004e83   Thumb Code   252  stm32f1xx_hal_uart.o(i.UART_Receive_IT)
    i.UART_SetConfig                         0x08004f80   Section        0  stm32f1xx_hal_uart.o(i.UART_SetConfig)
    UART_SetConfig                           0x08004f81   Thumb Code   248  stm32f1xx_hal_uart.o(i.UART_SetConfig)
    i.UART_Start_Receive_DMA                 0x0800507c   Section        0  stm32f1xx_hal_uart.o(i.UART_Start_Receive_DMA)
    i.UART_Transmit_IT                       0x08005144   Section        0  stm32f1xx_hal_uart.o(i.UART_Transmit_IT)
    UART_Transmit_IT                         0x08005145   Thumb Code    96  stm32f1xx_hal_uart.o(i.UART_Transmit_IT)
    i.USART1_IRQHandler                      0x080051a4   Section        0  stm32f1xx_it.o(i.USART1_IRQHandler)
    i.USART2_IRQHandler                      0x080051b4   Section        0  stm32f1xx_it.o(i.USART2_IRQHandler)
    i.UsageFault_Handler                     0x080051c4   Section        0  stm32f1xx_it.o(i.UsageFault_Handler)
    i.__0printf                              0x080051c8   Section        0  printfa.o(i.__0printf)
    i.__0vsprintf                            0x080051e8   Section        0  printfa.o(i.__0vsprintf)
    i.__NVIC_GetPriorityGrouping             0x0800520c   Section        0  stm32f1xx_hal_cortex.o(i.__NVIC_GetPriorityGrouping)
    __NVIC_GetPriorityGrouping               0x0800520d   Thumb Code    10  stm32f1xx_hal_cortex.o(i.__NVIC_GetPriorityGrouping)
    i.__NVIC_SetPriority                     0x0800521c   Section        0  stm32f1xx_hal_cortex.o(i.__NVIC_SetPriority)
    __NVIC_SetPriority                       0x0800521d   Thumb Code    32  stm32f1xx_hal_cortex.o(i.__NVIC_SetPriority)
    i.__scatterload_copy                     0x08005244   Section       14  handlers.o(i.__scatterload_copy)
    i.__scatterload_null                     0x08005252   Section        2  handlers.o(i.__scatterload_null)
    i.__scatterload_zeroinit                 0x08005254   Section       14  handlers.o(i.__scatterload_zeroinit)
    i._fp_digits                             0x08005264   Section        0  printfa.o(i._fp_digits)
    _fp_digits                               0x08005265   Thumb Code   366  printfa.o(i._fp_digits)
    i._is_digit                              0x080053e8   Section        0  scanf_fp.o(i._is_digit)
    i._printf_core                           0x080053f8   Section        0  printfa.o(i._printf_core)
    _printf_core                             0x080053f9   Thumb Code  1744  printfa.o(i._printf_core)
    i._printf_post_padding                   0x08005ad4   Section        0  printfa.o(i._printf_post_padding)
    _printf_post_padding                     0x08005ad5   Thumb Code    36  printfa.o(i._printf_post_padding)
    i._printf_pre_padding                    0x08005af8   Section        0  printfa.o(i._printf_pre_padding)
    _printf_pre_padding                      0x08005af9   Thumb Code    46  printfa.o(i._printf_pre_padding)
    i._sputc                                 0x08005b26   Section        0  printfa.o(i._sputc)
    _sputc                                   0x08005b27   Thumb Code    10  printfa.o(i._sputc)
    i.abs_limit                              0x08005b30   Section        0  pid.o(i.abs_limit)
    abs_limit                                0x08005b31   Thumb Code    40  pid.o(i.abs_limit)
    i.cmd_information_find                   0x08005b58   Section        0  debug.o(i.cmd_information_find)
    cmd_information_find                     0x08005b59   Thumb Code   366  debug.o(i.cmd_information_find)
    i.fputc                                  0x08005d80   Section        0  usart.o(i.fputc)
    i.list_insert_before                     0x08005d9c   Section        0  list.o(i.list_insert_before)
    i.main                                   0x08005dac   Section        0  main.o(i.main)
    i.pid_calculate                          0x08005e6c   Section        0  pid.o(i.pid_calculate)
    i.pid_clear                              0x08005f7c   Section        0  pid.o(i.pid_clear)
    i.pid_param_init                         0x08005f84   Section        0  pid.o(i.pid_param_init)
    pid_param_init                           0x08005f85   Thumb Code    28  pid.o(i.pid_param_init)
    i.pid_reset                              0x08005fa0   Section        0  pid.o(i.pid_reset)
    pid_reset                                0x08005fa1   Thumb Code    20  pid.o(i.pid_reset)
    i.pid_set                                0x08005fb4   Section        0  debug.o(i.pid_set)
    pid_set                                  0x08005fb5   Thumb Code   180  debug.o(i.pid_set)
    i.pid_set_P_I_D                          0x08006070   Section        0  pid.o(i.pid_set_P_I_D)
    i.pid_set_err_limit                      0x08006078   Section        0  pid.o(i.pid_set_err_limit)
    i.pid_set_out_limit                      0x08006080   Section        0  pid.o(i.pid_set_out_limit)
    i.pid_set_target                         0x08006086   Section        0  pid.o(i.pid_set_target)
    i.pid_struct_init                        0x0800608c   Section        0  pid.o(i.pid_struct_init)
    i.ring_add                               0x080060e0   Section        0  ring.o(i.ring_add)
    i.ring_fetch                             0x08006154   Section        0  ring.o(i.ring_fetch)
    i.ring_init                              0x080061ce   Section        0  ring.o(i.ring_init)
    i.ring_usedspace_get                     0x080061ea   Section        0  ring.o(i.ring_usedspace_get)
    i.timeslice_exec                         0x080061f8   Section        0  timesilce_task.o(i.timeslice_exec)
    i.timeslice_task_add                     0x08006220   Section        0  timesilce_task.o(i.timeslice_task_add)
    i.timeslice_task_init                    0x08006234   Section        0  timesilce_task.o(i.timeslice_task_init)
    i.timeslice_tick                         0x08006244   Section        0  timesilce_task.o(i.timeslice_tick)
    .constdata                               0x08006274   Section       18  stm32f1xx_hal_rcc.o(.constdata)
    aPLLMULFactorTable                       0x08006274   Data          16  stm32f1xx_hal_rcc.o(.constdata)
    aPredivFactorTable                       0x08006284   Data           2  stm32f1xx_hal_rcc.o(.constdata)
    .constdata                               0x08006286   Section       24  system_stm32f1xx_1.o(.constdata)
    .constdata                               0x0800629e   Section       64  ctype_c.o(.constdata)
    .conststring                             0x080062e0   Section       87  control.o(.conststring)
    .data                                    0x20000000   Section        4  stm32f1xx_it.o(.data)
    .data                                    0x20000004   Section        9  stm32f1xx_hal.o(.data)
    .data                                    0x20000010   Section        4  system_stm32f1xx_1.o(.data)
    .data                                    0x20000014   Section       73  control.o(.data)
    debug_motor1_voltage                     0x20000014   Data           4  control.o(.data)
    debug_motor2_voltage                     0x20000018   Data           4  control.o(.data)
    motor1_speed                             0x2000001c   Data           4  control.o(.data)
    motor2_speed                             0x20000020   Data           4  control.o(.data)
    motor_speed_set                          0x20000024   Data           4  control.o(.data)
    motor1_speed_set                         0x20000028   Data           4  control.o(.data)
    motor2_speed_set                         0x2000002c   Data           4  control.o(.data)
    motor_steer_compensation_ratio           0x20000030   Data           4  control.o(.data)
    motor_speed_difference_set               0x20000034   Data           4  control.o(.data)
    motor1_location                          0x20000038   Data           4  control.o(.data)
    motor2_location                          0x2000003c   Data           4  control.o(.data)
    motor_location_average                   0x20000040   Data           4  control.o(.data)
    motor_location_set                       0x20000044   Data           4  control.o(.data)
    motor1_voltage                           0x20000048   Data           4  control.o(.data)
    motor2_voltage                           0x2000004c   Data           4  control.o(.data)
    cmd_start                                0x20000050   Data           4  control.o(.data)
    cmd_end                                  0x20000054   Data           4  control.o(.data)
    is_received_from_K210                    0x20000058   Data           3  control.o(.data)
    cnt                                      0x2000005b   Data           1  control.o(.data)
    control_location_count                   0x2000005c   Data           1  control.o(.data)
    .data                                    0x20000060   Section       25  debug.o(.data)
    cmd_start                                0x20000064   Data           4  debug.o(.data)
    cmd_end                                  0x20000068   Data           4  debug.o(.data)
    .data                                    0x2000007c   Section       12  encoder.o(.data)
    .data                                    0x20000088   Section        8  motor.o(.data)
    motor1_dir                               0x2000008a   Data           1  motor.o(.data)
    motor2_dir                               0x2000008b   Data           1  motor.o(.data)
    motor1_duty                              0x2000008c   Data           2  motor.o(.data)
    motor2_duty                              0x2000008e   Data           2  motor.o(.data)
    .data                                    0x20000090   Section        9  receive.o(.data)
    .data                                    0x2000009c   Section        5  transmit.o(.data)
    .data                                    0x200000a4   Section        8  timesilce_task.o(.data)
    timeslice_task_list                      0x200000a4   Data           8  timesilce_task.o(.data)
    .data                                    0x200000ac   Section        4  stdout.o(.data)
    .bss                                     0x200000b0   Section      360  tim.o(.bss)
    .bss                                     0x20000218   Section      348  usart.o(.bss)
    .bss                                     0x20000374   Section      444  control.o(.bss)
    motor_dir_err                            0x200004a4   Data          12  control.o(.bss)
    cmd                                      0x200004b0   Data         128  control.o(.bss)
    .bss                                     0x20000530   Section      176  debug.o(.bss)
    cmd                                      0x20000530   Data         128  debug.o(.bss)
    cmd_information                          0x200005d0   Data          16  debug.o(.bss)
    .bss                                     0x200005e0   Section      424  receive.o(.bss)
    .bss                                     0x20000788   Section     1040  transmit.o(.bss)
    .bss                                     0x20000b98   Section       84  task_process.o(.bss)
    STACK                                    0x20000bf0   Section     1024  startup_stm32f103xe.o(STACK)

    Global Symbols

    Symbol Name                              Value     Ov Type        Size  Object(Section)

    BuildAttributes$$THM_ISAv4$P$D$K$B$S$PE$A:L22UL41UL21$X:L11$S22US41US21$IEEE1$IW$USESV6$~STKCKD$USESV7$~SHL$OTIME$ROPI$EBA8$MICROLIB$REQ8$PRES8$EABIv2 0x00000000   Number         0  anon$$obj.o ABSOLUTE
    __ARM_use_no_argv                        0x00000000   Number         0  main.o ABSOLUTE
    _printf_a                                0x00000000   Number         0  stubs.o ABSOLUTE
    _printf_c                                0x00000000   Number         0  stubs.o ABSOLUTE
    _printf_charcount                        0x00000000   Number         0  stubs.o ABSOLUTE
    _printf_d                                0x00000000   Number         0  stubs.o ABSOLUTE
    _printf_e                                0x00000000   Number         0  stubs.o ABSOLUTE
    _printf_f                                0x00000000   Number         0  stubs.o ABSOLUTE
    _printf_flags                            0x00000000   Number         0  stubs.o ABSOLUTE
    _printf_fp_dec                           0x00000000   Number         0  stubs.o ABSOLUTE
    _printf_fp_hex                           0x00000000   Number         0  stubs.o ABSOLUTE
    _printf_g                                0x00000000   Number         0  stubs.o ABSOLUTE
    _printf_i                                0x00000000   Number         0  stubs.o ABSOLUTE
    _printf_int_dec                          0x00000000   Number         0  stubs.o ABSOLUTE
    _printf_l                                0x00000000   Number         0  stubs.o ABSOLUTE
    _printf_lc                               0x00000000   Number         0  stubs.o ABSOLUTE
    _printf_ll                               0x00000000   Number         0  stubs.o ABSOLUTE
    _printf_lld                              0x00000000   Number         0  stubs.o ABSOLUTE
    _printf_lli                              0x00000000   Number         0  stubs.o ABSOLUTE
    _printf_llo                              0x00000000   Number         0  stubs.o ABSOLUTE
    _printf_llu                              0x00000000   Number         0  stubs.o ABSOLUTE
    _printf_llx                              0x00000000   Number         0  stubs.o ABSOLUTE
    _printf_longlong_dec                     0x00000000   Number         0  stubs.o ABSOLUTE
    _printf_longlong_hex                     0x00000000   Number         0  stubs.o ABSOLUTE
    _printf_longlong_oct                     0x00000000   Number         0  stubs.o ABSOLUTE
    _printf_ls                               0x00000000   Number         0  stubs.o ABSOLUTE
    _printf_mbtowc                           0x00000000   Number         0  stubs.o ABSOLUTE
    _printf_n                                0x00000000   Number         0  stubs.o ABSOLUTE
    _printf_o                                0x00000000   Number         0  stubs.o ABSOLUTE
    _printf_p                                0x00000000   Number         0  stubs.o ABSOLUTE
    _printf_percent                          0x00000000   Number         0  stubs.o ABSOLUTE
    _printf_pre_padding                      0x00000000   Number         0  stubs.o ABSOLUTE
    _printf_return_value                     0x00000000   Number         0  stubs.o ABSOLUTE
    _printf_s                                0x00000000   Number         0  stubs.o ABSOLUTE
    _printf_sizespec                         0x00000000   Number         0  stubs.o ABSOLUTE
    _printf_str                              0x00000000   Number         0  stubs.o ABSOLUTE
    _printf_truncate_signed                  0x00000000   Number         0  stubs.o ABSOLUTE
    _printf_truncate_unsigned                0x00000000   Number         0  stubs.o ABSOLUTE
    _printf_u                                0x00000000   Number         0  stubs.o ABSOLUTE
    _printf_wc                               0x00000000   Number         0  stubs.o ABSOLUTE
    _printf_wctomb                           0x00000000   Number         0  stubs.o ABSOLUTE
    _printf_widthprec                        0x00000000   Number         0  stubs.o ABSOLUTE
    _printf_x                                0x00000000   Number         0  stubs.o ABSOLUTE
    __cpp_initialize__aeabi_                  - Undefined Weak Reference
    __cxa_finalize                            - Undefined Weak Reference
    __decompress                              - Undefined Weak Reference
    _clock_init                               - Undefined Weak Reference
    _microlib_exit                            - Undefined Weak Reference
    _scanf_int                                - Undefined Weak Reference
    _scanf_longlong                           - Undefined Weak Reference
    __Vectors_Size                           0x00000130   Number         0  startup_stm32f103xe.o ABSOLUTE
    __Vectors                                0x08000000   Data           4  startup_stm32f103xe.o(RESET)
    __Vectors_End                            0x08000130   Data           0  startup_stm32f103xe.o(RESET)
    __main                                   0x08000131   Thumb Code     0  entry.o(.ARM.Collect$$$$00000000)
    _main_stk                                0x08000131   Thumb Code     0  entry2.o(.ARM.Collect$$$$00000001)
    _main_scatterload                        0x08000135   Thumb Code     0  entry5.o(.ARM.Collect$$$$00000004)
    __main_after_scatterload                 0x08000139   Thumb Code     0  entry5.o(.ARM.Collect$$$$00000004)
    _main_clock                              0x08000139   Thumb Code     0  entry7b.o(.ARM.Collect$$$$00000008)
    _main_cpp_init                           0x08000139   Thumb Code     0  entry8b.o(.ARM.Collect$$$$0000000A)
    _main_init                               0x08000139   Thumb Code     0  entry9a.o(.ARM.Collect$$$$0000000B)
    __rt_final_cpp                           0x08000141   Thumb Code     0  entry10a.o(.ARM.Collect$$$$0000000D)
    __rt_final_exit                          0x08000141   Thumb Code     0  entry11a.o(.ARM.Collect$$$$0000000F)
    Reset_Handler                            0x08000145   Thumb Code     8  startup_stm32f103xe.o(.text)
    ADC1_2_IRQHandler                        0x0800015f   Thumb Code     0  startup_stm32f103xe.o(.text)
    ADC3_IRQHandler                          0x0800015f   Thumb Code     0  startup_stm32f103xe.o(.text)
    CAN1_RX1_IRQHandler                      0x0800015f   Thumb Code     0  startup_stm32f103xe.o(.text)
    CAN1_SCE_IRQHandler                      0x0800015f   Thumb Code     0  startup_stm32f103xe.o(.text)
    DMA1_Channel1_IRQHandler                 0x0800015f   Thumb Code     0  startup_stm32f103xe.o(.text)
    DMA1_Channel2_IRQHandler                 0x0800015f   Thumb Code     0  startup_stm32f103xe.o(.text)
    DMA1_Channel3_IRQHandler                 0x0800015f   Thumb Code     0  startup_stm32f103xe.o(.text)
    DMA1_Channel7_IRQHandler                 0x0800015f   Thumb Code     0  startup_stm32f103xe.o(.text)
    DMA2_Channel1_IRQHandler                 0x0800015f   Thumb Code     0  startup_stm32f103xe.o(.text)
    DMA2_Channel2_IRQHandler                 0x0800015f   Thumb Code     0  startup_stm32f103xe.o(.text)
    DMA2_Channel3_IRQHandler                 0x0800015f   Thumb Code     0  startup_stm32f103xe.o(.text)
    DMA2_Channel4_5_IRQHandler               0x0800015f   Thumb Code     0  startup_stm32f103xe.o(.text)
    EXTI0_IRQHandler                         0x0800015f   Thumb Code     0  startup_stm32f103xe.o(.text)
    EXTI15_10_IRQHandler                     0x0800015f   Thumb Code     0  startup_stm32f103xe.o(.text)
    EXTI1_IRQHandler                         0x0800015f   Thumb Code     0  startup_stm32f103xe.o(.text)
    EXTI2_IRQHandler                         0x0800015f   Thumb Code     0  startup_stm32f103xe.o(.text)
    EXTI3_IRQHandler                         0x0800015f   Thumb Code     0  startup_stm32f103xe.o(.text)
    EXTI4_IRQHandler                         0x0800015f   Thumb Code     0  startup_stm32f103xe.o(.text)
    EXTI9_5_IRQHandler                       0x0800015f   Thumb Code     0  startup_stm32f103xe.o(.text)
    FLASH_IRQHandler                         0x0800015f   Thumb Code     0  startup_stm32f103xe.o(.text)
    FSMC_IRQHandler                          0x0800015f   Thumb Code     0  startup_stm32f103xe.o(.text)
    I2C1_ER_IRQHandler                       0x0800015f   Thumb Code     0  startup_stm32f103xe.o(.text)
    I2C1_EV_IRQHandler                       0x0800015f   Thumb Code     0  startup_stm32f103xe.o(.text)
    I2C2_ER_IRQHandler                       0x0800015f   Thumb Code     0  startup_stm32f103xe.o(.text)
    I2C2_EV_IRQHandler                       0x0800015f   Thumb Code     0  startup_stm32f103xe.o(.text)
    PVD_IRQHandler                           0x0800015f   Thumb Code     0  startup_stm32f103xe.o(.text)
    RCC_IRQHandler                           0x0800015f   Thumb Code     0  startup_stm32f103xe.o(.text)
    RTC_Alarm_IRQHandler                     0x0800015f   Thumb Code     0  startup_stm32f103xe.o(.text)
    RTC_IRQHandler                           0x0800015f   Thumb Code     0  startup_stm32f103xe.o(.text)
    SDIO_IRQHandler                          0x0800015f   Thumb Code     0  startup_stm32f103xe.o(.text)
    SPI1_IRQHandler                          0x0800015f   Thumb Code     0  startup_stm32f103xe.o(.text)
    SPI2_IRQHandler                          0x0800015f   Thumb Code     0  startup_stm32f103xe.o(.text)
    SPI3_IRQHandler                          0x0800015f   Thumb Code     0  startup_stm32f103xe.o(.text)
    TAMPER_IRQHandler                        0x0800015f   Thumb Code     0  startup_stm32f103xe.o(.text)
    TIM1_BRK_IRQHandler                      0x0800015f   Thumb Code     0  startup_stm32f103xe.o(.text)
    TIM1_CC_IRQHandler                       0x0800015f   Thumb Code     0  startup_stm32f103xe.o(.text)
    TIM1_TRG_COM_IRQHandler                  0x0800015f   Thumb Code     0  startup_stm32f103xe.o(.text)
    TIM1_UP_IRQHandler                       0x0800015f   Thumb Code     0  startup_stm32f103xe.o(.text)
    TIM2_IRQHandler                          0x0800015f   Thumb Code     0  startup_stm32f103xe.o(.text)
    TIM3_IRQHandler                          0x0800015f   Thumb Code     0  startup_stm32f103xe.o(.text)
    TIM4_IRQHandler                          0x0800015f   Thumb Code     0  startup_stm32f103xe.o(.text)
    TIM5_IRQHandler                          0x0800015f   Thumb Code     0  startup_stm32f103xe.o(.text)
    TIM8_BRK_IRQHandler                      0x0800015f   Thumb Code     0  startup_stm32f103xe.o(.text)
    TIM8_CC_IRQHandler                       0x0800015f   Thumb Code     0  startup_stm32f103xe.o(.text)
    TIM8_TRG_COM_IRQHandler                  0x0800015f   Thumb Code     0  startup_stm32f103xe.o(.text)
    TIM8_UP_IRQHandler                       0x0800015f   Thumb Code     0  startup_stm32f103xe.o(.text)
    UART4_IRQHandler                         0x0800015f   Thumb Code     0  startup_stm32f103xe.o(.text)
    UART5_IRQHandler                         0x0800015f   Thumb Code     0  startup_stm32f103xe.o(.text)
    USART3_IRQHandler                        0x0800015f   Thumb Code     0  startup_stm32f103xe.o(.text)
    USBWakeUp_IRQHandler                     0x0800015f   Thumb Code     0  startup_stm32f103xe.o(.text)
    USB_HP_CAN1_TX_IRQHandler                0x0800015f   Thumb Code     0  startup_stm32f103xe.o(.text)
    USB_LP_CAN1_RX0_IRQHandler               0x0800015f   Thumb Code     0  startup_stm32f103xe.o(.text)
    WWDG_IRQHandler                          0x0800015f   Thumb Code     0  startup_stm32f103xe.o(.text)
    __aeabi_llsr                             0x08000169   Thumb Code    32  llushr.o(.text)
    _ll_ushift_r                             0x08000169   Thumb Code     0  llushr.o(.text)
    __aeabi_memcpy                           0x08000189   Thumb Code    36  memcpya.o(.text)
    __aeabi_memcpy4                          0x08000189   Thumb Code     0  memcpya.o(.text)
    __aeabi_memcpy8                          0x08000189   Thumb Code     0  memcpya.o(.text)
    __aeabi_memset                           0x080001ad   Thumb Code    14  memseta.o(.text)
    __aeabi_memset4                          0x080001ad   Thumb Code     0  memseta.o(.text)
    __aeabi_memset8                          0x080001ad   Thumb Code     0  memseta.o(.text)
    __aeabi_memclr                           0x080001bb   Thumb Code     4  memseta.o(.text)
    __aeabi_memclr4                          0x080001bb   Thumb Code     0  memseta.o(.text)
    __aeabi_memclr8                          0x080001bb   Thumb Code     0  memseta.o(.text)
    _memset$wrapper                          0x080001bf   Thumb Code    18  memseta.o(.text)
    strchr                                   0x080001d1   Thumb Code    20  strchr.o(.text)
    strlen                                   0x080001e5   Thumb Code    14  strlen.o(.text)
    strncmp                                  0x080001f3   Thumb Code    30  strncmp.o(.text)
    __0sscanf                                0x08000211   Thumb Code    48  __0sscanf.o(.text)
    _scanf_string                            0x08000249   Thumb Code   224  _scanf_str.o(.text)
    _scanf_real                              0x08000451   Thumb Code     0  scanf_fp.o(.text)
    _scanf_really_real                       0x08000451   Thumb Code   556  scanf_fp.o(.text)
    __aeabi_fadd                             0x08000689   Thumb Code   164  fadd.o(.text)
    __aeabi_fsub                             0x0800072d   Thumb Code     6  fadd.o(.text)
    __aeabi_frsub                            0x08000733   Thumb Code     6  fadd.o(.text)
    __aeabi_fmul                             0x08000739   Thumb Code   100  fmul.o(.text)
    __aeabi_fdiv                             0x0800079d   Thumb Code   124  fdiv.o(.text)
    __aeabi_i2f                              0x08000819   Thumb Code    18  fflti.o(.text)
    __aeabi_f2iz                             0x0800082b   Thumb Code    50  ffixi.o(.text)
    __aeabi_f2d                              0x0800085d   Thumb Code    38  f2d.o(.text)
    __aeabi_cdcmpeq                          0x08000885   Thumb Code     0  cdcmple.o(.text)
    __aeabi_cdcmple                          0x08000885   Thumb Code    48  cdcmple.o(.text)
    __aeabi_cdrcmple                         0x080008b5   Thumb Code    48  cdrcmple.o(.text)
    __aeabi_cfcmpeq                          0x080008e5   Thumb Code     0  cfcmple.o(.text)
    __aeabi_cfcmple                          0x080008e5   Thumb Code    20  cfcmple.o(.text)
    __aeabi_cfrcmple                         0x080008f9   Thumb Code    20  cfrcmple.o(.text)
    __aeabi_uidiv                            0x0800090d   Thumb Code     0  uidiv.o(.text)
    __aeabi_uidivmod                         0x0800090d   Thumb Code    44  uidiv.o(.text)
    __aeabi_uldivmod                         0x08000939   Thumb Code    98  uldiv.o(.text)
    __vfscanf_char                           0x080009a9   Thumb Code    20  scanf_char.o(.text)
    _sgetc                                   0x080009c5   Thumb Code    30  _sgetc.o(.text)
    _sbackspace                              0x080009e3   Thumb Code    34  _sgetc.o(.text)
    __I$use$fp                               0x08000a05   Thumb Code     0  iusefp.o(.text)
    _float_round                             0x08000a05   Thumb Code    18  fepilogue.o(.text)
    _float_epilogue                          0x08000a17   Thumb Code    92  fepilogue.o(.text)
    __aeabi_dadd                             0x08000a73   Thumb Code   322  dadd.o(.text)
    __aeabi_dsub                             0x08000bb5   Thumb Code     6  dadd.o(.text)
    __aeabi_drsub                            0x08000bbb   Thumb Code     6  dadd.o(.text)
    __aeabi_dmul                             0x08000bc1   Thumb Code   228  dmul.o(.text)
    __aeabi_ddiv                             0x08000ca5   Thumb Code   222  ddiv.o(.text)
    __aeabi_ul2d                             0x08000d83   Thumb Code    24  dfltul.o(.text)
    __aeabi_d2ulz                            0x08000d9b   Thumb Code    48  dfixul.o(.text)
    __aeabi_d2f                              0x08000dcb   Thumb Code    56  d2f.o(.text)
    __scatterload                            0x08000e05   Thumb Code    28  init.o(.text)
    __scatterload_rt2                        0x08000e05   Thumb Code     0  init.o(.text)
    __aeabi_llsl                             0x08000e29   Thumb Code    30  llshl.o(.text)
    _ll_shift_l                              0x08000e29   Thumb Code     0  llshl.o(.text)
    __aeabi_lasr                             0x08000e47   Thumb Code    36  llsshr.o(.text)
    _ll_sshift_r                             0x08000e47   Thumb Code     0  llsshr.o(.text)
    isspace                                  0x08000e6b   Thumb Code    10  isspace_c.o(.text)
    __vfscanf                                0x08000e75   Thumb Code   808  _scanf.o(.text)
    _double_round                            0x080011a1   Thumb Code    30  depilogue.o(.text)
    _double_epilogue                         0x080011bf   Thumb Code   156  depilogue.o(.text)
    __ctype_lookup                           0x0800125d   Thumb Code    34  ctype_c.o(.text)
    BusFault_Handler                         0x08001285   Thumb Code     4  stm32f1xx_it.o(i.BusFault_Handler)
    Control_PID_Init                         0x08001471   Thumb Code   144  control.o(i.Control_PID_Init)
    Control_SetSteerCompensation_basedon_Receive 0x0800153d   Thumb Code   178  control.o(i.Control_SetSteerCompensation_basedon_Receive)
    Control_Task                             0x08001689   Thumb Code   472  control.o(i.Control_Task)
    DMA1_Channel4_IRQHandler                 0x080018cd   Thumb Code    10  stm32f1xx_it.o(i.DMA1_Channel4_IRQHandler)
    DMA1_Channel5_IRQHandler                 0x080018dd   Thumb Code    10  stm32f1xx_it.o(i.DMA1_Channel5_IRQHandler)
    DMA1_Channel6_IRQHandler                 0x080018ed   Thumb Code    10  stm32f1xx_it.o(i.DMA1_Channel6_IRQHandler)
    DebugMon_Handler                         0x08001929   Thumb Code     2  stm32f1xx_it.o(i.DebugMon_Handler)
    Debug_LED_run_Toggle                     0x0800192d   Thumb Code    14  debug.o(i.Debug_LED_run_Toggle)
    Debug_SetPID_basedon_Receive             0x08001941   Thumb Code    96  debug.o(i.Debug_SetPID_basedon_Receive)
    Encoder_PulseGet                         0x08001a05   Thumb Code    84  encoder.o(i.Encoder_PulseGet)
    Error_Handler                            0x08001a71   Thumb Code     6  main.o(i.Error_Handler)
    HAL_DMA_Abort                            0x08001a77   Thumb Code    86  stm32f1xx_hal_dma.o(i.HAL_DMA_Abort)
    HAL_DMA_Abort_IT                         0x08001acd   Thumb Code   414  stm32f1xx_hal_dma.o(i.HAL_DMA_Abort_IT)
    HAL_DMA_GetState                         0x08001c75   Thumb Code     8  stm32f1xx_hal_dma.o(i.HAL_DMA_GetState)
    HAL_DMA_IRQHandler                       0x08001c7d   Thumb Code   910  stm32f1xx_hal_dma.o(i.HAL_DMA_IRQHandler)
    HAL_DMA_Init                             0x08002015   Thumb Code   132  stm32f1xx_hal_dma.o(i.HAL_DMA_Init)
    HAL_DMA_Start_IT                         0x080020a1   Thumb Code   156  stm32f1xx_hal_dma.o(i.HAL_DMA_Start_IT)
    HAL_GPIO_Init                            0x0800213d   Thumb Code   792  stm32f1xx_hal_gpio.o(i.HAL_GPIO_Init)
    HAL_GPIO_TogglePin                       0x0800247d   Thumb Code    20  stm32f1xx_hal_gpio.o(i.HAL_GPIO_TogglePin)
    HAL_GPIO_WritePin                        0x08002491   Thumb Code    12  stm32f1xx_hal_gpio.o(i.HAL_GPIO_WritePin)
    HAL_GetTick                              0x0800249d   Thumb Code     6  stm32f1xx_hal.o(i.HAL_GetTick)
    HAL_IncTick                              0x080024a9   Thumb Code    16  stm32f1xx_hal.o(i.HAL_IncTick)
    HAL_Init                                 0x080024c1   Thumb Code    34  stm32f1xx_hal.o(i.HAL_Init)
    HAL_InitTick                             0x080024e9   Thumb Code    64  stm32f1xx_hal.o(i.HAL_InitTick)
    HAL_MspInit                              0x08002535   Thumb Code    82  stm32f1xx_hal_msp.o(i.HAL_MspInit)
    HAL_NVIC_EnableIRQ                       0x08002591   Thumb Code    32  stm32f1xx_hal_cortex.o(i.HAL_NVIC_EnableIRQ)
    HAL_NVIC_SetPriority                     0x080025b1   Thumb Code   124  stm32f1xx_hal_cortex.o(i.HAL_NVIC_SetPriority)
    HAL_NVIC_SetPriorityGrouping             0x0800262d   Thumb Code    32  stm32f1xx_hal_cortex.o(i.HAL_NVIC_SetPriorityGrouping)
    HAL_RCC_ClockConfig                      0x08002655   Thumb Code   376  stm32f1xx_hal_rcc.o(i.HAL_RCC_ClockConfig)
    HAL_RCC_GetHCLKFreq                      0x080027e1   Thumb Code     6  stm32f1xx_hal_rcc.o(i.HAL_RCC_GetHCLKFreq)
    HAL_RCC_GetPCLK1Freq                     0x080027ed   Thumb Code    22  stm32f1xx_hal_rcc.o(i.HAL_RCC_GetPCLK1Freq)
    HAL_RCC_GetPCLK2Freq                     0x0800280d   Thumb Code    22  stm32f1xx_hal_rcc.o(i.HAL_RCC_GetPCLK2Freq)
    HAL_RCC_GetSysClockFreq                  0x0800282d   Thumb Code    92  stm32f1xx_hal_rcc.o(i.HAL_RCC_GetSysClockFreq)
    HAL_RCC_OscConfig                        0x0800289d   Thumb Code  1114  stm32f1xx_hal_rcc.o(i.HAL_RCC_OscConfig)
    HAL_SYSTICK_Config                       0x08002d01   Thumb Code    52  stm32f1xx_hal_cortex.o(i.HAL_SYSTICK_Config)
    HAL_TIMEx_BreakCallback                  0x08002d35   Thumb Code     2  stm32f1xx_hal_tim_ex.o(i.HAL_TIMEx_BreakCallback)
    HAL_TIMEx_CommutCallback                 0x08002d37   Thumb Code     2  stm32f1xx_hal_tim_ex.o(i.HAL_TIMEx_CommutCallback)
    HAL_TIMEx_MasterConfigSynchronization    0x08002d39   Thumb Code   134  stm32f1xx_hal_tim_ex.o(i.HAL_TIMEx_MasterConfigSynchronization)
    HAL_TIM_Base_Init                        0x08002dd5   Thumb Code   102  stm32f1xx_hal_tim.o(i.HAL_TIM_Base_Init)
    HAL_TIM_Base_MspInit                     0x08002e3d   Thumb Code   148  tim.o(i.HAL_TIM_Base_MspInit)
    HAL_TIM_Base_Start_IT                    0x08002ee1   Thumb Code   122  stm32f1xx_hal_tim.o(i.HAL_TIM_Base_Start_IT)
    HAL_TIM_ConfigClockSource                0x08002f71   Thumb Code   268  stm32f1xx_hal_tim.o(i.HAL_TIM_ConfigClockSource)
    HAL_TIM_Encoder_Init                     0x0800307d   Thumb Code   196  stm32f1xx_hal_tim.o(i.HAL_TIM_Encoder_Init)
    HAL_TIM_Encoder_MspInit                  0x08003141   Thumb Code   202  tim.o(i.HAL_TIM_Encoder_MspInit)
    HAL_TIM_Encoder_Start                    0x08003225   Thumb Code   204  stm32f1xx_hal_tim.o(i.HAL_TIM_Encoder_Start)
    HAL_TIM_IC_CaptureCallback               0x080032f1   Thumb Code     2  stm32f1xx_hal_tim.o(i.HAL_TIM_IC_CaptureCallback)
    HAL_TIM_IRQHandler                       0x080032f3   Thumb Code   406  stm32f1xx_hal_tim.o(i.HAL_TIM_IRQHandler)
    HAL_TIM_MspPostInit                      0x08003489   Thumb Code    76  tim.o(i.HAL_TIM_MspPostInit)
    HAL_TIM_OC_DelayElapsedCallback          0x080034e1   Thumb Code     2  stm32f1xx_hal_tim.o(i.HAL_TIM_OC_DelayElapsedCallback)
    HAL_TIM_PWM_ConfigChannel                0x080034e3   Thumb Code   260  stm32f1xx_hal_tim.o(i.HAL_TIM_PWM_ConfigChannel)
    HAL_TIM_PWM_Init                         0x080035e7   Thumb Code   102  stm32f1xx_hal_tim.o(i.HAL_TIM_PWM_Init)
    HAL_TIM_PWM_MspInit                      0x0800364d   Thumb Code     2  stm32f1xx_hal_tim.o(i.HAL_TIM_PWM_MspInit)
    HAL_TIM_PWM_PulseFinishedCallback        0x0800364f   Thumb Code     2  stm32f1xx_hal_tim.o(i.HAL_TIM_PWM_PulseFinishedCallback)
    HAL_TIM_PWM_Start                        0x08003651   Thumb Code   222  stm32f1xx_hal_tim.o(i.HAL_TIM_PWM_Start)
    HAL_TIM_PeriodElapsedCallback            0x08003745   Thumb Code    30  task_process.o(i.HAL_TIM_PeriodElapsedCallback)
    HAL_TIM_TriggerCallback                  0x0800376d   Thumb Code     2  stm32f1xx_hal_tim.o(i.HAL_TIM_TriggerCallback)
    HAL_UARTEx_ReceiveToIdle_DMA             0x0800376f   Thumb Code   114  stm32f1xx_hal_uart.o(i.HAL_UARTEx_ReceiveToIdle_DMA)
    HAL_UARTEx_RxEventCallback               0x080037e1   Thumb Code   270  receive.o(i.HAL_UARTEx_RxEventCallback)
    HAL_UART_ErrorCallback                   0x080038f9   Thumb Code     2  stm32f1xx_hal_uart.o(i.HAL_UART_ErrorCallback)
    HAL_UART_IRQHandler                      0x080038fd   Thumb Code   736  stm32f1xx_hal_uart.o(i.HAL_UART_IRQHandler)
    HAL_UART_Init                            0x08003be1   Thumb Code   118  stm32f1xx_hal_uart.o(i.HAL_UART_Init)
    HAL_UART_MspInit                         0x08003c59   Thumb Code   414  usart.o(i.HAL_UART_MspInit)
    HAL_UART_RxCpltCallback                  0x08003e19   Thumb Code     2  stm32f1xx_hal_uart.o(i.HAL_UART_RxCpltCallback)
    HAL_UART_RxHalfCpltCallback              0x08003e1b   Thumb Code     2  stm32f1xx_hal_uart.o(i.HAL_UART_RxHalfCpltCallback)
    HAL_UART_Transmit_DMA                    0x08003e1d   Thumb Code   128  stm32f1xx_hal_uart.o(i.HAL_UART_Transmit_DMA)
    HAL_UART_TxCpltCallback                  0x08003ea9   Thumb Code     2  stm32f1xx_hal_uart.o(i.HAL_UART_TxCpltCallback)
    HAL_UART_TxHalfCpltCallback              0x08003ead   Thumb Code    62  transmit.o(i.HAL_UART_TxHalfCpltCallback)
    HardFault_Handler                        0x08003ef5   Thumb Code     4  stm32f1xx_it.o(i.HardFault_Handler)
    MX_DMA_Init                              0x08003ef9   Thumb Code    80  dma.o(i.MX_DMA_Init)
    MX_GPIO_Init                             0x08003f4d   Thumb Code   232  gpio.o(i.MX_GPIO_Init)
    MX_TIM3_Init                             0x08004045   Thumb Code   120  tim.o(i.MX_TIM3_Init)
    MX_TIM4_Init                             0x080040c5   Thumb Code   172  tim.o(i.MX_TIM4_Init)
    MX_TIM6_Init                             0x08004179   Thumb Code    66  tim.o(i.MX_TIM6_Init)
    MX_TIM7_Init                             0x080041c5   Thumb Code    66  tim.o(i.MX_TIM7_Init)
    MX_TIM8_Init                             0x08004211   Thumb Code   122  tim.o(i.MX_TIM8_Init)
    MX_USART1_UART_Init                      0x08004295   Thumb Code    46  usart.o(i.MX_USART1_UART_Init)
    MX_USART2_UART_Init                      0x080042cd   Thumb Code    46  usart.o(i.MX_USART2_UART_Init)
    MemManage_Handler                        0x08004305   Thumb Code     4  stm32f1xx_it.o(i.MemManage_Handler)
    Motor_DirSet                             0x08004309   Thumb Code   194  motor.o(i.Motor_DirSet)
    Motor_DutySet                            0x080043dd   Thumb Code    34  motor.o(i.Motor_DutySet)
    Motor_Enable                             0x0800440d   Thumb Code    96  motor.o(i.Motor_Enable)
    Motor_Output                             0x08004481   Thumb Code   104  motor.o(i.Motor_Output)
    NMI_Handler                              0x080044e9   Thumb Code     4  stm32f1xx_it.o(i.NMI_Handler)
    PendSV_Handler                           0x080044ed   Thumb Code     2  stm32f1xx_it.o(i.PendSV_Handler)
    Receive_FindFirstVaildString             0x08004519   Thumb Code   432  receive.o(i.Receive_FindFirstVaildString)
    Receive_Init                             0x080046dd   Thumb Code    80  receive.o(i.Receive_Init)
    SVC_Handler                              0x0800472d   Thumb Code     2  stm32f1xx_it.o(i.SVC_Handler)
    SysTick_Handler                          0x08004731   Thumb Code    18  stm32f1xx_it.o(i.SysTick_Handler)
    SystemClock_Config                       0x08004749   Thumb Code   102  main.o(i.SystemClock_Config)
    SystemInit                               0x080047af   Thumb Code     2  system_stm32f1xx_1.o(i.SystemInit)
    TIM6_IRQHandler                          0x080047b1   Thumb Code    10  stm32f1xx_it.o(i.TIM6_IRQHandler)
    TIM7_IRQHandler                          0x080047c1   Thumb Code    10  stm32f1xx_it.o(i.TIM7_IRQHandler)
    TIM_Base_SetConfig                       0x080047d1   Thumb Code   134  stm32f1xx_hal_tim.o(i.TIM_Base_SetConfig)
    TIM_CCxChannelCmd                        0x0800486d   Thumb Code    34  stm32f1xx_hal_tim.o(i.TIM_CCxChannelCmd)
    TIM_ETR_SetConfig                        0x0800488f   Thumb Code    22  stm32f1xx_hal_tim.o(i.TIM_ETR_SetConfig)
    TIM_OC2_SetConfig                        0x08004929   Thumb Code   114  stm32f1xx_hal_tim.o(i.TIM_OC2_SetConfig)
    TaskProcess_Init                         0x08004ac1   Thumb Code    58  task_process.o(i.TaskProcess_Init)
    Transmit_Init                            0x08004b15   Thumb Code    64  transmit.o(i.Transmit_Init)
    Transmit_printf                          0x08004bdf   Thumb Code    80  transmit.o(i.Transmit_printf)
    UART_Start_Receive_DMA                   0x0800507d   Thumb Code   186  stm32f1xx_hal_uart.o(i.UART_Start_Receive_DMA)
    USART1_IRQHandler                        0x080051a5   Thumb Code    10  stm32f1xx_it.o(i.USART1_IRQHandler)
    USART2_IRQHandler                        0x080051b5   Thumb Code    10  stm32f1xx_it.o(i.USART2_IRQHandler)
    UsageFault_Handler                       0x080051c5   Thumb Code     4  stm32f1xx_it.o(i.UsageFault_Handler)
    __0printf                                0x080051c9   Thumb Code    22  printfa.o(i.__0printf)
    __1printf                                0x080051c9   Thumb Code     0  printfa.o(i.__0printf)
    __2printf                                0x080051c9   Thumb Code     0  printfa.o(i.__0printf)
    __c89printf                              0x080051c9   Thumb Code     0  printfa.o(i.__0printf)
    printf                                   0x080051c9   Thumb Code     0  printfa.o(i.__0printf)
    __0vsprintf                              0x080051e9   Thumb Code    30  printfa.o(i.__0vsprintf)
    __1vsprintf                              0x080051e9   Thumb Code     0  printfa.o(i.__0vsprintf)
    __2vsprintf                              0x080051e9   Thumb Code     0  printfa.o(i.__0vsprintf)
    __c89vsprintf                            0x080051e9   Thumb Code     0  printfa.o(i.__0vsprintf)
    vsprintf                                 0x080051e9   Thumb Code     0  printfa.o(i.__0vsprintf)
    __scatterload_copy                       0x08005245   Thumb Code    14  handlers.o(i.__scatterload_copy)
    __scatterload_null                       0x08005253   Thumb Code     2  handlers.o(i.__scatterload_null)
    __scatterload_zeroinit                   0x08005255   Thumb Code    14  handlers.o(i.__scatterload_zeroinit)
    _is_digit                                0x080053e9   Thumb Code    14  scanf_fp.o(i._is_digit)
    fputc                                    0x08005d81   Thumb Code    24  usart.o(i.fputc)
    list_insert_before                       0x08005d9d   Thumb Code    14  list.o(i.list_insert_before)
    main                                     0x08005dad   Thumb Code   142  main.o(i.main)
    pid_calculate                            0x08005e6d   Thumb Code   272  pid.o(i.pid_calculate)
    pid_clear                                0x08005f7d   Thumb Code     8  pid.o(i.pid_clear)
    pid_set_P_I_D                            0x08006071   Thumb Code     8  pid.o(i.pid_set_P_I_D)
    pid_set_err_limit                        0x08006079   Thumb Code     8  pid.o(i.pid_set_err_limit)
    pid_set_out_limit                        0x08006081   Thumb Code     6  pid.o(i.pid_set_out_limit)
    pid_set_target                           0x08006087   Thumb Code     4  pid.o(i.pid_set_target)
    pid_struct_init                          0x0800608d   Thumb Code    76  pid.o(i.pid_struct_init)
    ring_add                                 0x080060e1   Thumb Code   116  ring.o(i.ring_add)
    ring_fetch                               0x08006155   Thumb Code   122  ring.o(i.ring_fetch)
    ring_init                                0x080061cf   Thumb Code    28  ring.o(i.ring_init)
    ring_usedspace_get                       0x080061eb   Thumb Code    12  ring.o(i.ring_usedspace_get)
    timeslice_exec                           0x080061f9   Thumb Code    36  timesilce_task.o(i.timeslice_exec)
    timeslice_task_add                       0x08006221   Thumb Code    16  timesilce_task.o(i.timeslice_task_add)
    timeslice_task_init                      0x08006235   Thumb Code    16  timesilce_task.o(i.timeslice_task_init)
    timeslice_tick                           0x08006245   Thumb Code    42  timesilce_task.o(i.timeslice_tick)
    AHBPrescTable                            0x08006286   Data          16  system_stm32f1xx_1.o(.constdata)
    APBPrescTable                            0x08006296   Data           8  system_stm32f1xx_1.o(.constdata)
    __ctype_categories                       0x0800629e   Data          64  ctype_c.o(.constdata)
    Region$$Table$$Base                      0x08006338   Number         0  anon$$obj.o(Region$$Table)
    Region$$Table$$Limit                     0x08006358   Number         0  anon$$obj.o(Region$$Table)
    receive_time_ref                         0x20000000   Data           4  stm32f1xx_it.o(.data)
    uwTick                                   0x20000004   Data           4  stm32f1xx_hal.o(.data)
    uwTickPrio                               0x20000008   Data           4  stm32f1xx_hal.o(.data)
    uwTickFreq                               0x2000000c   Data           1  stm32f1xx_hal.o(.data)
    SystemCoreClock                          0x20000010   Data           4  system_stm32f1xx_1.o(.data)
    is_UART_working                          0x20000060   Data           1  debug.o(.data)
    motor_received                           0x2000006c   Data           8  debug.o(.data)
    check_char_received                      0x20000074   Data           5  debug.o(.data)
    encoder_motor1_pulsenum_sum              0x2000007c   Data           4  encoder.o(.data)
    encoder_motor2_pulsenum_sum              0x20000080   Data           4  encoder.o(.data)
    encoder_motor1_pulsenum                  0x20000084   Data           2  encoder.o(.data)
    encoder_motor2_pulsenum                  0x20000086   Data           2  encoder.o(.data)
    is_motor1_en                             0x20000088   Data           1  motor.o(.data)
    is_motor2_en                             0x20000089   Data           1  motor.o(.data)
    uart_receive_list                        0x20000090   Data           8  receive.o(.data)
    num_of_uart_receives                     0x20000098   Data           1  receive.o(.data)
    uart_transmit_list                       0x2000009c   Data           4  transmit.o(.data)
    num_of_uart_transmits                    0x200000a0   Data           1  transmit.o(.data)
    __stdout                                 0x200000ac   Data           4  stdout.o(.data)
    htim3                                    0x200000b0   Data          72  tim.o(.bss)
    htim4                                    0x200000f8   Data          72  tim.o(.bss)
    htim6                                    0x20000140   Data          72  tim.o(.bss)
    htim7                                    0x20000188   Data          72  tim.o(.bss)
    htim8                                    0x200001d0   Data          72  tim.o(.bss)
    huart1                                   0x20000218   Data          72  usart.o(.bss)
    huart2                                   0x20000260   Data          72  usart.o(.bss)
    hdma_usart1_rx                           0x200002a8   Data          68  usart.o(.bss)
    hdma_usart1_tx                           0x200002ec   Data          68  usart.o(.bss)
    hdma_usart2_rx                           0x20000330   Data          68  usart.o(.bss)
    pids                                     0x20000374   Data         304  control.o(.bss)
    pid_contorller_received                  0x200005b0   Data          20  debug.o(.bss)
    pid_value_type_received                  0x200005c4   Data          11  debug.o(.bss)
    uart_receive_for_debug                   0x200005e0   Data         212  receive.o(.bss)
    uart_receive_with_K210                   0x200006b4   Data         212  receive.o(.bss)
    uart_transmit_for_debug                  0x20000788   Data        1040  transmit.o(.bss)
    task_K210_receive                        0x20000b98   Data          28  task_process.o(.bss)
    task_debug_receive                       0x20000bb4   Data          28  task_process.o(.bss)
    task_LED_run                             0x20000bd0   Data          28  task_process.o(.bss)
    __initial_sp                             0x20000ff0   Data           0  startup_stm32f103xe.o(STACK)



==============================================================================

Memory Map of the image

  Image Entry point : 0x08000131

  Load Region LR_IROM1 (Base: 0x08000000, Size: 0x00006408, Max: 0x00080000, ABSOLUTE)

    Execution Region ER_IROM1 (Exec base: 0x08000000, Load base: 0x08000000, Size: 0x00006358, Max: 0x00080000, ABSOLUTE)

    Exec Addr    Load Addr    Size         Type   Attr      Idx    E Section Name        Object

    0x08000000   0x08000000   0x00000130   Data   RO            3    RESET               startup_stm32f103xe.o
    0x08000130   0x08000130   0x00000000   Code   RO         3531  * .ARM.Collect$$$$00000000  mc_w.l(entry.o)
    0x08000130   0x08000130   0x00000004   Code   RO         3837    .ARM.Collect$$$$00000001  mc_w.l(entry2.o)
    0x08000134   0x08000134   0x00000004   Code   RO         3840    .ARM.Collect$$$$00000004  mc_w.l(entry5.o)
    0x08000138   0x08000138   0x00000000   Code   RO         3842    .ARM.Collect$$$$00000008  mc_w.l(entry7b.o)
    0x08000138   0x08000138   0x00000000   Code   RO         3844    .ARM.Collect$$$$0000000A  mc_w.l(entry8b.o)
    0x08000138   0x08000138   0x00000008   Code   RO         3845    .ARM.Collect$$$$0000000B  mc_w.l(entry9a.o)
    0x08000140   0x08000140   0x00000000   Code   RO         3847    .ARM.Collect$$$$0000000D  mc_w.l(entry10a.o)
    0x08000140   0x08000140   0x00000000   Code   RO         3849    .ARM.Collect$$$$0000000F  mc_w.l(entry11a.o)
    0x08000140   0x08000140   0x00000004   Code   RO         3838    .ARM.Collect$$$$00002712  mc_w.l(entry2.o)
    0x08000144   0x08000144   0x00000024   Code   RO            4    .text               startup_stm32f103xe.o
    0x08000168   0x08000168   0x00000020   Code   RO         3534    .text               mc_w.l(llushr.o)
    0x08000188   0x08000188   0x00000024   Code   RO         3536    .text               mc_w.l(memcpya.o)
    0x080001ac   0x080001ac   0x00000024   Code   RO         3538    .text               mc_w.l(memseta.o)
    0x080001d0   0x080001d0   0x00000014   Code   RO         3540    .text               mc_w.l(strchr.o)
    0x080001e4   0x080001e4   0x0000000e   Code   RO         3542    .text               mc_w.l(strlen.o)
    0x080001f2   0x080001f2   0x0000001e   Code   RO         3544    .text               mc_w.l(strncmp.o)
    0x08000210   0x08000210   0x00000038   Code   RO         3809    .text               mc_w.l(__0sscanf.o)
    0x08000248   0x08000248   0x000000e0   Code   RO         3811    .text               mc_w.l(_scanf_str.o)
    0x08000328   0x08000328   0x00000360   Code   RO         3813    .text               mc_w.l(scanf_fp.o)
    0x08000688   0x08000688   0x000000b0   Code   RO         3817    .text               mf_w.l(fadd.o)
    0x08000738   0x08000738   0x00000064   Code   RO         3819    .text               mf_w.l(fmul.o)
    0x0800079c   0x0800079c   0x0000007c   Code   RO         3821    .text               mf_w.l(fdiv.o)
    0x08000818   0x08000818   0x00000012   Code   RO         3823    .text               mf_w.l(fflti.o)
    0x0800082a   0x0800082a   0x00000032   Code   RO         3825    .text               mf_w.l(ffixi.o)
    0x0800085c   0x0800085c   0x00000026   Code   RO         3827    .text               mf_w.l(f2d.o)
    0x08000882   0x08000882   0x00000002   PAD
    0x08000884   0x08000884   0x00000030   Code   RO         3829    .text               mf_w.l(cdcmple.o)
    0x080008b4   0x080008b4   0x00000030   Code   RO         3831    .text               mf_w.l(cdrcmple.o)
    0x080008e4   0x080008e4   0x00000014   Code   RO         3833    .text               mf_w.l(cfcmple.o)
    0x080008f8   0x080008f8   0x00000014   Code   RO         3835    .text               mf_w.l(cfrcmple.o)
    0x0800090c   0x0800090c   0x0000002c   Code   RO         3852    .text               mc_w.l(uidiv.o)
    0x08000938   0x08000938   0x00000062   Code   RO         3854    .text               mc_w.l(uldiv.o)
    0x0800099a   0x0800099a   0x00000002   PAD
    0x0800099c   0x0800099c   0x00000028   Code   RO         3856    .text               mc_w.l(scanf_char.o)
    0x080009c4   0x080009c4   0x00000040   Code   RO         3858    .text               mc_w.l(_sgetc.o)
    0x08000a04   0x08000a04   0x00000000   Code   RO         3860    .text               mc_w.l(iusefp.o)
    0x08000a04   0x08000a04   0x0000006e   Code   RO         3861    .text               mf_w.l(fepilogue.o)
    0x08000a72   0x08000a72   0x0000014e   Code   RO         3863    .text               mf_w.l(dadd.o)
    0x08000bc0   0x08000bc0   0x000000e4   Code   RO         3865    .text               mf_w.l(dmul.o)
    0x08000ca4   0x08000ca4   0x000000de   Code   RO         3867    .text               mf_w.l(ddiv.o)
    0x08000d82   0x08000d82   0x00000018   Code   RO         3869    .text               mf_w.l(dfltul.o)
    0x08000d9a   0x08000d9a   0x00000030   Code   RO         3871    .text               mf_w.l(dfixul.o)
    0x08000dca   0x08000dca   0x00000038   Code   RO         3873    .text               mf_w.l(d2f.o)
    0x08000e02   0x08000e02   0x00000002   PAD
    0x08000e04   0x08000e04   0x00000024   Code   RO         3875    .text               mc_w.l(init.o)
    0x08000e28   0x08000e28   0x0000001e   Code   RO         3877    .text               mc_w.l(llshl.o)
    0x08000e46   0x08000e46   0x00000024   Code   RO         3879    .text               mc_w.l(llsshr.o)
    0x08000e6a   0x08000e6a   0x0000000a   Code   RO         3881    .text               mc_w.l(isspace_c.o)
    0x08000e74   0x08000e74   0x0000032c   Code   RO         3883    .text               mc_w.l(_scanf.o)
    0x080011a0   0x080011a0   0x000000ba   Code   RO         3885    .text               mf_w.l(depilogue.o)
    0x0800125a   0x0800125a   0x00000002   PAD
    0x0800125c   0x0800125c   0x00000028   Code   RO         3887    .text               mc_w.l(ctype_c.o)
    0x08001284   0x08001284   0x00000004   Code   RO          370    i.BusFault_Handler  stm32f1xx_it.o
    0x08001288   0x08001288   0x00000024   Code   RO         2953    i.Control_Location  control.o
    0x080012ac   0x080012ac   0x000001c4   Code   RO         2954    i.Control_Move      control.o
    0x08001470   0x08001470   0x000000cc   Code   RO         2955    i.Control_PID_Init  control.o
    0x0800153c   0x0800153c   0x000000e8   Code   RO         2956    i.Control_SetSteerCompensation_basedon_Receive  control.o
    0x08001624   0x08001624   0x00000048   Code   RO         2957    i.Control_Speed     control.o
    0x0800166c   0x0800166c   0x0000001c   Code   RO         2958    i.Control_SteerCompensation  control.o
    0x08001688   0x08001688   0x00000244   Code   RO         2959    i.Control_Task      control.o
    0x080018cc   0x080018cc   0x00000010   Code   RO          371    i.DMA1_Channel4_IRQHandler  stm32f1xx_it.o
    0x080018dc   0x080018dc   0x00000010   Code   RO          372    i.DMA1_Channel5_IRQHandler  stm32f1xx_it.o
    0x080018ec   0x080018ec   0x00000010   Code   RO          373    i.DMA1_Channel6_IRQHandler  stm32f1xx_it.o
    0x080018fc   0x080018fc   0x0000002c   Code   RO         1920    i.DMA_SetConfig     stm32f1xx_hal_dma.o
    0x08001928   0x08001928   0x00000002   Code   RO          374    i.DebugMon_Handler  stm32f1xx_it.o
    0x0800192a   0x0800192a   0x00000002   PAD
    0x0800192c   0x0800192c   0x00000014   Code   RO         3035    i.Debug_LED_run_Toggle  debug.o
    0x08001940   0x08001940   0x000000c4   Code   RO         3036    i.Debug_SetPID_basedon_Receive  debug.o
    0x08001a04   0x08001a04   0x0000006c   Code   RO         3096    i.Encoder_PulseGet  encoder.o
    0x08001a70   0x08001a70   0x00000006   Code   RO           13    i.Error_Handler     main.o
    0x08001a76   0x08001a76   0x00000056   Code   RO         1921    i.HAL_DMA_Abort     stm32f1xx_hal_dma.o
    0x08001acc   0x08001acc   0x000001a8   Code   RO         1922    i.HAL_DMA_Abort_IT  stm32f1xx_hal_dma.o
    0x08001c74   0x08001c74   0x00000008   Code   RO         1925    i.HAL_DMA_GetState  stm32f1xx_hal_dma.o
    0x08001c7c   0x08001c7c   0x00000398   Code   RO         1926    i.HAL_DMA_IRQHandler  stm32f1xx_hal_dma.o
    0x08002014   0x08002014   0x0000008c   Code   RO         1927    i.HAL_DMA_Init      stm32f1xx_hal_dma.o
    0x080020a0   0x080020a0   0x0000009c   Code   RO         1931    i.HAL_DMA_Start_IT  stm32f1xx_hal_dma.o
    0x0800213c   0x0800213c   0x00000340   Code   RO         1857    i.HAL_GPIO_Init     stm32f1xx_hal_gpio.o
    0x0800247c   0x0800247c   0x00000014   Code   RO         1860    i.HAL_GPIO_TogglePin  stm32f1xx_hal_gpio.o
    0x08002490   0x08002490   0x0000000c   Code   RO         1861    i.HAL_GPIO_WritePin  stm32f1xx_hal_gpio.o
    0x0800249c   0x0800249c   0x0000000c   Code   RO         1546    i.HAL_GetTick       stm32f1xx_hal.o
    0x080024a8   0x080024a8   0x00000018   Code   RO         1552    i.HAL_IncTick       stm32f1xx_hal.o
    0x080024c0   0x080024c0   0x00000028   Code   RO         1553    i.HAL_Init          stm32f1xx_hal.o
    0x080024e8   0x080024e8   0x0000004c   Code   RO         1554    i.HAL_InitTick      stm32f1xx_hal.o
    0x08002534   0x08002534   0x0000005c   Code   RO          491    i.HAL_MspInit       stm32f1xx_hal_msp.o
    0x08002590   0x08002590   0x00000020   Code   RO         2017    i.HAL_NVIC_EnableIRQ  stm32f1xx_hal_cortex.o
    0x080025b0   0x080025b0   0x0000007c   Code   RO         2023    i.HAL_NVIC_SetPriority  stm32f1xx_hal_cortex.o
    0x0800262c   0x0800262c   0x00000028   Code   RO         2024    i.HAL_NVIC_SetPriorityGrouping  stm32f1xx_hal_cortex.o
    0x08002654   0x08002654   0x0000018c   Code   RO         1710    i.HAL_RCC_ClockConfig  stm32f1xx_hal_rcc.o
    0x080027e0   0x080027e0   0x0000000c   Code   RO         1715    i.HAL_RCC_GetHCLKFreq  stm32f1xx_hal_rcc.o
    0x080027ec   0x080027ec   0x00000020   Code   RO         1717    i.HAL_RCC_GetPCLK1Freq  stm32f1xx_hal_rcc.o
    0x0800280c   0x0800280c   0x00000020   Code   RO         1718    i.HAL_RCC_GetPCLK2Freq  stm32f1xx_hal_rcc.o
    0x0800282c   0x0800282c   0x00000070   Code   RO         1719    i.HAL_RCC_GetSysClockFreq  stm32f1xx_hal_rcc.o
    0x0800289c   0x0800289c   0x00000464   Code   RO         1722    i.HAL_RCC_OscConfig  stm32f1xx_hal_rcc.o
    0x08002d00   0x08002d00   0x00000034   Code   RO         2028    i.HAL_SYSTICK_Config  stm32f1xx_hal_cortex.o
    0x08002d34   0x08002d34   0x00000002   Code   RO         1268    i.HAL_TIMEx_BreakCallback  stm32f1xx_hal_tim_ex.o
    0x08002d36   0x08002d36   0x00000002   Code   RO         1269    i.HAL_TIMEx_CommutCallback  stm32f1xx_hal_tim_ex.o
    0x08002d38   0x08002d38   0x0000009c   Code   RO         1287    i.HAL_TIMEx_MasterConfigSynchronization  stm32f1xx_hal_tim_ex.o
    0x08002dd4   0x08002dd4   0x00000066   Code   RO          553    i.HAL_TIM_Base_Init  stm32f1xx_hal_tim.o
    0x08002e3a   0x08002e3a   0x00000002   PAD
    0x08002e3c   0x08002e3c   0x000000a4   Code   RO          229    i.HAL_TIM_Base_MspInit  tim.o
    0x08002ee0   0x08002ee0   0x00000090   Code   RO          558    i.HAL_TIM_Base_Start_IT  stm32f1xx_hal_tim.o
    0x08002f70   0x08002f70   0x0000010c   Code   RO          562    i.HAL_TIM_ConfigClockSource  stm32f1xx_hal_tim.o
    0x0800307c   0x0800307c   0x000000c4   Code   RO          574    i.HAL_TIM_Encoder_Init  stm32f1xx_hal_tim.o
    0x08003140   0x08003140   0x000000e4   Code   RO          231    i.HAL_TIM_Encoder_MspInit  tim.o
    0x08003224   0x08003224   0x000000cc   Code   RO          577    i.HAL_TIM_Encoder_Start  stm32f1xx_hal_tim.o
    0x080032f0   0x080032f0   0x00000002   Code   RO          587    i.HAL_TIM_IC_CaptureCallback  stm32f1xx_hal_tim.o
    0x080032f2   0x080032f2   0x00000196   Code   RO          601    i.HAL_TIM_IRQHandler  stm32f1xx_hal_tim.o
    0x08003488   0x08003488   0x00000058   Code   RO          232    i.HAL_TIM_MspPostInit  tim.o
    0x080034e0   0x080034e0   0x00000002   Code   RO          604    i.HAL_TIM_OC_DelayElapsedCallback  stm32f1xx_hal_tim.o
    0x080034e2   0x080034e2   0x00000104   Code   RO          625    i.HAL_TIM_PWM_ConfigChannel  stm32f1xx_hal_tim.o
    0x080035e6   0x080035e6   0x00000066   Code   RO          628    i.HAL_TIM_PWM_Init  stm32f1xx_hal_tim.o
    0x0800364c   0x0800364c   0x00000002   Code   RO          630    i.HAL_TIM_PWM_MspInit  stm32f1xx_hal_tim.o
    0x0800364e   0x0800364e   0x00000002   Code   RO          631    i.HAL_TIM_PWM_PulseFinishedCallback  stm32f1xx_hal_tim.o
    0x08003650   0x08003650   0x000000f4   Code   RO          633    i.HAL_TIM_PWM_Start  stm32f1xx_hal_tim.o
    0x08003744   0x08003744   0x00000028   Code   RO         3442    i.HAL_TIM_PeriodElapsedCallback  task_process.o
    0x0800376c   0x0800376c   0x00000002   Code   RO          644    i.HAL_TIM_TriggerCallback  stm32f1xx_hal_tim.o
    0x0800376e   0x0800376e   0x00000072   Code   RO         2553    i.HAL_UARTEx_ReceiveToIdle_DMA  stm32f1xx_hal_uart.o
    0x080037e0   0x080037e0   0x00000118   Code   RO         3255    i.HAL_UARTEx_RxEventCallback  receive.o
    0x080038f8   0x080038f8   0x00000002   Code   RO         2569    i.HAL_UART_ErrorCallback  stm32f1xx_hal_uart.o
    0x080038fa   0x080038fa   0x00000002   PAD
    0x080038fc   0x080038fc   0x000002e4   Code   RO         2572    i.HAL_UART_IRQHandler  stm32f1xx_hal_uart.o
    0x08003be0   0x08003be0   0x00000076   Code   RO         2573    i.HAL_UART_Init     stm32f1xx_hal_uart.o
    0x08003c56   0x08003c56   0x00000002   PAD
    0x08003c58   0x08003c58   0x000001c0   Code   RO          313    i.HAL_UART_MspInit  usart.o
    0x08003e18   0x08003e18   0x00000002   Code   RO         2579    i.HAL_UART_RxCpltCallback  stm32f1xx_hal_uart.o
    0x08003e1a   0x08003e1a   0x00000002   Code   RO         2580    i.HAL_UART_RxHalfCpltCallback  stm32f1xx_hal_uart.o
    0x08003e1c   0x08003e1c   0x0000008c   Code   RO         2582    i.HAL_UART_Transmit_DMA  stm32f1xx_hal_uart.o
    0x08003ea8   0x08003ea8   0x00000002   Code   RO         2584    i.HAL_UART_TxCpltCallback  stm32f1xx_hal_uart.o
    0x08003eaa   0x08003eaa   0x00000002   PAD
    0x08003eac   0x08003eac   0x00000048   Code   RO         3342    i.HAL_UART_TxHalfCpltCallback  transmit.o
    0x08003ef4   0x08003ef4   0x00000004   Code   RO          375    i.HardFault_Handler  stm32f1xx_it.o
    0x08003ef8   0x08003ef8   0x00000054   Code   RO          204    i.MX_DMA_Init       dma.o
    0x08003f4c   0x08003f4c   0x000000f8   Code   RO          180    i.MX_GPIO_Init      gpio.o
    0x08004044   0x08004044   0x00000080   Code   RO          233    i.MX_TIM3_Init      tim.o
    0x080040c4   0x080040c4   0x000000b4   Code   RO          234    i.MX_TIM4_Init      tim.o
    0x08004178   0x08004178   0x0000004c   Code   RO          235    i.MX_TIM6_Init      tim.o
    0x080041c4   0x080041c4   0x0000004c   Code   RO          236    i.MX_TIM7_Init      tim.o
    0x08004210   0x08004210   0x00000084   Code   RO          237    i.MX_TIM8_Init      tim.o
    0x08004294   0x08004294   0x00000038   Code   RO          314    i.MX_USART1_UART_Init  usart.o
    0x080042cc   0x080042cc   0x00000038   Code   RO          315    i.MX_USART2_UART_Init  usart.o
    0x08004304   0x08004304   0x00000004   Code   RO          376    i.MemManage_Handler  stm32f1xx_it.o
    0x08004308   0x08004308   0x000000d4   Code   RO         3126    i.Motor_DirSet      motor.o
    0x080043dc   0x080043dc   0x00000030   Code   RO         3128    i.Motor_DutySet     motor.o
    0x0800440c   0x0800440c   0x00000074   Code   RO         3129    i.Motor_Enable      motor.o
    0x08004480   0x08004480   0x00000068   Code   RO         3130    i.Motor_Output      motor.o
    0x080044e8   0x080044e8   0x00000004   Code   RO          377    i.NMI_Handler       stm32f1xx_it.o
    0x080044ec   0x080044ec   0x00000002   Code   RO          378    i.PendSV_Handler    stm32f1xx_it.o
    0x080044ee   0x080044ee   0x00000002   PAD
    0x080044f0   0x080044f0   0x00000028   Code   RO         1723    i.RCC_Delay         stm32f1xx_hal_rcc.o
    0x08004518   0x08004518   0x000001b0   Code   RO         3256    i.Receive_FindFirstVaildString  receive.o
    0x080046c8   0x080046c8   0x00000014   Code   RO         3257    i.Receive_FlagReset  receive.o
    0x080046dc   0x080046dc   0x00000050   Code   RO         3258    i.Receive_Init      receive.o
    0x0800472c   0x0800472c   0x00000002   Code   RO          379    i.SVC_Handler       stm32f1xx_it.o
    0x0800472e   0x0800472e   0x00000002   PAD
    0x08004730   0x08004730   0x00000018   Code   RO          380    i.SysTick_Handler   stm32f1xx_it.o
    0x08004748   0x08004748   0x00000066   Code   RO           14    i.SystemClock_Config  main.o
    0x080047ae   0x080047ae   0x00000002   Code   RO         2917    i.SystemInit        system_stm32f1xx_1.o
    0x080047b0   0x080047b0   0x00000010   Code   RO          381    i.TIM6_IRQHandler   stm32f1xx_it.o
    0x080047c0   0x080047c0   0x00000010   Code   RO          382    i.TIM7_IRQHandler   stm32f1xx_it.o
    0x080047d0   0x080047d0   0x0000009c   Code   RO          646    i.TIM_Base_SetConfig  stm32f1xx_hal_tim.o
    0x0800486c   0x0800486c   0x00000022   Code   RO          647    i.TIM_CCxChannelCmd  stm32f1xx_hal_tim.o
    0x0800488e   0x0800488e   0x00000016   Code   RO          657    i.TIM_ETR_SetConfig  stm32f1xx_hal_tim.o
    0x080048a4   0x080048a4   0x00000012   Code   RO          658    i.TIM_ITRx_SetConfig  stm32f1xx_hal_tim.o
    0x080048b6   0x080048b6   0x00000002   PAD
    0x080048b8   0x080048b8   0x00000070   Code   RO          659    i.TIM_OC1_SetConfig  stm32f1xx_hal_tim.o
    0x08004928   0x08004928   0x0000007c   Code   RO          660    i.TIM_OC2_SetConfig  stm32f1xx_hal_tim.o
    0x080049a4   0x080049a4   0x00000078   Code   RO          661    i.TIM_OC3_SetConfig  stm32f1xx_hal_tim.o
    0x08004a1c   0x08004a1c   0x00000054   Code   RO          662    i.TIM_OC4_SetConfig  stm32f1xx_hal_tim.o
    0x08004a70   0x08004a70   0x00000026   Code   RO          664    i.TIM_TI1_ConfigInputStage  stm32f1xx_hal_tim.o
    0x08004a96   0x08004a96   0x00000028   Code   RO          666    i.TIM_TI2_ConfigInputStage  stm32f1xx_hal_tim.o
    0x08004abe   0x08004abe   0x00000002   PAD
    0x08004ac0   0x08004ac0   0x00000054   Code   RO         3443    i.TaskProcess_Init  task_process.o
    0x08004b14   0x08004b14   0x00000040   Code   RO         3343    i.Transmit_Init     transmit.o
    0x08004b54   0x08004b54   0x0000008a   Code   RO         3344    i.Transmit_Send     transmit.o
    0x08004bde   0x08004bde   0x00000050   Code   RO         3345    i.Transmit_printf   transmit.o
    0x08004c2e   0x08004c2e   0x00000014   Code   RO         2586    i.UART_DMAAbortOnError  stm32f1xx_hal_uart.o
    0x08004c42   0x08004c42   0x00000050   Code   RO         2587    i.UART_DMAError     stm32f1xx_hal_uart.o
    0x08004c92   0x08004c92   0x000000b4   Code   RO         2588    i.UART_DMAReceiveCplt  stm32f1xx_hal_uart.o
    0x08004d46   0x08004d46   0x00000024   Code   RO         2590    i.UART_DMARxHalfCplt  stm32f1xx_hal_uart.o
    0x08004d6a   0x08004d6a   0x00000058   Code   RO         2592    i.UART_DMATransmitCplt  stm32f1xx_hal_uart.o
    0x08004dc2   0x08004dc2   0x0000000e   Code   RO         2594    i.UART_DMATxHalfCplt  stm32f1xx_hal_uart.o
    0x08004dd0   0x08004dd0   0x0000006c   Code   RO         2596    i.UART_EndRxTransfer  stm32f1xx_hal_uart.o
    0x08004e3c   0x08004e3c   0x00000020   Code   RO         2597    i.UART_EndTransmit_IT  stm32f1xx_hal_uart.o
    0x08004e5c   0x08004e5c   0x00000026   Code   RO         2598    i.UART_EndTxTransfer  stm32f1xx_hal_uart.o
    0x08004e82   0x08004e82   0x000000fc   Code   RO         2599    i.UART_Receive_IT   stm32f1xx_hal_uart.o
    0x08004f7e   0x08004f7e   0x00000002   PAD
    0x08004f80   0x08004f80   0x000000fc   Code   RO         2600    i.UART_SetConfig    stm32f1xx_hal_uart.o
    0x0800507c   0x0800507c   0x000000c8   Code   RO         2601    i.UART_Start_Receive_DMA  stm32f1xx_hal_uart.o
    0x08005144   0x08005144   0x00000060   Code   RO         2603    i.UART_Transmit_IT  stm32f1xx_hal_uart.o
    0x080051a4   0x080051a4   0x00000010   Code   RO          383    i.USART1_IRQHandler  stm32f1xx_it.o
    0x080051b4   0x080051b4   0x00000010   Code   RO          384    i.USART2_IRQHandler  stm32f1xx_it.o
    0x080051c4   0x080051c4   0x00000004   Code   RO          385    i.UsageFault_Handler  stm32f1xx_it.o
    0x080051c8   0x080051c8   0x00000020   Code   RO         3781    i.__0printf         mc_w.l(printfa.o)
    0x080051e8   0x080051e8   0x00000024   Code   RO         3787    i.__0vsprintf       mc_w.l(printfa.o)
    0x0800520c   0x0800520c   0x00000010   Code   RO         2030    i.__NVIC_GetPriorityGrouping  stm32f1xx_hal_cortex.o
    0x0800521c   0x0800521c   0x00000028   Code   RO         2031    i.__NVIC_SetPriority  stm32f1xx_hal_cortex.o
    0x08005244   0x08005244   0x0000000e   Code   RO         3892    i.__scatterload_copy  mc_w.l(handlers.o)
    0x08005252   0x08005252   0x00000002   Code   RO         3893    i.__scatterload_null  mc_w.l(handlers.o)
    0x08005254   0x08005254   0x0000000e   Code   RO         3894    i.__scatterload_zeroinit  mc_w.l(handlers.o)
    0x08005262   0x08005262   0x00000002   PAD
    0x08005264   0x08005264   0x00000184   Code   RO         3788    i._fp_digits        mc_w.l(printfa.o)
    0x080053e8   0x080053e8   0x0000000e   Code   RO         3815    i._is_digit         mc_w.l(scanf_fp.o)
    0x080053f6   0x080053f6   0x00000002   PAD
    0x080053f8   0x080053f8   0x000006dc   Code   RO         3789    i._printf_core      mc_w.l(printfa.o)
    0x08005ad4   0x08005ad4   0x00000024   Code   RO         3790    i._printf_post_padding  mc_w.l(printfa.o)
    0x08005af8   0x08005af8   0x0000002e   Code   RO         3791    i._printf_pre_padding  mc_w.l(printfa.o)
    0x08005b26   0x08005b26   0x0000000a   Code   RO         3793    i._sputc            mc_w.l(printfa.o)
    0x08005b30   0x08005b30   0x00000028   Code   RO         3180    i.abs_limit         pid.o
    0x08005b58   0x08005b58   0x00000228   Code   RO         3037    i.cmd_information_find  debug.o
    0x08005d80   0x08005d80   0x0000001c   Code   RO          316    i.fputc             usart.o
    0x08005d9c   0x08005d9c   0x0000000e   Code   RO         3396    i.list_insert_before  list.o
    0x08005daa   0x08005daa   0x00000002   PAD
    0x08005dac   0x08005dac   0x000000c0   Code   RO           15    i.main              main.o
    0x08005e6c   0x08005e6c   0x00000110   Code   RO         3181    i.pid_calculate     pid.o
    0x08005f7c   0x08005f7c   0x00000008   Code   RO         3182    i.pid_clear         pid.o
    0x08005f84   0x08005f84   0x0000001c   Code   RO         3183    i.pid_param_init    pid.o
    0x08005fa0   0x08005fa0   0x00000014   Code   RO         3184    i.pid_reset         pid.o
    0x08005fb4   0x08005fb4   0x000000bc   Code   RO         3038    i.pid_set           debug.o
    0x08006070   0x08006070   0x00000008   Code   RO         3185    i.pid_set_P_I_D     pid.o
    0x08006078   0x08006078   0x00000008   Code   RO         3186    i.pid_set_err_limit  pid.o
    0x08006080   0x08006080   0x00000006   Code   RO         3187    i.pid_set_out_limit  pid.o
    0x08006086   0x08006086   0x00000004   Code   RO         3188    i.pid_set_target    pid.o
    0x0800608a   0x0800608a   0x00000002   PAD
    0x0800608c   0x0800608c   0x00000054   Code   RO         3189    i.pid_struct_init   pid.o
    0x080060e0   0x080060e0   0x00000074   Code   RO         3306    i.ring_add          ring.o
    0x08006154   0x08006154   0x0000007a   Code   RO         3307    i.ring_fetch        ring.o
    0x080061ce   0x080061ce   0x0000001c   Code   RO         3308    i.ring_init         ring.o
    0x080061ea   0x080061ea   0x0000000c   Code   RO         3309    i.ring_usedspace_get  ring.o
    0x080061f6   0x080061f6   0x00000002   PAD
    0x080061f8   0x080061f8   0x00000028   Code   RO         3475    i.timeslice_exec    timesilce_task.o
    0x08006220   0x08006220   0x00000014   Code   RO         3478    i.timeslice_task_add  timesilce_task.o
    0x08006234   0x08006234   0x00000010   Code   RO         3480    i.timeslice_task_init  timesilce_task.o
    0x08006244   0x08006244   0x00000030   Code   RO         3482    i.timeslice_tick    timesilce_task.o
    0x08006274   0x08006274   0x00000012   Data   RO         1724    .constdata          stm32f1xx_hal_rcc.o
    0x08006286   0x08006286   0x00000018   Data   RO         2918    .constdata          system_stm32f1xx_1.o
    0x0800629e   0x0800629e   0x00000040   Data   RO         3888    .constdata          mc_w.l(ctype_c.o)
    0x080062de   0x080062de   0x00000002   PAD
    0x080062e0   0x080062e0   0x00000057   Data   RO         2961    .conststring        control.o
    0x08006337   0x08006337   0x00000001   PAD
    0x08006338   0x08006338   0x00000020   Data   RO         3890    Region$$Table       anon$$obj.o


    Execution Region RW_IRAM1 (Exec base: 0x20000000, Load base: 0x08006358, Size: 0x00000ff0, Max: 0x00010000, ABSOLUTE)

    Exec Addr    Load Addr    Size         Type   Attr      Idx    E Section Name        Object

    0x20000000   0x08006358   0x00000004   Data   RW          386    .data               stm32f1xx_it.o
    0x20000004   0x0800635c   0x00000009   Data   RW         1560    .data               stm32f1xx_hal.o
    0x2000000d   0x08006365   0x00000003   PAD
    0x20000010   0x08006368   0x00000004   Data   RW         2919    .data               system_stm32f1xx_1.o
    0x20000014   0x0800636c   0x00000049   Data   RW         2962    .data               control.o
    0x2000005d   0x080063b5   0x00000003   PAD
    0x20000060   0x080063b8   0x00000019   Data   RW         3041    .data               debug.o
    0x20000079   0x080063d1   0x00000003   PAD
    0x2000007c   0x080063d4   0x0000000c   Data   RW         3097    .data               encoder.o
    0x20000088   0x080063e0   0x00000008   Data   RW         3131    .data               motor.o
    0x20000090   0x080063e8   0x00000009   Data   RW         3261    .data               receive.o
    0x20000099   0x080063f1   0x00000003   PAD
    0x2000009c   0x080063f4   0x00000005   Data   RW         3347    .data               transmit.o
    0x200000a1   0x080063f9   0x00000003   PAD
    0x200000a4   0x080063fc   0x00000008   Data   RW         3483    .data               timesilce_task.o
    0x200000ac   0x08006404   0x00000004   Data   RW         3851    .data               mc_w.l(stdout.o)
    0x200000b0        -       0x00000168   Zero   RW          238    .bss                tim.o
    0x20000218        -       0x0000015c   Zero   RW          317    .bss                usart.o
    0x20000374        -       0x000001bc   Zero   RW         2960    .bss                control.o
    0x20000530        -       0x000000b0   Zero   RW         3039    .bss                debug.o
    0x200005e0        -       0x000001a8   Zero   RW         3260    .bss                receive.o
    0x20000788        -       0x00000410   Zero   RW         3346    .bss                transmit.o
    0x20000b98        -       0x00000054   Zero   RW         3444    .bss                task_process.o
    0x20000bec   0x08006408   0x00000004   PAD
    0x20000bf0        -       0x00000400   Zero   RW            1    STACK               startup_stm32f103xe.o


==============================================================================

Image component sizes


      Code (inc. data)   RO Data    RW Data    ZI Data      Debug   Object Name

      1604        328         87         73        444       7460   control.o
       956        300          0         25        176       4275   debug.o
        84          4          0          0          0        898   dma.o
       108         24          0         12          0       1073   encoder.o
       248         16          0          0          0       1123   gpio.o
        14          0          0          0          0       1849   list.o
       300         50          0          0          0     492715   main.o
       480         52          0          8          0       4897   motor.o
       478          8          0          0          0       7323   pid.o
       812         10          0          9        424       5514   receive.o
       278          0          0          0          0       3397   ring.o
        36          8        304          0       1024        872   startup_stm32f103xe.o
       152         32          0          9          0       6377   stm32f1xx_hal.o
       304         22          0          0          0      29907   stm32f1xx_hal_cortex.o
      1778         28          0          0          0       6413   stm32f1xx_hal_dma.o
       864         40          0          0          0       3585   stm32f1xx_hal_gpio.o
        92         10          0          0          0       1034   stm32f1xx_hal_msp.o
      1748         98         18          0          0       6528   stm32f1xx_hal_rcc.o
      2684        102          0          0          0      19447   stm32f1xx_hal_tim.o
       160         22          0          0          0       2717   stm32f1xx_hal_tim_ex.o
      2516         34          0          0          0      17221   stm32f1xx_hal_uart.o
       162         48          0          4          0       8650   stm32f1xx_it.o
         2          0         24          4          0       1331   system_stm32f1xx_1.o
       124         36          0          0         84       2655   task_process.o
      1072        100          0          0        360       6334   tim.o
       124         14          0          8          0       3185   timesilce_task.o
       354         10          0          5       1040       5103   transmit.o
       588         58          0          0        348       4832   usart.o

    ----------------------------------------------------------------------
     18148       1454        466        172       3904     656715   Object Totals
         0          0         32          0          0          0   (incl. Generated)
        26          0          1         15          4          0   (incl. Padding)

    ----------------------------------------------------------------------

      Code (inc. data)   RO Data    RW Data    ZI Data      Debug   Library Member Name

        56          8          0          0          0         84   __0sscanf.o
       812          4          0          0          0        112   _scanf.o
       224          0          0          0          0         96   _scanf_str.o
        64          0          0          0          0         84   _sgetc.o
        40          6         64          0          0         68   ctype_c.o
         0          0          0          0          0          0   entry.o
         0          0          0          0          0          0   entry10a.o
         0          0          0          0          0          0   entry11a.o
         8          4          0          0          0          0   entry2.o
         4          0          0          0          0          0   entry5.o
         0          0          0          0          0          0   entry7b.o
         0          0          0          0          0          0   entry8b.o
         8          4          0          0          0          0   entry9a.o
        30          0          0          0          0          0   handlers.o
        36          8          0          0          0         68   init.o
        10          0          0          0          0         68   isspace_c.o
         0          0          0          0          0          0   iusefp.o
        30          0          0          0          0         68   llshl.o
        36          0          0          0          0         68   llsshr.o
        32          0          0          0          0         68   llushr.o
        36          0          0          0          0         68   memcpya.o
        36          0          0          0          0        108   memseta.o
      2304         96          0          0          0        600   printfa.o
        40          8          0          0          0         84   scanf_char.o
       878         12          0          0          0        216   scanf_fp.o
         0          0          0          4          0          0   stdout.o
        20          0          0          0          0         68   strchr.o
        14          0          0          0          0         68   strlen.o
        30          0          0          0          0         80   strncmp.o
        44          0          0          0          0         80   uidiv.o
        98          0          0          0          0         92   uldiv.o
        48          0          0          0          0         68   cdcmple.o
        48          0          0          0          0         68   cdrcmple.o
        20          0          0          0          0         68   cfcmple.o
        20          0          0          0          0         68   cfrcmple.o
        56          0          0          0          0         88   d2f.o
       334          0          0          0          0        148   dadd.o
       222          0          0          0          0        100   ddiv.o
       186          0          0          0          0        176   depilogue.o
        48          0          0          0          0         68   dfixul.o
        24          0          0          0          0         76   dfltul.o
       228          0          0          0          0         96   dmul.o
        38          0          0          0          0         68   f2d.o
       176          0          0          0          0        140   fadd.o
       124          0          0          0          0         88   fdiv.o
       110          0          0          0          0        168   fepilogue.o
        50          0          0          0          0         68   ffixi.o
        18          0          0          0          0         68   fflti.o
       100          0          0          0          0         76   fmul.o

    ----------------------------------------------------------------------
      6752        150         66          4          0       3948   Library Totals
        12          0          2          0          0          0   (incl. Padding)

    ----------------------------------------------------------------------

      Code (inc. data)   RO Data    RW Data    ZI Data      Debug   Library Name

      4890        150         64          4          0       2248   mc_w.l
      1850          0          0          0          0       1700   mf_w.l

    ----------------------------------------------------------------------
      6752        150         66          4          0       3948   Library Totals

    ----------------------------------------------------------------------

==============================================================================


      Code (inc. data)   RO Data    RW Data    ZI Data      Debug   

     24900       1604        532        176       3904     650779   Grand Totals
     24900       1604        532        176       3904     650779   ELF Image Totals
     24900       1604        532        176          0          0   ROM Totals

==============================================================================

    Total RO  Size (Code + RO Data)                25432 (  24.84kB)
    Total RW  Size (RW Data + ZI Data)              4080 (   3.98kB)
    Total ROM Size (Code + RO Data + RW Data)      25608 (  25.01kB)

==============================================================================

