Component: ARM Compiler 5.06 update 6 (build 750) Tool: armlink [4d35ed]

==============================================================================

Section Cross References

    startup_stm32f103xe.o(RESET) refers to startup_stm32f103xe.o(STACK) for __initial_sp
    startup_stm32f103xe.o(RESET) refers to startup_stm32f103xe.o(.text) for Reset_Handler
    startup_stm32f103xe.o(RESET) refers to stm32f1xx_it.o(i.NMI_Handler) for NMI_Handler
    startup_stm32f103xe.o(RESET) refers to stm32f1xx_it.o(i.HardFault_Handler) for HardFault_Handler
    startup_stm32f103xe.o(RESET) refers to stm32f1xx_it.o(i.MemManage_Handler) for MemManage_Handler
    startup_stm32f103xe.o(RESET) refers to stm32f1xx_it.o(i.BusFault_Handler) for BusFault_Handler
    startup_stm32f103xe.o(RESET) refers to stm32f1xx_it.o(i.UsageFault_Handler) for UsageFault_Handler
    startup_stm32f103xe.o(RESET) refers to stm32f1xx_it.o(i.SVC_Handler) for SVC_Handler
    startup_stm32f103xe.o(RESET) refers to stm32f1xx_it.o(i.DebugMon_Handler) for DebugMon_Handler
    startup_stm32f103xe.o(RESET) refers to stm32f1xx_it.o(i.PendSV_Handler) for PendSV_Handler
    startup_stm32f103xe.o(RESET) refers to stm32f1xx_it.o(i.SysTick_Handler) for SysTick_Handler
    startup_stm32f103xe.o(RESET) refers to stm32f1xx_it.o(i.DMA1_Channel5_IRQHandler) for DMA1_Channel5_IRQHandler
    startup_stm32f103xe.o(RESET) refers to stm32f1xx_it.o(i.USART1_IRQHandler) for USART1_IRQHandler
    startup_stm32f103xe.o(RESET) refers to stm32f1xx_it.o(i.TIM6_IRQHandler) for TIM6_IRQHandler
    startup_stm32f103xe.o(RESET) refers to stm32f1xx_it.o(i.TIM7_IRQHandler) for TIM7_IRQHandler
    startup_stm32f103xe.o(.text) refers to system_stm32f1xx_1.o(i.SystemInit) for SystemInit
    startup_stm32f103xe.o(.text) refers to entry.o(.ARM.Collect$$$$00000000) for __main
    main.o(i.SystemClock_Config) refers to memseta.o(.text) for __aeabi_memclr4
    main.o(i.SystemClock_Config) refers to stm32f1xx_hal_rcc.o(i.HAL_RCC_OscConfig) for HAL_RCC_OscConfig
    main.o(i.SystemClock_Config) refers to main.o(i.Error_Handler) for Error_Handler
    main.o(i.SystemClock_Config) refers to stm32f1xx_hal_rcc.o(i.HAL_RCC_ClockConfig) for HAL_RCC_ClockConfig
    main.o(i.main) refers to stm32f1xx_hal.o(i.HAL_Init) for HAL_Init
    main.o(i.main) refers to main.o(i.SystemClock_Config) for SystemClock_Config
    main.o(i.main) refers to gpio.o(i.MX_GPIO_Init) for MX_GPIO_Init
    main.o(i.main) refers to dma.o(i.MX_DMA_Init) for MX_DMA_Init
    main.o(i.main) refers to tim.o(i.MX_TIM6_Init) for MX_TIM6_Init
    main.o(i.main) refers to tim.o(i.MX_TIM7_Init) for MX_TIM7_Init
    main.o(i.main) refers to tim.o(i.MX_TIM8_Init) for MX_TIM8_Init
    main.o(i.main) refers to usart.o(i.MX_USART1_UART_Init) for MX_USART1_UART_Init
    main.o(i.main) refers to tim.o(i.MX_TIM4_Init) for MX_TIM4_Init
    main.o(i.main) refers to tim.o(i.MX_TIM3_Init) for MX_TIM3_Init
    main.o(i.main) refers to stm32f1xx_hal_tim.o(i.HAL_TIM_Encoder_Start) for HAL_TIM_Encoder_Start
    main.o(i.main) refers to stm32f1xx_hal_tim.o(i.HAL_TIM_Base_Start_IT) for HAL_TIM_Base_Start_IT
    main.o(i.main) refers to control.o(i.Control_PID_Init) for Control_PID_Init
    main.o(i.main) refers to receive.o(i.Receive_BufInit) for Receive_BufInit
    main.o(i.main) refers to motor.o(i.Motor_Enable) for Motor_Enable
    main.o(i.main) refers to debug.o(i.Debug_SetPIDbasedonReceive) for Debug_SetPIDbasedonReceive
    main.o(i.main) refers to tim.o(.bss) for htim3
    gpio.o(i.MX_GPIO_Init) refers to stm32f1xx_hal_gpio.o(i.HAL_GPIO_WritePin) for HAL_GPIO_WritePin
    gpio.o(i.MX_GPIO_Init) refers to stm32f1xx_hal_gpio.o(i.HAL_GPIO_Init) for HAL_GPIO_Init
    dma.o(i.MX_DMA_Init) refers to stm32f1xx_hal_cortex.o(i.HAL_NVIC_SetPriority) for HAL_NVIC_SetPriority
    dma.o(i.MX_DMA_Init) refers to stm32f1xx_hal_cortex.o(i.HAL_NVIC_EnableIRQ) for HAL_NVIC_EnableIRQ
    tim.o(i.HAL_TIM_Base_MspDeInit) refers to stm32f1xx_hal_cortex.o(i.HAL_NVIC_DisableIRQ) for HAL_NVIC_DisableIRQ
    tim.o(i.HAL_TIM_Base_MspInit) refers to stm32f1xx_hal_cortex.o(i.HAL_NVIC_SetPriority) for HAL_NVIC_SetPriority
    tim.o(i.HAL_TIM_Base_MspInit) refers to stm32f1xx_hal_cortex.o(i.HAL_NVIC_EnableIRQ) for HAL_NVIC_EnableIRQ
    tim.o(i.HAL_TIM_Encoder_MspDeInit) refers to stm32f1xx_hal_gpio.o(i.HAL_GPIO_DeInit) for HAL_GPIO_DeInit
    tim.o(i.HAL_TIM_Encoder_MspInit) refers to stm32f1xx_hal_gpio.o(i.HAL_GPIO_Init) for HAL_GPIO_Init
    tim.o(i.HAL_TIM_MspPostInit) refers to stm32f1xx_hal_gpio.o(i.HAL_GPIO_Init) for HAL_GPIO_Init
    tim.o(i.MX_TIM3_Init) refers to memseta.o(.text) for __aeabi_memclr4
    tim.o(i.MX_TIM3_Init) refers to stm32f1xx_hal_tim.o(i.HAL_TIM_Encoder_Init) for HAL_TIM_Encoder_Init
    tim.o(i.MX_TIM3_Init) refers to main.o(i.Error_Handler) for Error_Handler
    tim.o(i.MX_TIM3_Init) refers to stm32f1xx_hal_tim_ex.o(i.HAL_TIMEx_MasterConfigSynchronization) for HAL_TIMEx_MasterConfigSynchronization
[...]
    handlers.s                               0x00000000   Number         0  handlers.o ABSOLUTE
    init.s                                   0x00000000   Number         0  init.o ABSOLUTE
    startup_stm32f103xe.s                    0x00000000   Number         0  startup_stm32f103xe.o ABSOLUTE
    RESET                                    0x08000000   Section      304  startup_stm32f103xe.o(RESET)
    .ARM.Collect$$$$00000000                 0x08000130   Section        0  entry.o(.ARM.Collect$$$$00000000)
    .ARM.Collect$$$$00000001                 0x08000130   Section        4  entry2.o(.ARM.Collect$$$$00000001)
    .ARM.Collect$$$$00000004                 0x08000134   Section        4  entry5.o(.ARM.Collect$$$$00000004)
    .ARM.Collect$$$$00000008                 0x08000138   Section        0  entry7b.o(.ARM.Collect$$$$00000008)
    .ARM.Collect$$$$0000000A                 0x08000138   Section        0  entry8b.o(.ARM.Collect$$$$0000000A)
    .ARM.Collect$$$$0000000B                 0x08000138   Section        8  entry9a.o(.ARM.Collect$$$$0000000B)
    .ARM.Collect$$$$0000000D                 0x08000140   Section        0  entry10a.o(.ARM.Collect$$$$0000000D)
    .ARM.Collect$$$$0000000F                 0x08000140   Section        0  entry11a.o(.ARM.Collect$$$$0000000F)
    .ARM.Collect$$$$00002712                 0x08000140   Section        4  entry2.o(.ARM.Collect$$$$00002712)
    __lit__00000000                          0x08000140   Data           4  entry2.o(.ARM.Collect$$$$00002712)
    .text                                    0x08000144   Section       36  startup_stm32f103xe.o(.text)
    .text                                    0x08000168   Section        0  llushr.o(.text)
    .text                                    0x08000188   Section        0  memcpya.o(.text)
    .text                                    0x080001ac   Section        0  memseta.o(.text)
    .text                                    0x080001d0   Section        0  strchr.o(.text)
    .text                                    0x080001e4   Section        0  strlen.o(.text)
    .text                                    0x080001f2   Section        0  strncmp.o(.text)
    .text                                    0x08000210   Section        0  __0sscanf.o(.text)
    .text                                    0x08000248   Section        0  _scanf_str.o(.text)
    .text                                    0x08000328   Section        0  scanf_fp.o(.text)
    _fp_value                                0x08000329   Thumb Code   296  scanf_fp.o(.text)
    .text                                    0x08000688   Section        0  fadd.o(.text)
    .text                                    0x08000738   Section        0  fmul.o(.text)
    .text                                    0x0800079c   Section        0  fdiv.o(.text)
    .text                                    0x08000818   Section        0  dmul.o(.text)
    .text                                    0x080008fc   Section        0  ddiv.o(.text)
    .text                                    0x080009da   Section        0  fflti.o(.text)
    .text                                    0x080009ec   Section        0  ffixi.o(.text)
    .text                                    0x08000a1e   Section        0  f2d.o(.text)
    .text                                    0x08000a44   Section       48  cdcmple.o(.text)
    .text                                    0x08000a74   Section       48  cdrcmple.o(.text)
    .text                                    0x08000aa4   Section        0  d2f.o(.text)
    .text                                    0x08000adc   Section       20  cfcmple.o(.text)
    .text                                    0x08000af0   Section       20  cfrcmple.o(.text)
    .text                                    0x08000b04   Section        0  uidiv.o(.text)
    .text                                    0x08000b30   Section        0  uldiv.o(.text)
    .text                                    0x08000b94   Section        0  scanf_char.o(.text)
    _scanf_char_input                        0x08000b95   Thumb Code    12  scanf_char.o(.text)
    .text                                    0x08000bbc   Section        0  _sgetc.o(.text)
    .text                                    0x08000bfc   Section        0  iusefp.o(.text)
    .text                                    0x08000bfc   Section        0  fepilogue.o(.text)
    .text                                    0x08000c6a   Section        0  depilogue.o(.text)
    .text                                    0x08000d24   Section        0  dadd.o(.text)
    .text                                    0x08000e72   Section        0  dfltul.o(.text)
    .text                                    0x08000e8a   Section        0  dfixul.o(.text)
    .text                                    0x08000ebc   Section       36  init.o(.text)
    .text                                    0x08000ee0   Section        0  llshl.o(.text)
    .text                                    0x08000efe   Section        0  llsshr.o(.text)
    .text                                    0x08000f22   Section        0  isspace_c.o(.text)
    .text                                    0x08000f2c   Section        0  _scanf.o(.text)
    .text                                    0x08001258   Section        0  ctype_c.o(.text)
    i.BusFault_Handler                       0x08001280   Section        0  stm32f1xx_it.o(i.BusFault_Handler)
    i.Control_Location                       0x08001284   Section        0  control.o(i.Control_Location)
    Control_Location                         0x08001285   Thumb Code    54  control.o(i.Control_Location)
    i.Control_LocationSpeed                  0x080012cc   Section        0  control.o(i.Control_LocationSpeed)
    Control_LocationSpeed                    0x080012cd   Thumb Code   192  control.o(i.Control_LocationSpeed)
    i.Control_PID_Init                       0x080013c0   Section        0  control.o(i.Control_PID_Init)
    i.Control_PIDs_Get                       0x08001454   Section        0  control.o(i.Control_PIDs_Get)
    i.Control_Speed                          0x08001480   Section        0  control.o(i.Control_Speed)
    Control_Speed                            0x08001481   Thumb Code    50  control.o(i.Control_Speed)
    i.DMA1_Channel5_IRQHandler               0x080014c8   Section        0  stm32f1xx_it.o(i.DMA1_Channel5_IRQHandler)
    i.DMA_SetConfig                          0x080014d8   Section        0  stm32f1xx_hal_dma.o(i.DMA_SetConfig)
    DMA_SetConfig                            0x080014d9   Thumb Code    44  stm32f1xx_hal_dma.o(i.DMA_SetConfig)
    i.DebugMon_Handler                       0x08001504   Section        0  stm32f1xx_it.o(i.DebugMon_Handler)
    i.Debug_SetPIDbasedonReceive             0x08001508   Section        0  debug.o(i.Debug_SetPIDbasedonReceive)
    i.Encoder_PulseGet                       0x080015dc   Section        0  encoder.o(i.Encoder_PulseGet)
    i.Error_Handler                          0x08001648   Section        0  main.o(i.Error_Handler)
    i.HAL_DMA_Abort                          0x0800164e   Section        0  stm32f1xx_hal_dma.o(i.HAL_DMA_Abort)
    i.HAL_DMA_Abort_IT                       0x080016a4   Section        0  stm32f1xx_hal_dma.o(i.HAL_DMA_Abort_IT)
    i.HAL_DMA_IRQHandler                     0x0800184c   Section        0  stm32f1xx_hal_dma.o(i.HAL_DMA_IRQHandler)
    i.HAL_DMA_Init                           0x08001be4   Section        0  stm32f1xx_hal_dma.o(i.HAL_DMA_Init)
    i.HAL_DMA_Start_IT                       0x08001c70   Section        0  stm32f1xx_hal_dma.o(i.HAL_DMA_Start_IT)
    i.HAL_GPIO_Init                          0x08001d0c   Section        0  stm32f1xx_hal_gpio.o(i.HAL_GPIO_Init)
    i.HAL_GPIO_TogglePin                     0x0800204c   Section        0  stm32f1xx_hal_gpio.o(i.HAL_GPIO_TogglePin)
    i.HAL_GPIO_WritePin                      0x08002060   Section        0  stm32f1xx_hal_gpio.o(i.HAL_GPIO_WritePin)
    i.HAL_GetTick                            0x0800206c   Section        0  stm32f1xx_hal.o(i.HAL_GetTick)
    i.HAL_IncTick                            0x08002078   Section        0  stm32f1xx_hal.o(i.HAL_IncTick)
    i.HAL_Init                               0x08002090   Section        0  stm32f1xx_hal.o(i.HAL_Init)
    i.HAL_InitTick                           0x080020b8   Section        0  stm32f1xx_hal.o(i.HAL_InitTick)
    i.HAL_MspInit                            0x08002104   Section        0  stm32f1xx_hal_msp.o(i.HAL_MspInit)
    i.HAL_NVIC_EnableIRQ                     0x08002160   Section        0  stm32f1xx_hal_cortex.o(i.HAL_NVIC_EnableIRQ)
    i.HAL_NVIC_SetPriority                   0x08002180   Section        0  stm32f1xx_hal_cortex.o(i.HAL_NVIC_SetPriority)
    i.HAL_NVIC_SetPriorityGrouping           0x080021fc   Section        0  stm32f1xx_hal_cortex.o(i.HAL_NVIC_SetPriorityGrouping)
    i.HAL_RCC_ClockConfig                    0x08002224   Section        0  stm32f1xx_hal_rcc.o(i.HAL_RCC_ClockConfig)
    i.HAL_RCC_GetHCLKFreq                    0x080023b0   Section        0  stm32f1xx_hal_rcc.o(i.HAL_RCC_GetHCLKFreq)
    i.HAL_RCC_GetPCLK1Freq                   0x080023bc   Section        0  stm32f1xx_hal_rcc.o(i.HAL_RCC_GetPCLK1Freq)
    i.HAL_RCC_GetPCLK2Freq                   0x080023dc   Section        0  stm32f1xx_hal_rcc.o(i.HAL_RCC_GetPCLK2Freq)
    i.HAL_RCC_GetSysClockFreq                0x080023fc   Section        0  stm32f1xx_hal_rcc.o(i.HAL_RCC_GetSysClockFreq)
    i.HAL_RCC_OscConfig                      0x0800246c   Section        0  stm32f1xx_hal_rcc.o(i.HAL_RCC_OscConfig)
    i.HAL_SYSTICK_Config                     0x080028d0   Section        0  stm32f1xx_hal_cortex.o(i.HAL_SYSTICK_Config)
    i.HAL_TIMEx_BreakCallback                0x08002904   Section        0  stm32f1xx_hal_tim_ex.o(i.HAL_TIMEx_BreakCallback)
    i.HAL_TIMEx_CommutCallback               0x08002906   Section        0  stm32f1xx_hal_tim_ex.o(i.HAL_TIMEx_CommutCallback)
    i.HAL_TIMEx_MasterConfigSynchronization  0x08002908   Section        0  stm32f1xx_hal_tim_ex.o(i.HAL_TIMEx_MasterConfigSynchronization)
    i.HAL_TIM_Base_Init                      0x080029a4   Section        0  stm32f1xx_hal_tim.o(i.HAL_TIM_Base_Init)
    i.HAL_TIM_Base_MspInit                   0x08002a0c   Section        0  tim.o(i.HAL_TIM_Base_MspInit)
    i.HAL_TIM_Base_Start_IT                  0x08002ab0   Section        0  stm32f1xx_hal_tim.o(i.HAL_TIM_Base_Start_IT)
    i.HAL_TIM_ConfigClockSource              0x08002b40   Section        0  stm32f1xx_hal_tim.o(i.HAL_TIM_ConfigClockSource)
    i.HAL_TIM_Encoder_Init                   0x08002c4c   Section        0  stm32f1xx_hal_tim.o(i.HAL_TIM_Encoder_Init)
    i.HAL_TIM_Encoder_MspInit                0x08002d10   Section        0  tim.o(i.HAL_TIM_Encoder_MspInit)
    i.HAL_TIM_Encoder_Start                  0x08002df4   Section        0  stm32f1xx_hal_tim.o(i.HAL_TIM_Encoder_Start)
    i.HAL_TIM_IC_CaptureCallback             0x08002ec0   Section        0  stm32f1xx_hal_tim.o(i.HAL_TIM_IC_CaptureCallback)
    i.HAL_TIM_IRQHandler                     0x08002ec2   Section        0  stm32f1xx_hal_tim.o(i.HAL_TIM_IRQHandler)
    i.HAL_TIM_MspPostInit                    0x08003058   Section        0  tim.o(i.HAL_TIM_MspPostInit)
    i.HAL_TIM_OC_DelayElapsedCallback        0x080030b0   Section        0  stm32f1xx_hal_tim.o(i.HAL_TIM_OC_DelayElapsedCallback)
    i.HAL_TIM_PWM_ConfigChannel              0x080030b2   Section        0  stm32f1xx_hal_tim.o(i.HAL_TIM_PWM_ConfigChannel)
    i.HAL_TIM_PWM_Init                       0x080031b6   Section        0  stm32f1xx_hal_tim.o(i.HAL_TIM_PWM_Init)
    i.HAL_TIM_PWM_MspInit                    0x0800321c   Section        0  stm32f1xx_hal_tim.o(i.HAL_TIM_PWM_MspInit)
    i.HAL_TIM_PWM_PulseFinishedCallback      0x0800321e   Section        0  stm32f1xx_hal_tim.o(i.HAL_TIM_PWM_PulseFinishedCallback)
    i.HAL_TIM_PWM_Start                      0x08003220   Section        0  stm32f1xx_hal_tim.o(i.HAL_TIM_PWM_Start)
    i.HAL_TIM_PeriodElapsedCallback          0x08003314   Section        0  control.o(i.HAL_TIM_PeriodElapsedCallback)
    i.HAL_TIM_TriggerCallback                0x08003578   Section        0  stm32f1xx_hal_tim.o(i.HAL_TIM_TriggerCallback)
    i.HAL_UARTEx_ReceiveToIdle_DMA           0x0800357a   Section        0  stm32f1xx_hal_uart.o(i.HAL_UARTEx_ReceiveToIdle_DMA)
    i.HAL_UARTEx_RxEventCallback             0x080035ec   Section        0  receive.o(i.HAL_UARTEx_RxEventCallback)
    i.HAL_UART_ErrorCallback                 0x080036f4   Section        0  stm32f1xx_hal_uart.o(i.HAL_UART_ErrorCallback)
    i.HAL_UART_IRQHandler                    0x080036f8   Section        0  stm32f1xx_hal_uart.o(i.HAL_UART_IRQHandler)
    i.HAL_UART_Init                          0x080039dc   Section        0  stm32f1xx_hal_uart.o(i.HAL_UART_Init)
    i.HAL_UART_MspInit                       0x08003a54   Section        0  usart.o(i.HAL_UART_MspInit)
    i.HAL_UART_RxCpltCallback                0x08003b24   Section        0  stm32f1xx_hal_uart.o(i.HAL_UART_RxCpltCallback)
    i.HAL_UART_RxHalfCpltCallback            0x08003b26   Section        0  stm32f1xx_hal_uart.o(i.HAL_UART_RxHalfCpltCallback)
    i.HAL_UART_TxCpltCallback                0x08003b28   Section        0  stm32f1xx_hal_uart.o(i.HAL_UART_TxCpltCallback)
    i.HardFault_Handler                      0x08003b2a   Section        0  stm32f1xx_it.o(i.HardFault_Handler)
    i.MX_DMA_Init                            0x08003b30   Section        0  dma.o(i.MX_DMA_Init)
    i.MX_GPIO_Init                           0x08003b64   Section        0  gpio.o(i.MX_GPIO_Init)
    i.MX_TIM3_Init                           0x08003c58   Section        0  tim.o(i.MX_TIM3_Init)
    i.MX_TIM4_Init                           0x08003cd8   Section        0  tim.o(i.MX_TIM4_Init)
    i.MX_TIM6_Init                           0x08003d8c   Section        0  tim.o(i.MX_TIM6_Init)
    i.MX_TIM7_Init                           0x08003dd8   Section        0  tim.o(i.MX_TIM7_Init)
    i.MX_TIM8_Init                           0x08003e24   Section        0  tim.o(i.MX_TIM8_Init)
    i.MX_USART1_UART_Init                    0x08003ea8   Section        0  usart.o(i.MX_USART1_UART_Init)
    i.MemManage_Handler                      0x08003ee0   Section        0  stm32f1xx_it.o(i.MemManage_Handler)
    i.Motor_DirSet                           0x08003ee4   Section        0  motor.o(i.Motor_DirSet)
    i.Motor_DutySet                          0x08003fb8   Section        0  motor.o(i.Motor_DutySet)
    i.Motor_Enable                           0x08003fe8   Section        0  motor.o(i.Motor_Enable)
    i.Motor_Output                           0x0800405c   Section        0  motor.o(i.Motor_Output)
    i.NMI_Handler                            0x080040c4   Section        0  stm32f1xx_it.o(i.NMI_Handler)
    i.PendSV_Handler                         0x080040c8   Section        0  stm32f1xx_it.o(i.PendSV_Handler)
    i.RCC_Delay                              0x080040cc   Section        0  stm32f1xx_hal_rcc.o(i.RCC_Delay)
    RCC_Delay                                0x080040cd   Thumb Code    36  stm32f1xx_hal_rcc.o(i.RCC_Delay)
    i.Receive_BufInit                        0x080040f4   Section        0  receive.o(i.Receive_BufInit)
    i.Receive_FindFirstVaildString           0x08004154   Section        0  receive.o(i.Receive_FindFirstVaildString)
    i.Receive_FlagReset                      0x080042fc   Section        0  receive.o(i.Receive_FlagReset)
    Receive_FlagReset                        0x080042fd   Thumb Code    28  receive.o(i.Receive_FlagReset)
    i.SVC_Handler                            0x08004330   Section        0  stm32f1xx_it.o(i.SVC_Handler)
    i.SysTick_Handler                        0x08004334   Section        0  stm32f1xx_it.o(i.SysTick_Handler)
    i.SystemClock_Config                     0x0800434c   Section        0  main.o(i.SystemClock_Config)
    i.SystemInit                             0x080043b2   Section        0  system_stm32f1xx_1.o(i.SystemInit)
    i.TIM6_IRQHandler                        0x080043b4   Section        0  stm32f1xx_it.o(i.TIM6_IRQHandler)
    i.TIM7_IRQHandler                        0x080043c4   Section        0  stm32f1xx_it.o(i.TIM7_IRQHandler)
    i.TIM_Base_SetConfig                     0x080043d4   Section        0  stm32f1xx_hal_tim.o(i.TIM_Base_SetConfig)
    i.TIM_CCxChannelCmd                      0x08004470   Section        0  stm32f1xx_hal_tim.o(i.TIM_CCxChannelCmd)
    i.TIM_ETR_SetConfig                      0x08004492   Section        0  stm32f1xx_hal_tim.o(i.TIM_ETR_SetConfig)
    i.TIM_ITRx_SetConfig                     0x080044a8   Section        0  stm32f1xx_hal_tim.o(i.TIM_ITRx_SetConfig)
    TIM_ITRx_SetConfig                       0x080044a9   Thumb Code    18  stm32f1xx_hal_tim.o(i.TIM_ITRx_SetConfig)
    i.TIM_OC1_SetConfig                      0x080044bc   Section        0  stm32f1xx_hal_tim.o(i.TIM_OC1_SetConfig)
    TIM_OC1_SetConfig                        0x080044bd   Thumb Code   104  stm32f1xx_hal_tim.o(i.TIM_OC1_SetConfig)
    i.TIM_OC2_SetConfig                      0x0800452c   Section        0  stm32f1xx_hal_tim.o(i.TIM_OC2_SetConfig)
    i.TIM_OC3_SetConfig                      0x080045a8   Section        0  stm32f1xx_hal_tim.o(i.TIM_OC3_SetConfig)
    TIM_OC3_SetConfig                        0x080045a9   Thumb Code   112  stm32f1xx_hal_tim.o(i.TIM_OC3_SetConfig)
    i.TIM_OC4_SetConfig                      0x08004620   Section        0  stm32f1xx_hal_tim.o(i.TIM_OC4_SetConfig)
    TIM_OC4_SetConfig                        0x08004621   Thumb Code    74  stm32f1xx_hal_tim.o(i.TIM_OC4_SetConfig)
    i.TIM_TI1_ConfigInputStage               0x08004674   Section        0  stm32f1xx_hal_tim.o(i.TIM_TI1_ConfigInputStage)
    TIM_TI1_ConfigInputStage                 0x08004675   Thumb Code    38  stm32f1xx_hal_tim.o(i.TIM_TI1_ConfigInputStage)
    i.TIM_TI2_ConfigInputStage               0x0800469a   Section        0  stm32f1xx_hal_tim.o(i.TIM_TI2_ConfigInputStage)
    TIM_TI2_ConfigInputStage                 0x0800469b   Thumb Code    40  stm32f1xx_hal_tim.o(i.TIM_TI2_ConfigInputStage)
    i.UART_DMAAbortOnError                   0x080046c2   Section        0  stm32f1xx_hal_uart.o(i.UART_DMAAbortOnError)
    UART_DMAAbortOnError                     0x080046c3   Thumb Code    20  stm32f1xx_hal_uart.o(i.UART_DMAAbortOnError)
    i.UART_DMAError                          0x080046d6   Section        0  stm32f1xx_hal_uart.o(i.UART_DMAError)
    UART_DMAError                            0x080046d7   Thumb Code    80  stm32f1xx_hal_uart.o(i.UART_DMAError)
    i.UART_DMAReceiveCplt                    0x08004726   Section        0  stm32f1xx_hal_uart.o(i.UART_DMAReceiveCplt)
    UART_DMAReceiveCplt                      0x08004727   Thumb Code   180  stm32f1xx_hal_uart.o(i.UART_DMAReceiveCplt)
    i.UART_DMARxHalfCplt                     0x080047da   Section        0  stm32f1xx_hal_uart.o(i.UART_DMARxHalfCplt)
    UART_DMARxHalfCplt                       0x080047db   Thumb Code    36  stm32f1xx_hal_uart.o(i.UART_DMARxHalfCplt)
    i.UART_EndRxTransfer                     0x080047fe   Section        0  stm32f1xx_hal_uart.o(i.UART_EndRxTransfer)
    UART_EndRxTransfer                       0x080047ff   Thumb Code   108  stm32f1xx_hal_uart.o(i.UART_EndRxTransfer)
    i.UART_EndTransmit_IT                    0x0800486a   Section        0  stm32f1xx_hal_uart.o(i.UART_EndTransmit_IT)
    UART_EndTransmit_IT                      0x0800486b   Thumb Code    32  stm32f1xx_hal_uart.o(i.UART_EndTransmit_IT)
    i.UART_EndTxTransfer                     0x0800488a   Section        0  stm32f1xx_hal_uart.o(i.UART_EndTxTransfer)
    UART_EndTxTransfer                       0x0800488b   Thumb Code    38  stm32f1xx_hal_uart.o(i.UART_EndTxTransfer)
    i.UART_Receive_IT                        0x080048b0   Section        0  stm32f1xx_hal_uart.o(i.UART_Receive_IT)
    UART_Receive_IT                          0x080048b1   Thumb Code   252  stm32f1xx_hal_uart.o(i.UART_Receive_IT)
    i.UART_SetConfig                         0x080049ac   Section        0  stm32f1xx_hal_uart.o(i.UART_SetConfig)
    UART_SetConfig                           0x080049ad   Thumb Code   248  stm32f1xx_hal_uart.o(i.UART_SetConfig)
    i.UART_Start_Receive_DMA                 0x08004aa8   Section        0  stm32f1xx_hal_uart.o(i.UART_Start_Receive_DMA)
    i.UART_Transmit_IT                       0x08004b70   Section        0  stm32f1xx_hal_uart.o(i.UART_Transmit_IT)
    UART_Transmit_IT                         0x08004b71   Thumb Code    96  stm32f1xx_hal_uart.o(i.UART_Transmit_IT)
    i.USART1_IRQHandler                      0x08004bd0   Section        0  stm32f1xx_it.o(i.USART1_IRQHandler)
    i.UsageFault_Handler                     0x08004be0   Section        0  stm32f1xx_it.o(i.UsageFault_Handler)
    i.__0printf                              0x08004be4   Section        0  printfa.o(i.__0printf)
    i.__NVIC_GetPriorityGrouping             0x08004c04   Section        0  stm32f1xx_hal_cortex.o(i.__NVIC_GetPriorityGrouping)
    __NVIC_GetPriorityGrouping               0x08004c05   Thumb Code    10  stm32f1xx_hal_cortex.o(i.__NVIC_GetPriorityGrouping)
    i.__NVIC_SetPriority                     0x08004c14   Section        0  stm32f1xx_hal_cortex.o(i.__NVIC_SetPriority)
    __NVIC_SetPriority                       0x08004c15   Thumb Code    32  stm32f1xx_hal_cortex.o(i.__NVIC_SetPriority)
    i.__scatterload_copy                     0x08004c3c   Section       14  handlers.o(i.__scatterload_copy)
    i.__scatterload_null                     0x08004c4a   Section        2  handlers.o(i.__scatterload_null)
    i.__scatterload_zeroinit                 0x08004c4c   Section       14  handlers.o(i.__scatterload_zeroinit)
    i._fp_digits                             0x08004c5c   Section        0  printfa.o(i._fp_digits)
    _fp_digits                               0x08004c5d   Thumb Code   366  printfa.o(i._fp_digits)
    i._is_digit                              0x08004de0   Section        0  scanf_fp.o(i._is_digit)
    i._printf_core                           0x08004df0   Section        0  printfa.o(i._printf_core)
    _printf_core                             0x08004df1   Thumb Code  1744  printfa.o(i._printf_core)
    i._printf_post_padding                   0x080054cc   Section        0  printfa.o(i._printf_post_padding)
    _printf_post_padding                     0x080054cd   Thumb Code    36  printfa.o(i._printf_post_padding)
    i._printf_pre_padding                    0x080054f0   Section        0  printfa.o(i._printf_pre_padding)
    _printf_pre_padding                      0x080054f1   Thumb Code    46  printfa.o(i._printf_pre_padding)
    i.abs_limit                              0x0800551e   Section        0  pid.o(i.abs_limit)
    abs_limit                                0x0800551f   Thumb Code    40  pid.o(i.abs_limit)
    i.cmd_feedback                           0x08005548   Section        0  debug.o(i.cmd_feedback)
    cmd_feedback                             0x08005549   Thumb Code   334  debug.o(i.cmd_feedback)
    i.cmd_information_find                   0x08005730   Section        0  debug.o(i.cmd_information_find)
    cmd_information_find                     0x08005731   Thumb Code   346  debug.o(i.cmd_information_find)
    i.fputc                                  0x08005930   Section        0  usart.o(i.fputc)
    i.main                                   0x0800594c   Section        0  main.o(i.main)
    i.pid_calculate                          0x080059d0   Section        0  pid.o(i.pid_calculate)
    i.pid_feedback                           0x08005ae0   Section        0  debug.o(i.pid_feedback)
    i.pid_get                                0x08005e5c   Section        0  control.o(i.pid_get)
    pid_get                                  0x08005e5d   Thumb Code    38  control.o(i.pid_get)
    i.pid_param_init                         0x08005e82   Section        0  pid.o(i.pid_param_init)
    pid_param_init                           0x08005e83   Thumb Code    28  pid.o(i.pid_param_init)
    i.pid_reset                              0x08005e9e   Section        0  pid.o(i.pid_reset)
    pid_reset                                0x08005e9f   Thumb Code    20  pid.o(i.pid_reset)
    i.pid_set                                0x08005eb4   Section        0  debug.o(i.pid_set)
    pid_set                                  0x08005eb5   Thumb Code   126  debug.o(i.pid_set)
    i.pid_set_P_I_D                          0x08005f3c   Section        0  pid.o(i.pid_set_P_I_D)
    i.pid_set_err_limit                      0x08005f44   Section        0  pid.o(i.pid_set_err_limit)
    i.pid_set_out_limit                      0x08005f4c   Section        0  pid.o(i.pid_set_out_limit)
    i.pid_set_target                         0x08005f52   Section        0  pid.o(i.pid_set_target)
    i.pid_struct_init                        0x08005f58   Section        0  pid.o(i.pid_struct_init)
    .constdata                               0x08005fac   Section       18  stm32f1xx_hal_rcc.o(.constdata)
    aPLLMULFactorTable                       0x08005fac   Data          16  stm32f1xx_hal_rcc.o(.constdata)
    aPredivFactorTable                       0x08005fbc   Data           2  stm32f1xx_hal_rcc.o(.constdata)
    .constdata                               0x08005fbe   Section       24  system_stm32f1xx_1.o(.constdata)
    .constdata                               0x08005fd6   Section       64  ctype_c.o(.constdata)
    .conststring                             0x08006018   Section       68  control.o(.conststring)
    .conststring                             0x0800605c   Section       99  debug.o(.conststring)
    .data                                    0x20000000   Section        4  stm32f1xx_it.o(.data)
    .data                                    0x20000004   Section        9  stm32f1xx_hal.o(.data)
    .data                                    0x20000010   Section        4  system_stm32f1xx_1.o(.data)
    .data                                    0x20000014   Section       49  control.o(.data)
    debug_motor1_voltage                     0x20000014   Data           4  control.o(.data)
    debug_motor2_voltage                     0x20000018   Data           4  control.o(.data)
    motor1_speed                             0x2000001c   Data           4  control.o(.data)
    motor2_speed                             0x20000020   Data           4  control.o(.data)
    motor1_location                          0x20000024   Data           4  control.o(.data)
    motor2_location                          0x20000028   Data           4  control.o(.data)
    motor_location_average                   0x2000002c   Data           4  control.o(.data)
    motor1_speed_set                         0x20000030   Data           4  control.o(.data)
    motor2_speed_set                         0x20000034   Data           4  control.o(.data)
    motor_location_set                       0x20000038   Data           4  control.o(.data)
    motor1_voltage                           0x2000003c   Data           4  control.o(.data)
    motor2_voltage                           0x20000040   Data           4  control.o(.data)
    control_location_count                   0x20000044   Data           1  control.o(.data)
    .data                                    0x20000048   Section       25  debug.o(.data)
    cmd_start                                0x2000004c   Data           4  debug.o(.data)
    cmd_end                                  0x20000050   Data           4  debug.o(.data)
    .data                                    0x20000064   Section       12  encoder.o(.data)
    .data                                    0x20000070   Section        8  motor.o(.data)
    motor1_dir                               0x20000072   Data           1  motor.o(.data)
    motor2_dir                               0x20000073   Data           1  motor.o(.data)
    motor1_duty                              0x20000074   Data           2  motor.o(.data)
    motor2_duty                              0x20000076   Data           2  motor.o(.data)
    .data                                    0x20000078   Section       10  receive.o(.data)
    .data                                    0x20000084   Section        4  stdout.o(.data)
    .bss                                     0x20000088   Section      360  tim.o(.bss)
    .bss                                     0x200001f0   Section      140  usart.o(.bss)
    .bss                                     0x2000027c   Section      304  control.o(.bss)
    .bss                                     0x200003ac   Section      276  debug.o(.bss)
    cmd                                      0x200003ac   Data         128  debug.o(.bss)
    cmd_information                          0x200004b0   Data          16  debug.o(.bss)
    .bss                                     0x200004c0   Section      192  receive.o(.bss)
    STACK                                    0x20000580   Section     1024  startup_stm32f103xe.o(STACK)

    Global Symbols

    Symbol Name                              Value     Ov Type        Size  Object(Section)

    BuildAttributes$$THM_ISAv4$P$D$K$B$S$PE$A:L22UL41UL21$X:L11$S22US41US21$IEEE1$IW$USESV6$~STKCKD$USESV7$~SHL$OTIME$ROPI$EBA8$MICROLIB$REQ8$PRES8$EABIv2 0x00000000   Number         0  anon$$obj.o ABSOLUTE
    __ARM_use_no_argv                        0x00000000   Number         0  main.o ABSOLUTE
    _printf_a                                0x00000000   Number         0  stubs.o ABSOLUTE
    _printf_c                                0x00000000   Number         0  stubs.o ABSOLUTE
    _printf_charcount                        0x00000000   Number         0  stubs.o ABSOLUTE
    _printf_d                                0x00000000   Number         0  stubs.o ABSOLUTE
    _printf_e                                0x00000000   Number         0  stubs.o ABSOLUTE
    _printf_f                                0x00000000   Number         0  stubs.o ABSOLUTE
    _printf_flags                            0x00000000   Number         0  stubs.o ABSOLUTE
    _printf_fp_dec                           0x00000000   Number         0  stubs.o ABSOLUTE
    _printf_fp_hex                           0x00000000   Number         0  stubs.o ABSOLUTE
    _printf_g                                0x00000000   Number         0  stubs.o ABSOLUTE
    _printf_i                                0x00000000   Number         0  stubs.o ABSOLUTE
    _printf_int_dec                          0x00000000   Number         0  stubs.o ABSOLUTE
    _printf_l                                0x00000000   Number         0  stubs.o ABSOLUTE
    _printf_lc                               0x00000000   Number         0  stubs.o ABSOLUTE
    _printf_ll                               0x00000000   Number         0  stubs.o ABSOLUTE
    _printf_lld                              0x00000000   Number         0  stubs.o ABSOLUTE
    _printf_lli                              0x00000000   Number         0  stubs.o ABSOLUTE
    _printf_llo                              0x00000000   Number         0  stubs.o ABSOLUTE
    _printf_llu                              0x00000000   Number         0  stubs.o ABSOLUTE
    _printf_llx                              0x00000000   Number         0  stubs.o ABSOLUTE
    _printf_longlong_dec                     0x00000000   Number         0  stubs.o ABSOLUTE
    _printf_longlong_hex                     0x00000000   Number         0  stubs.o ABSOLUTE
    _printf_longlong_oct                     0x00000000   Number         0  stubs.o ABSOLUTE
    _printf_ls                               0x00000000   Number         0  stubs.o ABSOLUTE
    _printf_mbtowc                           0x00000000   Number         0  stubs.o ABSOLUTE
    _printf_n                                0x00000000   Number         0  stubs.o ABSOLUTE
    _printf_o                                0x00000000   Number         0  stubs.o ABSOLUTE
    _printf_p                                0x00000000   Number         0  stubs.o ABSOLUTE
    _printf_percent                          0x00000000   Number         0  stubs.o ABSOLUTE
    _printf_pre_padding                      0x00000000   Number         0  stubs.o ABSOLUTE
    _printf_return_value                     0x00000000   Number         0  stubs.o ABSOLUTE
    _printf_s                                0x00000000   Number         0  stubs.o ABSOLUTE
    _printf_sizespec                         0x00000000   Number         0  stubs.o ABSOLUTE
    _printf_str                              0x00000000   Number         0  stubs.o ABSOLUTE
    _printf_truncate_signed                  0x00000000   Number         0  stubs.o ABSOLUTE
    _printf_truncate_unsigned                0x00000000   Number         0  stubs.o ABSOLUTE
    _printf_u                                0x00000000   Number         0  stubs.o ABSOLUTE
    _printf_wc                               0x00000000   Number         0  stubs.o ABSOLUTE
    _printf_wctomb                           0x00000000   Number         0  stubs.o ABSOLUTE
    _printf_widthprec                        0x00000000   Number         0  stubs.o ABSOLUTE
    _printf_x                                0x00000000   Number         0  stubs.o ABSOLUTE
    __cpp_initialize__aeabi_                  - Undefined Weak Reference
    __cxa_finalize                            - Undefined Weak Reference
    __decompress                              - Undefined Weak Reference
    _clock_init                               - Undefined Weak Reference
    _microlib_exit                            - Undefined Weak Reference
    _scanf_int                                - Undefined Weak Reference
    _scanf_longlong                           - Undefined Weak Reference
    __Vectors_Size                           0x00000130   Number         0  startup_stm32f103xe.o ABSOLUTE
    __Vectors                                0x08000000   Data           4  startup_stm32f103xe.o(RESET)
    __Vectors_End                            0x08000130   Data           0  startup_stm32f103xe.o(RESET)
    __main                                   0x08000131   Thumb Code     0  entry.o(.ARM.Collect$$$$00000000)
    _main_stk                                0x08000131   Thumb Code     0  entry2.o(.ARM.Collect$$$$00000001)
    _main_scatterload                        0x08000135   Thumb Code     0  entry5.o(.ARM.Collect$$$$00000004)
    __main_after_scatterload                 0x08000139   Thumb Code     0  entry5.o(.ARM.Collect$$$$00000004)
    _main_clock                              0x08000139   Thumb Code     0  entry7b.o(.ARM.Collect$$$$00000008)
    _main_cpp_init                           0x08000139   Thumb Code     0  entry8b.o(.ARM.Collect$$$$0000000A)
    _main_init                               0x08000139   Thumb Code     0  entry9a.o(.ARM.Collect$$$$0000000B)
    __rt_final_cpp                           0x08000141   Thumb Code     0  entry10a.o(.ARM.Collect$$$$0000000D)
    __rt_final_exit                          0x08000141   Thumb Code     0  entry11a.o(.ARM.Collect$$$$0000000F)
    Reset_Handler                            0x08000145   Thumb Code     8  startup_stm32f103xe.o(.text)
    ADC1_2_IRQHandler                        0x0800015f   Thumb Code     0  startup_stm32f103xe.o(.text)
    ADC3_IRQHandler                          0x0800015f   Thumb Code     0  startup_stm32f103xe.o(.text)
    CAN1_RX1_IRQHandler                      0x0800015f   Thumb Code     0  startup_stm32f103xe.o(.text)
    CAN1_SCE_IRQHandler                      0x0800015f   Thumb Code     0  startup_stm32f103xe.o(.text)
    DMA1_Channel1_IRQHandler                 0x0800015f   Thumb Code     0  startup_stm32f103xe.o(.text)
    DMA1_Channel2_IRQHandler                 0x0800015f   Thumb Code     0  startup_stm32f103xe.o(.text)
    DMA1_Channel3_IRQHandler                 0x0800015f   Thumb Code     0  startup_stm32f103xe.o(.text)
    DMA1_Channel4_IRQHandler                 0x0800015f   Thumb Code     0  startup_stm32f103xe.o(.text)
    DMA1_Channel6_IRQHandler                 0x0800015f   Thumb Code     0  startup_stm32f103xe.o(.text)
    DMA1_Channel7_IRQHandler                 0x0800015f   Thumb Code     0  startup_stm32f103xe.o(.text)
    DMA2_Channel1_IRQHandler                 0x0800015f   Thumb Code     0  startup_stm32f103xe.o(.text)
    DMA2_Channel2_IRQHandler                 0x0800015f   Thumb Code     0  startup_stm32f103xe.o(.text)
    DMA2_Channel3_IRQHandler                 0x0800015f   Thumb Code     0  startup_stm32f103xe.o(.text)
    DMA2_Channel4_5_IRQHandler               0x0800015f   Thumb Code     0  startup_stm32f103xe.o(.text)
    EXTI0_IRQHandler                         0x0800015f   Thumb Code     0  startup_stm32f103xe.o(.text)
    EXTI15_10_IRQHandler                     0x0800015f   Thumb Code     0  startup_stm32f103xe.o(.text)
    EXTI1_IRQHandler                         0x0800015f   Thumb Code     0  startup_stm32f103xe.o(.text)
    EXTI2_IRQHandler                         0x0800015f   Thumb Code     0  startup_stm32f103xe.o(.text)
    EXTI3_IRQHandler                         0x0800015f   Thumb Code     0  startup_stm32f103xe.o(.text)
    EXTI4_IRQHandler                         0x0800015f   Thumb Code     0  startup_stm32f103xe.o(.text)
    EXTI9_5_IRQHandler                       0x0800015f   Thumb Code     0  startup_stm32f103xe.o(.text)
    FLASH_IRQHandler                         0x0800015f   Thumb Code     0  startup_stm32f103xe.o(.text)
    FSMC_IRQHandler                          0x0800015f   Thumb Code     0  startup_stm32f103xe.o(.text)
    I2C1_ER_IRQHandler                       0x0800015f   Thumb Code     0  startup_stm32f103xe.o(.text)
    I2C1_EV_IRQHandler                       0x0800015f   Thumb Code     0  startup_stm32f103xe.o(.text)
    I2C2_ER_IRQHandler                       0x0800015f   Thumb Code     0  startup_stm32f103xe.o(.text)
    I2C2_EV_IRQHandler                       0x0800015f   Thumb Code     0  startup_stm32f103xe.o(.text)
    PVD_IRQHandler                           0x0800015f   Thumb Code     0  startup_stm32f103xe.o(.text)
    RCC_IRQHandler                           0x0800015f   Thumb Code     0  startup_stm32f103xe.o(.text)
    RTC_Alarm_IRQHandler                     0x0800015f   Thumb Code     0  startup_stm32f103xe.o(.text)
    RTC_IRQHandler                           0x0800015f   Thumb Code     0  startup_stm32f103xe.o(.text)
    SDIO_IRQHandler                          0x0800015f   Thumb Code     0  startup_stm32f103xe.o(.text)
    SPI1_IRQHandler                          0x0800015f   Thumb Code     0  startup_stm32f103xe.o(.text)
    SPI2_IRQHandler                          0x0800015f   Thumb Code     0  startup_stm32f103xe.o(.text)
    SPI3_IRQHandler                          0x0800015f   Thumb Code     0  startup_stm32f103xe.o(.text)
    TAMPER_IRQHandler                        0x0800015f   Thumb Code     0  startup_stm32f103xe.o(.text)
    TIM1_BRK_IRQHandler                      0x0800015f   Thumb Code     0  startup_stm32f103xe.o(.text)
    TIM1_CC_IRQHandler                       0x0800015f   Thumb Code     0  startup_stm32f103xe.o(.text)
    TIM1_TRG_COM_IRQHandler                  0x0800015f   Thumb Code     0  startup_stm32f103xe.o(.text)
    TIM1_UP_IRQHandler                       0x0800015f   Thumb Code     0  startup_stm32f103xe.o(.text)
    TIM2_IRQHandler                          0x0800015f   Thumb Code     0  startup_stm32f103xe.o(.text)
    TIM3_IRQHandler                          0x0800015f   Thumb Code     0  startup_stm32f103xe.o(.text)
    TIM4_IRQHandler                          0x0800015f   Thumb Code     0  startup_stm32f103xe.o(.text)
    TIM5_IRQHandler                          0x0800015f   Thumb Code     0  startup_stm32f103xe.o(.text)
    TIM8_BRK_IRQHandler                      0x0800015f   Thumb Code     0  startup_stm32f103xe.o(.text)
    TIM8_CC_IRQHandler                       0x0800015f   Thumb Code     0  startup_stm32f103xe.o(.text)
    TIM8_TRG_COM_IRQHandler                  0x0800015f   Thumb Code     0  startup_stm32f103xe.o(.text)
    TIM8_UP_IRQHandler                       0x0800015f   Thumb Code     0  startup_stm32f103xe.o(.text)
    UART4_IRQHandler                         0x0800015f   Thumb Code     0  startup_stm32f103xe.o(.text)
    UART5_IRQHandler                         0x0800015f   Thumb Code     0  startup_stm32f103xe.o(.text)
    USART2_IRQHandler                        0x0800015f   Thumb Code     0  startup_stm32f103xe.o(.text)
    USART3_IRQHandler                        0x0800015f   Thumb Code     0  startup_stm32f103xe.o(.text)
    USBWakeUp_IRQHandler                     0x0800015f   Thumb Code     0  startup_stm32f103xe.o(.text)
    USB_HP_CAN1_TX_IRQHandler                0x0800015f   Thumb Code     0  startup_stm32f103xe.o(.text)
    USB_LP_CAN1_RX0_IRQHandler               0x0800015f   Thumb Code     0  startup_stm32f103xe.o(.text)
    WWDG_IRQHandler                          0x0800015f   Thumb Code     0  startup_stm32f103xe.o(.text)
    __aeabi_llsr                             0x08000169   Thumb Code    32  llushr.o(.text)
    _ll_ushift_r                             0x08000169   Thumb Code     0  llushr.o(.text)
    __aeabi_memcpy                           0x08000189   Thumb Code    36  memcpya.o(.text)
    __aeabi_memcpy4                          0x08000189   Thumb Code     0  memcpya.o(.text)
    __aeabi_memcpy8                          0x08000189   Thumb Code     0  memcpya.o(.text)
    __aeabi_memset                           0x080001ad   Thumb Code    14  memseta.o(.text)
    __aeabi_memset4                          0x080001ad   Thumb Code     0  memseta.o(.text)
    __aeabi_memset8                          0x080001ad   Thumb Code     0  memseta.o(.text)
    __aeabi_memclr                           0x080001bb   Thumb Code     4  memseta.o(.text)
    __aeabi_memclr4                          0x080001bb   Thumb Code     0  memseta.o(.text)
    __aeabi_memclr8                          0x080001bb   Thumb Code     0  memseta.o(.text)
    _memset$wrapper                          0x080001bf   Thumb Code    18  memseta.o(.text)
    strchr                                   0x080001d1   Thumb Code    20  strchr.o(.text)
    strlen                                   0x080001e5   Thumb Code    14  strlen.o(.text)
    strncmp                                  0x080001f3   Thumb Code    30  strncmp.o(.text)
    __0sscanf                                0x08000211   Thumb Code    48  __0sscanf.o(.text)
    _scanf_string                            0x08000249   Thumb Code   224  _scanf_str.o(.text)
    _scanf_real                              0x08000451   Thumb Code     0  scanf_fp.o(.text)
    _scanf_really_real                       0x08000451   Thumb Code   556  scanf_fp.o(.text)
    __aeabi_fadd                             0x08000689   Thumb Code   164  fadd.o(.text)
    __aeabi_fsub                             0x0800072d   Thumb Code     6  fadd.o(.text)
    __aeabi_frsub                            0x08000733   Thumb Code     6  fadd.o(.text)
    __aeabi_fmul                             0x08000739   Thumb Code   100  fmul.o(.text)
    __aeabi_fdiv                             0x0800079d   Thumb Code   124  fdiv.o(.text)
    __aeabi_dmul                             0x08000819   Thumb Code   228  dmul.o(.text)
    __aeabi_ddiv                             0x080008fd   Thumb Code   222  ddiv.o(.text)
    __aeabi_i2f                              0x080009db   Thumb Code    18  fflti.o(.text)
    __aeabi_f2iz                             0x080009ed   Thumb Code    50  ffixi.o(.text)
    __aeabi_f2d                              0x08000a1f   Thumb Code    38  f2d.o(.text)
    __aeabi_cdcmpeq                          0x08000a45   Thumb Code     0  cdcmple.o(.text)
    __aeabi_cdcmple                          0x08000a45   Thumb Code    48  cdcmple.o(.text)
    __aeabi_cdrcmple                         0x08000a75   Thumb Code    48  cdrcmple.o(.text)
    __aeabi_d2f                              0x08000aa5   Thumb Code    56  d2f.o(.text)
    __aeabi_cfcmpeq                          0x08000add   Thumb Code     0  cfcmple.o(.text)
    __aeabi_cfcmple                          0x08000add   Thumb Code    20  cfcmple.o(.text)
    __aeabi_cfrcmple                         0x08000af1   Thumb Code    20  cfrcmple.o(.text)
    __aeabi_uidiv                            0x08000b05   Thumb Code     0  uidiv.o(.text)
    __aeabi_uidivmod                         0x08000b05   Thumb Code    44  uidiv.o(.text)
    __aeabi_uldivmod                         0x08000b31   Thumb Code    98  uldiv.o(.text)
    __vfscanf_char                           0x08000ba1   Thumb Code    20  scanf_char.o(.text)
    _sgetc                                   0x08000bbd   Thumb Code    30  _sgetc.o(.text)
    _sbackspace                              0x08000bdb   Thumb Code    34  _sgetc.o(.text)
    __I$use$fp                               0x08000bfd   Thumb Code     0  iusefp.o(.text)
    _float_round                             0x08000bfd   Thumb Code    18  fepilogue.o(.text)
    _float_epilogue                          0x08000c0f   Thumb Code    92  fepilogue.o(.text)
    _double_round                            0x08000c6b   Thumb Code    30  depilogue.o(.text)
    _double_epilogue                         0x08000c89   Thumb Code   156  depilogue.o(.text)
    __aeabi_dadd                             0x08000d25   Thumb Code   322  dadd.o(.text)
    __aeabi_dsub                             0x08000e67   Thumb Code     6  dadd.o(.text)
    __aeabi_drsub                            0x08000e6d   Thumb Code     6  dadd.o(.text)
    __aeabi_ul2d                             0x08000e73   Thumb Code    24  dfltul.o(.text)
    __aeabi_d2ulz                            0x08000e8b   Thumb Code    48  dfixul.o(.text)
    __scatterload                            0x08000ebd   Thumb Code    28  init.o(.text)
    __scatterload_rt2                        0x08000ebd   Thumb Code     0  init.o(.text)
    __aeabi_llsl                             0x08000ee1   Thumb Code    30  llshl.o(.text)
    _ll_shift_l                              0x08000ee1   Thumb Code     0  llshl.o(.text)
    __aeabi_lasr                             0x08000eff   Thumb Code    36  llsshr.o(.text)
    _ll_sshift_r                             0x08000eff   Thumb Code     0  llsshr.o(.text)
    isspace                                  0x08000f23   Thumb Code    10  isspace_c.o(.text)
    __vfscanf                                0x08000f2d   Thumb Code   808  _scanf.o(.text)
    __ctype_lookup                           0x08001259   Thumb Code    34  ctype_c.o(.text)
    BusFault_Handler                         0x08001281   Thumb Code     4  stm32f1xx_it.o(i.BusFault_Handler)
    Control_PID_Init                         0x080013c1   Thumb Code   108  control.o(i.Control_PID_Init)
    Control_PIDs_Get                         0x08001455   Thumb Code    38  control.o(i.Control_PIDs_Get)
    DMA1_Channel5_IRQHandler                 0x080014c9   Thumb Code    10  stm32f1xx_it.o(i.DMA1_Channel5_IRQHandler)
    DebugMon_Handler                         0x08001505   Thumb Code     2  stm32f1xx_it.o(i.DebugMon_Handler)
    Debug_SetPIDbasedonReceive               0x08001509   Thumb Code   116  debug.o(i.Debug_SetPIDbasedonReceive)
    Encoder_PulseGet                         0x080015dd   Thumb Code    84  encoder.o(i.Encoder_PulseGet)
    Error_Handler                            0x08001649   Thumb Code     6  main.o(i.Error_Handler)
    HAL_DMA_Abort                            0x0800164f   Thumb Code    86  stm32f1xx_hal_dma.o(i.HAL_DMA_Abort)
    HAL_DMA_Abort_IT                         0x080016a5   Thumb Code   414  stm32f1xx_hal_dma.o(i.HAL_DMA_Abort_IT)
    HAL_DMA_IRQHandler                       0x0800184d   Thumb Code   910  stm32f1xx_hal_dma.o(i.HAL_DMA_IRQHandler)
    HAL_DMA_Init                             0x08001be5   Thumb Code   132  stm32f1xx_hal_dma.o(i.HAL_DMA_Init)
    HAL_DMA_Start_IT                         0x08001c71   Thumb Code   156  stm32f1xx_hal_dma.o(i.HAL_DMA_Start_IT)
    HAL_GPIO_Init                            0x08001d0d   Thumb Code   792  stm32f1xx_hal_gpio.o(i.HAL_GPIO_Init)
    HAL_GPIO_TogglePin                       0x0800204d   Thumb Code    20  stm32f1xx_hal_gpio.o(i.HAL_GPIO_TogglePin)
    HAL_GPIO_WritePin                        0x08002061   Thumb Code    12  stm32f1xx_hal_gpio.o(i.HAL_GPIO_WritePin)
    HAL_GetTick                              0x0800206d   Thumb Code     6  stm32f1xx_hal.o(i.HAL_GetTick)
    HAL_IncTick                              0x08002079   Thumb Code    16  stm32f1xx_hal.o(i.HAL_IncTick)
    HAL_Init                                 0x08002091   Thumb Code    34  stm32f1xx_hal.o(i.HAL_Init)
    HAL_InitTick                             0x080020b9   Thumb Code    64  stm32f1xx_hal.o(i.HAL_InitTick)
    HAL_MspInit                              0x08002105   Thumb Code    82  stm32f1xx_hal_msp.o(i.HAL_MspInit)
    HAL_NVIC_EnableIRQ                       0x08002161   Thumb Code    32  stm32f1xx_hal_cortex.o(i.HAL_NVIC_EnableIRQ)
    HAL_NVIC_SetPriority                     0x08002181   Thumb Code   124  stm32f1xx_hal_cortex.o(i.HAL_NVIC_SetPriority)
    HAL_NVIC_SetPriorityGrouping             0x080021fd   Thumb Code    32  stm32f1xx_hal_cortex.o(i.HAL_NVIC_SetPriorityGrouping)
    HAL_RCC_ClockConfig                      0x08002225   Thumb Code   376  stm32f1xx_hal_rcc.o(i.HAL_RCC_ClockConfig)
    HAL_RCC_GetHCLKFreq                      0x080023b1   Thumb Code     6  stm32f1xx_hal_rcc.o(i.HAL_RCC_GetHCLKFreq)
    HAL_RCC_GetPCLK1Freq                     0x080023bd   Thumb Code    22  stm32f1xx_hal_rcc.o(i.HAL_RCC_GetPCLK1Freq)
    HAL_RCC_GetPCLK2Freq                     0x080023dd   Thumb Code    22  stm32f1xx_hal_rcc.o(i.HAL_RCC_GetPCLK2Freq)
    HAL_RCC_GetSysClockFreq                  0x080023fd   Thumb Code    92  stm32f1xx_hal_rcc.o(i.HAL_RCC_GetSysClockFreq)
    HAL_RCC_OscConfig                        0x0800246d   Thumb Code  1114  stm32f1xx_hal_rcc.o(i.HAL_RCC_OscConfig)
    HAL_SYSTICK_Config                       0x080028d1   Thumb Code    52  stm32f1xx_hal_cortex.o(i.HAL_SYSTICK_Config)
    HAL_TIMEx_BreakCallback                  0x08002905   Thumb Code     2  stm32f1xx_hal_tim_ex.o(i.HAL_TIMEx_BreakCallback)
    HAL_TIMEx_CommutCallback                 0x08002907   Thumb Code     2  stm32f1xx_hal_tim_ex.o(i.HAL_TIMEx_CommutCallback)
    HAL_TIMEx_MasterConfigSynchronization    0x08002909   Thumb Code   134  stm32f1xx_hal_tim_ex.o(i.HAL_TIMEx_MasterConfigSynchronization)
    HAL_TIM_Base_Init                        0x080029a5   Thumb Code   102  stm32f1xx_hal_tim.o(i.HAL_TIM_Base_Init)
    HAL_TIM_Base_MspInit                     0x08002a0d   Thumb Code   148  tim.o(i.HAL_TIM_Base_MspInit)
    HAL_TIM_Base_Start_IT                    0x08002ab1   Thumb Code   122  stm32f1xx_hal_tim.o(i.HAL_TIM_Base_Start_IT)
    HAL_TIM_ConfigClockSource                0x08002b41   Thumb Code   268  stm32f1xx_hal_tim.o(i.HAL_TIM_ConfigClockSource)
    HAL_TIM_Encoder_Init                     0x08002c4d   Thumb Code   196  stm32f1xx_hal_tim.o(i.HAL_TIM_Encoder_Init)
    HAL_TIM_Encoder_MspInit                  0x08002d11   Thumb Code   202  tim.o(i.HAL_TIM_Encoder_MspInit)
    HAL_TIM_Encoder_Start                    0x08002df5   Thumb Code   204  stm32f1xx_hal_tim.o(i.HAL_TIM_Encoder_Start)
    HAL_TIM_IC_CaptureCallback               0x08002ec1   Thumb Code     2  stm32f1xx_hal_tim.o(i.HAL_TIM_IC_CaptureCallback)
    HAL_TIM_IRQHandler                       0x08002ec3   Thumb Code   406  stm32f1xx_hal_tim.o(i.HAL_TIM_IRQHandler)
    HAL_TIM_MspPostInit                      0x08003059   Thumb Code    76  tim.o(i.HAL_TIM_MspPostInit)
    HAL_TIM_OC_DelayElapsedCallback          0x080030b1   Thumb Code     2  stm32f1xx_hal_tim.o(i.HAL_TIM_OC_DelayElapsedCallback)
    HAL_TIM_PWM_ConfigChannel                0x080030b3   Thumb Code   260  stm32f1xx_hal_tim.o(i.HAL_TIM_PWM_ConfigChannel)
    HAL_TIM_PWM_Init                         0x080031b7   Thumb Code   102  stm32f1xx_hal_tim.o(i.HAL_TIM_PWM_Init)
    HAL_TIM_PWM_MspInit                      0x0800321d   Thumb Code     2  stm32f1xx_hal_tim.o(i.HAL_TIM_PWM_MspInit)
    HAL_TIM_PWM_PulseFinishedCallback        0x0800321f   Thumb Code     2  stm32f1xx_hal_tim.o(i.HAL_TIM_PWM_PulseFinishedCallback)
    HAL_TIM_PWM_Start                        0x08003221   Thumb Code   222  stm32f1xx_hal_tim.o(i.HAL_TIM_PWM_Start)
    HAL_TIM_PeriodElapsedCallback            0x08003315   Thumb Code   496  control.o(i.HAL_TIM_PeriodElapsedCallback)
    HAL_TIM_TriggerCallback                  0x08003579   Thumb Code     2  stm32f1xx_hal_tim.o(i.HAL_TIM_TriggerCallback)
    HAL_UARTEx_ReceiveToIdle_DMA             0x0800357b   Thumb Code   114  stm32f1xx_hal_uart.o(i.HAL_UARTEx_ReceiveToIdle_DMA)
    HAL_UARTEx_RxEventCallback               0x080035ed   Thumb Code   222  receive.o(i.HAL_UARTEx_RxEventCallback)
    HAL_UART_ErrorCallback                   0x080036f5   Thumb Code     2  stm32f1xx_hal_uart.o(i.HAL_UART_ErrorCallback)
    HAL_UART_IRQHandler                      0x080036f9   Thumb Code   736  stm32f1xx_hal_uart.o(i.HAL_UART_IRQHandler)
    HAL_UART_Init                            0x080039dd   Thumb Code   118  stm32f1xx_hal_uart.o(i.HAL_UART_Init)
    HAL_UART_MspInit                         0x08003a55   Thumb Code   188  usart.o(i.HAL_UART_MspInit)
    HAL_UART_RxCpltCallback                  0x08003b25   Thumb Code     2  stm32f1xx_hal_uart.o(i.HAL_UART_RxCpltCallback)
    HAL_UART_RxHalfCpltCallback              0x08003b27   Thumb Code     2  stm32f1xx_hal_uart.o(i.HAL_UART_RxHalfCpltCallback)
    HAL_UART_TxCpltCallback                  0x08003b29   Thumb Code     2  stm32f1xx_hal_uart.o(i.HAL_UART_TxCpltCallback)
    HardFault_Handler                        0x08003b2b   Thumb Code     4  stm32f1xx_it.o(i.HardFault_Handler)
    MX_DMA_Init                              0x08003b31   Thumb Code    48  dma.o(i.MX_DMA_Init)
    MX_GPIO_Init                             0x08003b65   Thumb Code   226  gpio.o(i.MX_GPIO_Init)
    MX_TIM3_Init                             0x08003c59   Thumb Code   120  tim.o(i.MX_TIM3_Init)
    MX_TIM4_Init                             0x08003cd9   Thumb Code   172  tim.o(i.MX_TIM4_Init)
    MX_TIM6_Init                             0x08003d8d   Thumb Code    68  tim.o(i.MX_TIM6_Init)
    MX_TIM7_Init                             0x08003dd9   Thumb Code    66  tim.o(i.MX_TIM7_Init)
    MX_TIM8_Init                             0x08003e25   Thumb Code   122  tim.o(i.MX_TIM8_Init)
    MX_USART1_UART_Init                      0x08003ea9   Thumb Code    46  usart.o(i.MX_USART1_UART_Init)
    MemManage_Handler                        0x08003ee1   Thumb Code     4  stm32f1xx_it.o(i.MemManage_Handler)
    Motor_DirSet                             0x08003ee5   Thumb Code   194  motor.o(i.Motor_DirSet)
    Motor_DutySet                            0x08003fb9   Thumb Code    34  motor.o(i.Motor_DutySet)
    Motor_Enable                             0x08003fe9   Thumb Code    96  motor.o(i.Motor_Enable)
    Motor_Output                             0x0800405d   Thumb Code   104  motor.o(i.Motor_Output)
    NMI_Handler                              0x080040c5   Thumb Code     4  stm32f1xx_it.o(i.NMI_Handler)
    PendSV_Handler                           0x080040c9   Thumb Code     2  stm32f1xx_it.o(i.PendSV_Handler)
    Receive_BufInit                          0x080040f5   Thumb Code    64  receive.o(i.Receive_BufInit)
    Receive_FindFirstVaildString             0x08004155   Thumb Code   404  receive.o(i.Receive_FindFirstVaildString)
    SVC_Handler                              0x08004331   Thumb Code     2  stm32f1xx_it.o(i.SVC_Handler)
    SysTick_Handler                          0x08004335   Thumb Code    18  stm32f1xx_it.o(i.SysTick_Handler)
    SystemClock_Config                       0x0800434d   Thumb Code   102  main.o(i.SystemClock_Config)
    SystemInit                               0x080043b3   Thumb Code     2  system_stm32f1xx_1.o(i.SystemInit)
    TIM6_IRQHandler                          0x080043b5   Thumb Code    10  stm32f1xx_it.o(i.TIM6_IRQHandler)
    TIM7_IRQHandler                          0x080043c5   Thumb Code    10  stm32f1xx_it.o(i.TIM7_IRQHandler)
    TIM_Base_SetConfig                       0x080043d5   Thumb Code   134  stm32f1xx_hal_tim.o(i.TIM_Base_SetConfig)
    TIM_CCxChannelCmd                        0x08004471   Thumb Code    34  stm32f1xx_hal_tim.o(i.TIM_CCxChannelCmd)
    TIM_ETR_SetConfig                        0x08004493   Thumb Code    22  stm32f1xx_hal_tim.o(i.TIM_ETR_SetConfig)
    TIM_OC2_SetConfig                        0x0800452d   Thumb Code   114  stm32f1xx_hal_tim.o(i.TIM_OC2_SetConfig)
    UART_Start_Receive_DMA                   0x08004aa9   Thumb Code   186  stm32f1xx_hal_uart.o(i.UART_Start_Receive_DMA)
    USART1_IRQHandler                        0x08004bd1   Thumb Code    10  stm32f1xx_it.o(i.USART1_IRQHandler)
    UsageFault_Handler                       0x08004be1   Thumb Code     4  stm32f1xx_it.o(i.UsageFault_Handler)
    __0printf                                0x08004be5   Thumb Code    22  printfa.o(i.__0printf)
    __1printf                                0x08004be5   Thumb Code     0  printfa.o(i.__0printf)
    __2printf                                0x08004be5   Thumb Code     0  printfa.o(i.__0printf)
    __c89printf                              0x08004be5   Thumb Code     0  printfa.o(i.__0printf)
    printf                                   0x08004be5   Thumb Code     0  printfa.o(i.__0printf)
    __scatterload_copy                       0x08004c3d   Thumb Code    14  handlers.o(i.__scatterload_copy)
    __scatterload_null                       0x08004c4b   Thumb Code     2  handlers.o(i.__scatterload_null)
    __scatterload_zeroinit                   0x08004c4d   Thumb Code    14  handlers.o(i.__scatterload_zeroinit)
    _is_digit                                0x08004de1   Thumb Code    14  scanf_fp.o(i._is_digit)
    fputc                                    0x08005931   Thumb Code    24  usart.o(i.fputc)
    main                                     0x0800594d   Thumb Code   116  main.o(i.main)
    pid_calculate                            0x080059d1   Thumb Code   272  pid.o(i.pid_calculate)
    pid_feedback                             0x08005ae1   Thumb Code   512  debug.o(i.pid_feedback)
    pid_set_P_I_D                            0x08005f3d   Thumb Code     8  pid.o(i.pid_set_P_I_D)
    pid_set_err_limit                        0x08005f45   Thumb Code     8  pid.o(i.pid_set_err_limit)
    pid_set_out_limit                        0x08005f4d   Thumb Code     6  pid.o(i.pid_set_out_limit)
    pid_set_target                           0x08005f53   Thumb Code     4  pid.o(i.pid_set_target)
    pid_struct_init                          0x08005f59   Thumb Code    76  pid.o(i.pid_struct_init)
    AHBPrescTable                            0x08005fbe   Data          16  system_stm32f1xx_1.o(.constdata)
    APBPrescTable                            0x08005fce   Data           8  system_stm32f1xx_1.o(.constdata)
    __ctype_categories                       0x08005fd6   Data          64  ctype_c.o(.constdata)
    Region$$Table$$Base                      0x080060c0   Number         0  anon$$obj.o(Region$$Table)
    Region$$Table$$Limit                     0x080060e0   Number         0  anon$$obj.o(Region$$Table)
    receive_time_ref                         0x20000000   Data           4  stm32f1xx_it.o(.data)
    uwTick                                   0x20000004   Data           4  stm32f1xx_hal.o(.data)
    uwTickPrio                               0x20000008   Data           4  stm32f1xx_hal.o(.data)
    uwTickFreq                               0x2000000c   Data           1  stm32f1xx_hal.o(.data)
    SystemCoreClock                          0x20000010   Data           4  system_stm32f1xx_1.o(.data)
    is_UART_working                          0x20000048   Data           1  debug.o(.data)
    motor_received                           0x20000054   Data           8  debug.o(.data)
    check_char_received                      0x2000005c   Data           5  debug.o(.data)
    encoder_motor1_pulsenum_sum              0x20000064   Data           4  encoder.o(.data)
    encoder_motor2_pulsenum_sum              0x20000068   Data           4  encoder.o(.data)
    encoder_motor1_pulsenum                  0x2000006c   Data           2  encoder.o(.data)
    encoder_motor2_pulsenum                  0x2000006e   Data           2  encoder.o(.data)
    is_motor1_en                             0x20000070   Data           1  motor.o(.data)
    is_motor2_en                             0x20000071   Data           1  motor.o(.data)
    oldPos                                   0x20000078   Data           2  receive.o(.data)
    newPos                                   0x2000007a   Data           2  receive.o(.data)
    head                                     0x2000007c   Data           2  receive.o(.data)
    tail                                     0x2000007e   Data           2  receive.o(.data)
    is_data_available                        0x20000080   Data           1  receive.o(.data)
    is_data_overwritten                      0x20000081   Data           1  receive.o(.data)
    __stdout                                 0x20000084   Data           4  stdout.o(.data)
    htim3                                    0x20000088   Data          72  tim.o(.bss)
    htim4                                    0x200000d0   Data          72  tim.o(.bss)
    htim6                                    0x20000118   Data          72  tim.o(.bss)
    htim7                                    0x20000160   Data          72  tim.o(.bss)
    htim8                                    0x200001a8   Data          72  tim.o(.bss)
    huart1                                   0x200001f0   Data          72  usart.o(.bss)
    hdma_usart1_rx                           0x20000238   Data          68  usart.o(.bss)
    pids                                     0x2000027c   Data         304  control.o(.bss)
    pid_contorller_received                  0x2000042c   Data          10  debug.o(.bss)
    pid_value_type_received                  0x20000436   Data          11  debug.o(.bss)
    current_pids                             0x20000444   Data         108  debug.o(.bss)
    RxBuf                                    0x200004c0   Data          64  receive.o(.bss)
    MainBuf                                  0x20000500   Data         128  receive.o(.bss)
    __initial_sp                             0x20000980   Data           0  startup_stm32f103xe.o(STACK)



==============================================================================

Memory Map of the image

  Image Entry point : 0x08000131

  Load Region LR_IROM1 (Base: 0x08000000, Size: 0x00006168, Max: 0x00080000, ABSOLUTE)

    Execution Region ER_IROM1 (Exec base: 0x08000000, Load base: 0x08000000, Size: 0x000060e0, Max: 0x00080000, ABSOLUTE)

    Exec Addr    Load Addr    Size         Type   Attr      Idx    E Section Name        Object

    0x08000000   0x08000000   0x00000130   Data   RO            3    RESET               startup_stm32f103xe.o
    0x08000130   0x08000130   0x00000000   Code   RO         3268  * .ARM.Collect$$$$00000000  mc_w.l(entry.o)
    0x08000130   0x08000130   0x00000004   Code   RO         3580    .ARM.Collect$$$$00000001  mc_w.l(entry2.o)
    0x08000134   0x08000134   0x00000004   Code   RO         3583    .ARM.Collect$$$$00000004  mc_w.l(entry5.o)
    0x08000138   0x08000138   0x00000000   Code   RO         3585    .ARM.Collect$$$$00000008  mc_w.l(entry7b.o)
    0x08000138   0x08000138   0x00000000   Code   RO         3587    .ARM.Collect$$$$0000000A  mc_w.l(entry8b.o)
    0x08000138   0x08000138   0x00000008   Code   RO         3588    .ARM.Collect$$$$0000000B  mc_w.l(entry9a.o)
    0x08000140   0x08000140   0x00000000   Code   RO         3590    .ARM.Collect$$$$0000000D  mc_w.l(entry10a.o)
    0x08000140   0x08000140   0x00000000   Code   RO         3592    .ARM.Collect$$$$0000000F  mc_w.l(entry11a.o)
    0x08000140   0x08000140   0x00000004   Code   RO         3581    .ARM.Collect$$$$00002712  mc_w.l(entry2.o)
    0x08000144   0x08000144   0x00000024   Code   RO            4    .text               startup_stm32f103xe.o
    0x08000168   0x08000168   0x00000020   Code   RO         3271    .text               mc_w.l(llushr.o)
    0x08000188   0x08000188   0x00000024   Code   RO         3273    .text               mc_w.l(memcpya.o)
    0x080001ac   0x080001ac   0x00000024   Code   RO         3275    .text               mc_w.l(memseta.o)
    0x080001d0   0x080001d0   0x00000014   Code   RO         3277    .text               mc_w.l(strchr.o)
    0x080001e4   0x080001e4   0x0000000e   Code   RO         3279    .text               mc_w.l(strlen.o)
    0x080001f2   0x080001f2   0x0000001e   Code   RO         3281    .text               mc_w.l(strncmp.o)
    0x08000210   0x08000210   0x00000038   Code   RO         3546    .text               mc_w.l(__0sscanf.o)
    0x08000248   0x08000248   0x000000e0   Code   RO         3548    .text               mc_w.l(_scanf_str.o)
    0x08000328   0x08000328   0x00000360   Code   RO         3550    .text               mc_w.l(scanf_fp.o)
    0x08000688   0x08000688   0x000000b0   Code   RO         3554    .text               mf_w.l(fadd.o)
    0x08000738   0x08000738   0x00000064   Code   RO         3556    .text               mf_w.l(fmul.o)
    0x0800079c   0x0800079c   0x0000007c   Code   RO         3558    .text               mf_w.l(fdiv.o)
    0x08000818   0x08000818   0x000000e4   Code   RO         3560    .text               mf_w.l(dmul.o)
    0x080008fc   0x080008fc   0x000000de   Code   RO         3562    .text               mf_w.l(ddiv.o)
    0x080009da   0x080009da   0x00000012   Code   RO         3564    .text               mf_w.l(fflti.o)
    0x080009ec   0x080009ec   0x00000032   Code   RO         3566    .text               mf_w.l(ffixi.o)
    0x08000a1e   0x08000a1e   0x00000026   Code   RO         3568    .text               mf_w.l(f2d.o)
    0x08000a44   0x08000a44   0x00000030   Code   RO         3570    .text               mf_w.l(cdcmple.o)
    0x08000a74   0x08000a74   0x00000030   Code   RO         3572    .text               mf_w.l(cdrcmple.o)
    0x08000aa4   0x08000aa4   0x00000038   Code   RO         3574    .text               mf_w.l(d2f.o)
    0x08000adc   0x08000adc   0x00000014   Code   RO         3576    .text               mf_w.l(cfcmple.o)
    0x08000af0   0x08000af0   0x00000014   Code   RO         3578    .text               mf_w.l(cfrcmple.o)
    0x08000b04   0x08000b04   0x0000002c   Code   RO         3595    .text               mc_w.l(uidiv.o)
    0x08000b30   0x08000b30   0x00000062   Code   RO         3597    .text               mc_w.l(uldiv.o)
    0x08000b92   0x08000b92   0x00000002   PAD
    0x08000b94   0x08000b94   0x00000028   Code   RO         3599    .text               mc_w.l(scanf_char.o)
    0x08000bbc   0x08000bbc   0x00000040   Code   RO         3601    .text               mc_w.l(_sgetc.o)
    0x08000bfc   0x08000bfc   0x00000000   Code   RO         3603    .text               mc_w.l(iusefp.o)
    0x08000bfc   0x08000bfc   0x0000006e   Code   RO         3604    .text               mf_w.l(fepilogue.o)
    0x08000c6a   0x08000c6a   0x000000ba   Code   RO         3606    .text               mf_w.l(depilogue.o)
    0x08000d24   0x08000d24   0x0000014e   Code   RO         3608    .text               mf_w.l(dadd.o)
    0x08000e72   0x08000e72   0x00000018   Code   RO         3610    .text               mf_w.l(dfltul.o)
    0x08000e8a   0x08000e8a   0x00000030   Code   RO         3612    .text               mf_w.l(dfixul.o)
    0x08000eba   0x08000eba   0x00000002   PAD
    0x08000ebc   0x08000ebc   0x00000024   Code   RO         3614    .text               mc_w.l(init.o)
    0x08000ee0   0x08000ee0   0x0000001e   Code   RO         3616    .text               mc_w.l(llshl.o)
    0x08000efe   0x08000efe   0x00000024   Code   RO         3618    .text               mc_w.l(llsshr.o)
    0x08000f22   0x08000f22   0x0000000a   Code   RO         3620    .text               mc_w.l(isspace_c.o)
    0x08000f2c   0x08000f2c   0x0000032c   Code   RO         3622    .text               mc_w.l(_scanf.o)
    0x08001258   0x08001258   0x00000028   Code   RO         3624    .text               mc_w.l(ctype_c.o)
    0x08001280   0x08001280   0x00000004   Code   RO          354    i.BusFault_Handler  stm32f1xx_it.o
    0x08001284   0x08001284   0x00000048   Code   RO         2922    i.Control_Location  control.o
    0x080012cc   0x080012cc   0x000000f4   Code   RO         2923    i.Control_LocationSpeed  control.o
    0x080013c0   0x080013c0   0x00000094   Code   RO         2924    i.Control_PID_Init  control.o
    0x08001454   0x08001454   0x0000002c   Code   RO         2925    i.Control_PIDs_Get  control.o
    0x08001480   0x08001480   0x00000048   Code   RO         2926    i.Control_Speed     control.o
    0x080014c8   0x080014c8   0x00000010   Code   RO          355    i.DMA1_Channel5_IRQHandler  stm32f1xx_it.o
    0x080014d8   0x080014d8   0x0000002c   Code   RO         1889    i.DMA_SetConfig     stm32f1xx_hal_dma.o
    0x08001504   0x08001504   0x00000002   Code   RO          356    i.DebugMon_Handler  stm32f1xx_it.o
    0x08001506   0x08001506   0x00000002   PAD
    0x08001508   0x08001508   0x000000d4   Code   RO         2994    i.Debug_SetPIDbasedonReceive  debug.o
    0x080015dc   0x080015dc   0x0000006c   Code   RO         3060    i.Encoder_PulseGet  encoder.o
    0x08001648   0x08001648   0x00000006   Code   RO           13    i.Error_Handler     main.o
    0x0800164e   0x0800164e   0x00000056   Code   RO         1890    i.HAL_DMA_Abort     stm32f1xx_hal_dma.o
    0x080016a4   0x080016a4   0x000001a8   Code   RO         1891    i.HAL_DMA_Abort_IT  stm32f1xx_hal_dma.o
    0x0800184c   0x0800184c   0x00000398   Code   RO         1895    i.HAL_DMA_IRQHandler  stm32f1xx_hal_dma.o
    0x08001be4   0x08001be4   0x0000008c   Code   RO         1896    i.HAL_DMA_Init      stm32f1xx_hal_dma.o
    0x08001c70   0x08001c70   0x0000009c   Code   RO         1900    i.HAL_DMA_Start_IT  stm32f1xx_hal_dma.o
    0x08001d0c   0x08001d0c   0x00000340   Code   RO         1826    i.HAL_GPIO_Init     stm32f1xx_hal_gpio.o
    0x0800204c   0x0800204c   0x00000014   Code   RO         1829    i.HAL_GPIO_TogglePin  stm32f1xx_hal_gpio.o
    0x08002060   0x08002060   0x0000000c   Code   RO         1830    i.HAL_GPIO_WritePin  stm32f1xx_hal_gpio.o
    0x0800206c   0x0800206c   0x0000000c   Code   RO         1515    i.HAL_GetTick       stm32f1xx_hal.o
    0x08002078   0x08002078   0x00000018   Code   RO         1521    i.HAL_IncTick       stm32f1xx_hal.o
    0x08002090   0x08002090   0x00000028   Code   RO         1522    i.HAL_Init          stm32f1xx_hal.o
    0x080020b8   0x080020b8   0x0000004c   Code   RO         1523    i.HAL_InitTick      stm32f1xx_hal.o
    0x08002104   0x08002104   0x0000005c   Code   RO          460    i.HAL_MspInit       stm32f1xx_hal_msp.o
    0x08002160   0x08002160   0x00000020   Code   RO         1986    i.HAL_NVIC_EnableIRQ  stm32f1xx_hal_cortex.o
    0x08002180   0x08002180   0x0000007c   Code   RO         1992    i.HAL_NVIC_SetPriority  stm32f1xx_hal_cortex.o
    0x080021fc   0x080021fc   0x00000028   Code   RO         1993    i.HAL_NVIC_SetPriorityGrouping  stm32f1xx_hal_cortex.o
    0x08002224   0x08002224   0x0000018c   Code   RO         1679    i.HAL_RCC_ClockConfig  stm32f1xx_hal_rcc.o
    0x080023b0   0x080023b0   0x0000000c   Code   RO         1684    i.HAL_RCC_GetHCLKFreq  stm32f1xx_hal_rcc.o
    0x080023bc   0x080023bc   0x00000020   Code   RO         1686    i.HAL_RCC_GetPCLK1Freq  stm32f1xx_hal_rcc.o
    0x080023dc   0x080023dc   0x00000020   Code   RO         1687    i.HAL_RCC_GetPCLK2Freq  stm32f1xx_hal_rcc.o
    0x080023fc   0x080023fc   0x00000070   Code   RO         1688    i.HAL_RCC_GetSysClockFreq  stm32f1xx_hal_rcc.o
    0x0800246c   0x0800246c   0x00000464   Code   RO         1691    i.HAL_RCC_OscConfig  stm32f1xx_hal_rcc.o
    0x080028d0   0x080028d0   0x00000034   Code   RO         1997    i.HAL_SYSTICK_Config  stm32f1xx_hal_cortex.o
    0x08002904   0x08002904   0x00000002   Code   RO         1237    i.HAL_TIMEx_BreakCallback  stm32f1xx_hal_tim_ex.o
    0x08002906   0x08002906   0x00000002   Code   RO         1238    i.HAL_TIMEx_CommutCallback  stm32f1xx_hal_tim_ex.o
    0x08002908   0x08002908   0x0000009c   Code   RO         1256    i.HAL_TIMEx_MasterConfigSynchronization  stm32f1xx_hal_tim_ex.o
    0x080029a4   0x080029a4   0x00000066   Code   RO          522    i.HAL_TIM_Base_Init  stm32f1xx_hal_tim.o
    0x08002a0a   0x08002a0a   0x00000002   PAD
    0x08002a0c   0x08002a0c   0x000000a4   Code   RO          219    i.HAL_TIM_Base_MspInit  tim.o
    0x08002ab0   0x08002ab0   0x00000090   Code   RO          527    i.HAL_TIM_Base_Start_IT  stm32f1xx_hal_tim.o
    0x08002b40   0x08002b40   0x0000010c   Code   RO          531    i.HAL_TIM_ConfigClockSource  stm32f1xx_hal_tim.o
    0x08002c4c   0x08002c4c   0x000000c4   Code   RO          543    i.HAL_TIM_Encoder_Init  stm32f1xx_hal_tim.o
    0x08002d10   0x08002d10   0x000000e4   Code   RO          221    i.HAL_TIM_Encoder_MspInit  tim.o
    0x08002df4   0x08002df4   0x000000cc   Code   RO          546    i.HAL_TIM_Encoder_Start  stm32f1xx_hal_tim.o
    0x08002ec0   0x08002ec0   0x00000002   Code   RO          556    i.HAL_TIM_IC_CaptureCallback  stm32f1xx_hal_tim.o
    0x08002ec2   0x08002ec2   0x00000196   Code   RO          570    i.HAL_TIM_IRQHandler  stm32f1xx_hal_tim.o
    0x08003058   0x08003058   0x00000058   Code   RO          222    i.HAL_TIM_MspPostInit  tim.o
    0x080030b0   0x080030b0   0x00000002   Code   RO          573    i.HAL_TIM_OC_DelayElapsedCallback  stm32f1xx_hal_tim.o
    0x080030b2   0x080030b2   0x00000104   Code   RO          594    i.HAL_TIM_PWM_ConfigChannel  stm32f1xx_hal_tim.o
    0x080031b6   0x080031b6   0x00000066   Code   RO          597    i.HAL_TIM_PWM_Init  stm32f1xx_hal_tim.o
    0x0800321c   0x0800321c   0x00000002   Code   RO          599    i.HAL_TIM_PWM_MspInit  stm32f1xx_hal_tim.o
    0x0800321e   0x0800321e   0x00000002   Code   RO          600    i.HAL_TIM_PWM_PulseFinishedCallback  stm32f1xx_hal_tim.o
    0x08003220   0x08003220   0x000000f4   Code   RO          602    i.HAL_TIM_PWM_Start  stm32f1xx_hal_tim.o
    0x08003314   0x08003314   0x00000264   Code   RO         2927    i.HAL_TIM_PeriodElapsedCallback  control.o
    0x08003578   0x08003578   0x00000002   Code   RO          613    i.HAL_TIM_TriggerCallback  stm32f1xx_hal_tim.o
    0x0800357a   0x0800357a   0x00000072   Code   RO         2522    i.HAL_UARTEx_ReceiveToIdle_DMA  stm32f1xx_hal_uart.o
    0x080035ec   0x080035ec   0x00000108   Code   RO         3217    i.HAL_UARTEx_RxEventCallback  receive.o
    0x080036f4   0x080036f4   0x00000002   Code   RO         2538    i.HAL_UART_ErrorCallback  stm32f1xx_hal_uart.o
    0x080036f6   0x080036f6   0x00000002   PAD
    0x080036f8   0x080036f8   0x000002e4   Code   RO         2541    i.HAL_UART_IRQHandler  stm32f1xx_hal_uart.o
    0x080039dc   0x080039dc   0x00000076   Code   RO         2542    i.HAL_UART_Init     stm32f1xx_hal_uart.o
    0x08003a52   0x08003a52   0x00000002   PAD
    0x08003a54   0x08003a54   0x000000d0   Code   RO          303    i.HAL_UART_MspInit  usart.o
    0x08003b24   0x08003b24   0x00000002   Code   RO         2548    i.HAL_UART_RxCpltCallback  stm32f1xx_hal_uart.o
    0x08003b26   0x08003b26   0x00000002   Code   RO         2549    i.HAL_UART_RxHalfCpltCallback  stm32f1xx_hal_uart.o
    0x08003b28   0x08003b28   0x00000002   Code   RO         2553    i.HAL_UART_TxCpltCallback  stm32f1xx_hal_uart.o
    0x08003b2a   0x08003b2a   0x00000004   Code   RO          357    i.HardFault_Handler  stm32f1xx_it.o
    0x08003b2e   0x08003b2e   0x00000002   PAD
    0x08003b30   0x08003b30   0x00000034   Code   RO          194    i.MX_DMA_Init       dma.o
    0x08003b64   0x08003b64   0x000000f4   Code   RO          170    i.MX_GPIO_Init      gpio.o
    0x08003c58   0x08003c58   0x00000080   Code   RO          223    i.MX_TIM3_Init      tim.o
    0x08003cd8   0x08003cd8   0x000000b4   Code   RO          224    i.MX_TIM4_Init      tim.o
    0x08003d8c   0x08003d8c   0x0000004c   Code   RO          225    i.MX_TIM6_Init      tim.o
    0x08003dd8   0x08003dd8   0x0000004c   Code   RO          226    i.MX_TIM7_Init      tim.o
    0x08003e24   0x08003e24   0x00000084   Code   RO          227    i.MX_TIM8_Init      tim.o
    0x08003ea8   0x08003ea8   0x00000038   Code   RO          304    i.MX_USART1_UART_Init  usart.o
    0x08003ee0   0x08003ee0   0x00000004   Code   RO          358    i.MemManage_Handler  stm32f1xx_it.o
    0x08003ee4   0x08003ee4   0x000000d4   Code   RO         3090    i.Motor_DirSet      motor.o
    0x08003fb8   0x08003fb8   0x00000030   Code   RO         3092    i.Motor_DutySet     motor.o
    0x08003fe8   0x08003fe8   0x00000074   Code   RO         3093    i.Motor_Enable      motor.o
    0x0800405c   0x0800405c   0x00000068   Code   RO         3094    i.Motor_Output      motor.o
    0x080040c4   0x080040c4   0x00000004   Code   RO          359    i.NMI_Handler       stm32f1xx_it.o
    0x080040c8   0x080040c8   0x00000002   Code   RO          360    i.PendSV_Handler    stm32f1xx_it.o
    0x080040ca   0x080040ca   0x00000002   PAD
    0x080040cc   0x080040cc   0x00000028   Code   RO         1692    i.RCC_Delay         stm32f1xx_hal_rcc.o
    0x080040f4   0x080040f4   0x00000060   Code   RO         3218    i.Receive_BufInit   receive.o
    0x08004154   0x08004154   0x000001a8   Code   RO         3220    i.Receive_FindFirstVaildString  receive.o
    0x080042fc   0x080042fc   0x00000034   Code   RO         3221    i.Receive_FlagReset  receive.o
    0x08004330   0x08004330   0x00000002   Code   RO          361    i.SVC_Handler       stm32f1xx_it.o
    0x08004332   0x08004332   0x00000002   PAD
    0x08004334   0x08004334   0x00000018   Code   RO          362    i.SysTick_Handler   stm32f1xx_it.o
    0x0800434c   0x0800434c   0x00000066   Code   RO           14    i.SystemClock_Config  main.o
    0x080043b2   0x080043b2   0x00000002   Code   RO         2886    i.SystemInit        system_stm32f1xx_1.o
    0x080043b4   0x080043b4   0x00000010   Code   RO          363    i.TIM6_IRQHandler   stm32f1xx_it.o
    0x080043c4   0x080043c4   0x00000010   Code   RO          364    i.TIM7_IRQHandler   stm32f1xx_it.o
    0x080043d4   0x080043d4   0x0000009c   Code   RO          615    i.TIM_Base_SetConfig  stm32f1xx_hal_tim.o
    0x08004470   0x08004470   0x00000022   Code   RO          616    i.TIM_CCxChannelCmd  stm32f1xx_hal_tim.o
    0x08004492   0x08004492   0x00000016   Code   RO          626    i.TIM_ETR_SetConfig  stm32f1xx_hal_tim.o
    0x080044a8   0x080044a8   0x00000012   Code   RO          627    i.TIM_ITRx_SetConfig  stm32f1xx_hal_tim.o
    0x080044ba   0x080044ba   0x00000002   PAD
    0x080044bc   0x080044bc   0x00000070   Code   RO          628    i.TIM_OC1_SetConfig  stm32f1xx_hal_tim.o
    0x0800452c   0x0800452c   0x0000007c   Code   RO          629    i.TIM_OC2_SetConfig  stm32f1xx_hal_tim.o
    0x080045a8   0x080045a8   0x00000078   Code   RO          630    i.TIM_OC3_SetConfig  stm32f1xx_hal_tim.o
    0x08004620   0x08004620   0x00000054   Code   RO          631    i.TIM_OC4_SetConfig  stm32f1xx_hal_tim.o
    0x08004674   0x08004674   0x00000026   Code   RO          633    i.TIM_TI1_ConfigInputStage  stm32f1xx_hal_tim.o
    0x0800469a   0x0800469a   0x00000028   Code   RO          635    i.TIM_TI2_ConfigInputStage  stm32f1xx_hal_tim.o
    0x080046c2   0x080046c2   0x00000014   Code   RO         2555    i.UART_DMAAbortOnError  stm32f1xx_hal_uart.o
    0x080046d6   0x080046d6   0x00000050   Code   RO         2556    i.UART_DMAError     stm32f1xx_hal_uart.o
    0x08004726   0x08004726   0x000000b4   Code   RO         2557    i.UART_DMAReceiveCplt  stm32f1xx_hal_uart.o
    0x080047da   0x080047da   0x00000024   Code   RO         2559    i.UART_DMARxHalfCplt  stm32f1xx_hal_uart.o
    0x080047fe   0x080047fe   0x0000006c   Code   RO         2565    i.UART_EndRxTransfer  stm32f1xx_hal_uart.o
    0x0800486a   0x0800486a   0x00000020   Code   RO         2566    i.UART_EndTransmit_IT  stm32f1xx_hal_uart.o
    0x0800488a   0x0800488a   0x00000026   Code   RO         2567    i.UART_EndTxTransfer  stm32f1xx_hal_uart.o
    0x080048b0   0x080048b0   0x000000fc   Code   RO         2568    i.UART_Receive_IT   stm32f1xx_hal_uart.o
    0x080049ac   0x080049ac   0x000000fc   Code   RO         2569    i.UART_SetConfig    stm32f1xx_hal_uart.o
    0x08004aa8   0x08004aa8   0x000000c8   Code   RO         2570    i.UART_Start_Receive_DMA  stm32f1xx_hal_uart.o
    0x08004b70   0x08004b70   0x00000060   Code   RO         2572    i.UART_Transmit_IT  stm32f1xx_hal_uart.o
    0x08004bd0   0x08004bd0   0x00000010   Code   RO          365    i.USART1_IRQHandler  stm32f1xx_it.o
    0x08004be0   0x08004be0   0x00000004   Code   RO          366    i.UsageFault_Handler  stm32f1xx_it.o
    0x08004be4   0x08004be4   0x00000020   Code   RO         3518    i.__0printf         mc_w.l(printfa.o)
    0x08004c04   0x08004c04   0x00000010   Code   RO         1999    i.__NVIC_GetPriorityGrouping  stm32f1xx_hal_cortex.o
    0x08004c14   0x08004c14   0x00000028   Code   RO         2000    i.__NVIC_SetPriority  stm32f1xx_hal_cortex.o
    0x08004c3c   0x08004c3c   0x0000000e   Code   RO         3629    i.__scatterload_copy  mc_w.l(handlers.o)
    0x08004c4a   0x08004c4a   0x00000002   Code   RO         3630    i.__scatterload_null  mc_w.l(handlers.o)
    0x08004c4c   0x08004c4c   0x0000000e   Code   RO         3631    i.__scatterload_zeroinit  mc_w.l(handlers.o)
    0x08004c5a   0x08004c5a   0x00000002   PAD
    0x08004c5c   0x08004c5c   0x00000184   Code   RO         3525    i._fp_digits        mc_w.l(printfa.o)
    0x08004de0   0x08004de0   0x0000000e   Code   RO         3552    i._is_digit         mc_w.l(scanf_fp.o)
    0x08004dee   0x08004dee   0x00000002   PAD
    0x08004df0   0x08004df0   0x000006dc   Code   RO         3526    i._printf_core      mc_w.l(printfa.o)
    0x080054cc   0x080054cc   0x00000024   Code   RO         3527    i._printf_post_padding  mc_w.l(printfa.o)
    0x080054f0   0x080054f0   0x0000002e   Code   RO         3528    i._printf_pre_padding  mc_w.l(printfa.o)
    0x0800551e   0x0800551e   0x00000028   Code   RO         3144    i.abs_limit         pid.o
    0x08005546   0x08005546   0x00000002   PAD
    0x08005548   0x08005548   0x000001e8   Code   RO         2995    i.cmd_feedback      debug.o
    0x08005730   0x08005730   0x00000200   Code   RO         2996    i.cmd_information_find  debug.o
    0x08005930   0x08005930   0x0000001c   Code   RO          305    i.fputc             usart.o
    0x0800594c   0x0800594c   0x00000084   Code   RO           15    i.main              main.o
    0x080059d0   0x080059d0   0x00000110   Code   RO         3145    i.pid_calculate     pid.o
    0x08005ae0   0x08005ae0   0x0000037c   Code   RO         2997    i.pid_feedback      debug.o
    0x08005e5c   0x08005e5c   0x00000026   Code   RO         2928    i.pid_get           control.o
    0x08005e82   0x08005e82   0x0000001c   Code   RO         3146    i.pid_param_init    pid.o
    0x08005e9e   0x08005e9e   0x00000014   Code   RO         3147    i.pid_reset         pid.o
    0x08005eb2   0x08005eb2   0x00000002   PAD
    0x08005eb4   0x08005eb4   0x00000088   Code   RO         2998    i.pid_set           debug.o
    0x08005f3c   0x08005f3c   0x00000008   Code   RO         3148    i.pid_set_P_I_D     pid.o
    0x08005f44   0x08005f44   0x00000008   Code   RO         3149    i.pid_set_err_limit  pid.o
    0x08005f4c   0x08005f4c   0x00000006   Code   RO         3150    i.pid_set_out_limit  pid.o
    0x08005f52   0x08005f52   0x00000004   Code   RO         3151    i.pid_set_target    pid.o
    0x08005f56   0x08005f56   0x00000002   PAD
    0x08005f58   0x08005f58   0x00000054   Code   RO         3152    i.pid_struct_init   pid.o
    0x08005fac   0x08005fac   0x00000012   Data   RO         1693    .constdata          stm32f1xx_hal_rcc.o
    0x08005fbe   0x08005fbe   0x00000018   Data   RO         2887    .constdata          system_stm32f1xx_1.o
    0x08005fd6   0x08005fd6   0x00000040   Data   RO         3625    .constdata          mc_w.l(ctype_c.o)
    0x08006016   0x08006016   0x00000002   PAD
    0x08006018   0x08006018   0x00000044   Data   RO         2930    .conststring        control.o
    0x0800605c   0x0800605c   0x00000063   Data   RO         3000    .conststring        debug.o
    0x080060bf   0x080060bf   0x00000001   PAD
    0x080060c0   0x080060c0   0x00000020   Data   RO         3627    Region$$Table       anon$$obj.o


    Execution Region RW_IRAM1 (Exec base: 0x20000000, Load base: 0x080060e0, Size: 0x00000980, Max: 0x00010000, ABSOLUTE)

    Exec Addr    Load Addr    Size         Type   Attr      Idx    E Section Name        Object

    0x20000000   0x080060e0   0x00000004   Data   RW          367    .data               stm32f1xx_it.o
    0x20000004   0x080060e4   0x00000009   Data   RW         1529    .data               stm32f1xx_hal.o
    0x2000000d   0x080060ed   0x00000003   PAD
    0x20000010   0x080060f0   0x00000004   Data   RW         2888    .data               system_stm32f1xx_1.o
    0x20000014   0x080060f4   0x00000031   Data   RW         2931    .data               control.o
    0x20000045   0x08006125   0x00000003   PAD
    0x20000048   0x08006128   0x00000019   Data   RW         3001    .data               debug.o
    0x20000061   0x08006141   0x00000003   PAD
    0x20000064   0x08006144   0x0000000c   Data   RW         3061    .data               encoder.o
    0x20000070   0x08006150   0x00000008   Data   RW         3095    .data               motor.o
    0x20000078   0x08006158   0x0000000a   Data   RW         3223    .data               receive.o
    0x20000082   0x08006162   0x00000002   PAD
    0x20000084   0x08006164   0x00000004   Data   RW         3594    .data               mc_w.l(stdout.o)
    0x20000088        -       0x00000168   Zero   RW          228    .bss                tim.o
    0x200001f0        -       0x0000008c   Zero   RW          306    .bss                usart.o
    0x2000027c        -       0x00000130   Zero   RW         2929    .bss                control.o
    0x200003ac        -       0x00000114   Zero   RW         2999    .bss                debug.o
    0x200004c0        -       0x000000c0   Zero   RW         3222    .bss                receive.o
    0x20000580        -       0x00000400   Zero   RW            1    STACK               startup_stm32f103xe.o


==============================================================================

Image component sizes


      Code (inc. data)   RO Data    RW Data    ZI Data      Debug   Object Name

      1230        254         68         49        304       6381   control.o
      2240        806         99         25        276       5030   debug.o
        52          4          0          0          0        882   dma.o
       108         24          0         12          0       1073   encoder.o
       244         18          0          0          0       1123   gpio.o
       240         16          0          0          0     492414   main.o
       480         52          0          8          0       4897   motor.o
       470          8          0          0          0       6799   pid.o
       836        118          0         10        192       4452   receive.o
        36          8        304          0       1024        872   startup_stm32f103xe.o
       152         32          0          9          0       6377   stm32f1xx_hal.o
       304         22          0          0          0      29907   stm32f1xx_hal_cortex.o
      1770         28          0          0          0       5774   stm32f1xx_hal_dma.o
       864         40          0          0          0       3585   stm32f1xx_hal_gpio.o
        92         10          0          0          0       1034   stm32f1xx_hal_msp.o
      1748         98         18          0          0       6528   stm32f1xx_hal_rcc.o
      2684        102          0          0          0      19447   stm32f1xx_hal_tim.o
       160         22          0          0          0       2717   stm32f1xx_hal_tim_ex.o
      2274         22          0          0          0      14901   stm32f1xx_hal_uart.o
       114         30          0          4          0       7024   stm32f1xx_it.o
         2          0         24          4          0       1331   system_stm32f1xx_1.o
      1072         98          0          0        360       6334   tim.o
       292         34          0          0        140       3945   usart.o

    ----------------------------------------------------------------------
     17486       1846        546        132       2296     632827   Object Totals
         0          0         32          0          0          0   (incl. Generated)
        22          0          1         11          0          0   (incl. Padding)

    ----------------------------------------------------------------------

      Code (inc. data)   RO Data    RW Data    ZI Data      Debug   Library Member Name

        56          8          0          0          0         84   __0sscanf.o
       812          4          0          0          0        112   _scanf.o
       224          0          0          0          0         96   _scanf_str.o
        64          0          0          0          0         84   _sgetc.o
        40          6         64          0          0         68   ctype_c.o
         0          0          0          0          0          0   entry.o
         0          0          0          0          0          0   entry10a.o
         0          0          0          0          0          0   entry11a.o
         8          4          0          0          0          0   entry2.o
         4          0          0          0          0          0   entry5.o
         0          0          0          0          0          0   entry7b.o
         0          0          0          0          0          0   entry8b.o
         8          4          0          0          0          0   entry9a.o
        30          0          0          0          0          0   handlers.o
        36          8          0          0          0         68   init.o
        10          0          0          0          0         68   isspace_c.o
         0          0          0          0          0          0   iusefp.o
        30          0          0          0          0         68   llshl.o
        36          0          0          0          0         68   llsshr.o
        32          0          0          0          0         68   llushr.o
        36          0          0          0          0         68   memcpya.o
        36          0          0          0          0        108   memseta.o
      2258         90          0          0          0        452   printfa.o
        40          8          0          0          0         84   scanf_char.o
       878         12          0          0          0        216   scanf_fp.o
         0          0          0          4          0          0   stdout.o
        20          0          0          0          0         68   strchr.o
        14          0          0          0          0         68   strlen.o
        30          0          0          0          0         80   strncmp.o
        44          0          0          0          0         80   uidiv.o
        98          0          0          0          0         92   uldiv.o
        48          0          0          0          0         68   cdcmple.o
        48          0          0          0          0         68   cdrcmple.o
        20          0          0          0          0         68   cfcmple.o
        20          0          0          0          0         68   cfrcmple.o
        56          0          0          0          0         88   d2f.o
       334          0          0          0          0        148   dadd.o
       222          0          0          0          0        100   ddiv.o
       186          0          0          0          0        176   depilogue.o
        48          0          0          0          0         68   dfixul.o
        24          0          0          0          0         76   dfltul.o
       228          0          0          0          0         96   dmul.o
        38          0          0          0          0         68   f2d.o
       176          0          0          0          0        140   fadd.o
       124          0          0          0          0         88   fdiv.o
       110          0          0          0          0        168   fepilogue.o
        50          0          0          0          0         68   ffixi.o
        18          0          0          0          0         68   fflti.o
       100          0          0          0          0         76   fmul.o

    ----------------------------------------------------------------------
      6702        144         66          4          0       3800   Library Totals
         8          0          2          0          0          0   (incl. Padding)

    ----------------------------------------------------------------------

      Code (inc. data)   RO Data    RW Data    ZI Data      Debug   Library Name

      4844        144         64          4          0       2100   mc_w.l
      1850          0          0          0          0       1700   mf_w.l

    ----------------------------------------------------------------------
      6702        144         66          4          0       3800   Library Totals

    ----------------------------------------------------------------------

==============================================================================


      Code (inc. data)   RO Data    RW Data    ZI Data      Debug   

     24188       1990        612        136       2296     628043   Grand Totals
     24188       1990        612        136       2296     628043   ELF Image Totals
     24188       1990        612        136          0          0   ROM Totals

==============================================================================

    Total RO  Size (Code + RO Data)                24800 (  24.22kB)
    Total RW  Size (RW Data + ZI Data)              2432 (   2.38kB)
    Total ROM Size (Code + RO Data + RW Data)      24936 (  24.35kB)

==============================================================================

